Archive member included because of file (symbol)

/user/5/raymond/mdl2lus2osek/current/nxtOSEK/ecrobot/libecrobot.a(ecrobot_interface.o)
                              ./build/controleur_glue.o (ecrobot_set_light_sensor_active)
/user/5/raymond/mdl2lus2osek/current/nxtOSEK/ecrobot/libecrobot.a(osek_hook.o)
                              ./build/osctl.o (StartupHook)
/user/5/raymond/mdl2lus2osek/current/nxtOSEK/ecrobot/libecrobot.a(uart.oram)
                              ./build/irq.oram (uart_isr_C_0)
/user/5/raymond/mdl2lus2osek/current/nxtOSEK/ecrobot/libecrobot.a(systick.oram)
                              ./build/hw_sys_timer.oram (systick_low_priority_C)
/user/5/raymond/mdl2lus2osek/current/nxtOSEK/ecrobot/libecrobot.a(byte_fifo.oram)
                              /user/5/raymond/mdl2lus2osek/current/nxtOSEK/ecrobot/libecrobot.a(uart.oram) (byte_fifo_put)
/user/5/raymond/mdl2lus2osek/current/nxtOSEK/ecrobot/libecrobot.a(aic.oram)
                              /user/5/raymond/mdl2lus2osek/current/nxtOSEK/ecrobot/libecrobot.a(uart.oram) (aic_set_vector)
/user/5/raymond/mdl2lus2osek/current/nxtOSEK/ecrobot/libecrobot.a(udp.oram)
                              ./build/irq.oram (udp_isr_C)
/user/5/raymond/mdl2lus2osek/current/nxtOSEK/ecrobot/libecrobot.a(twi.oram)
                              ./build/irq.oram (twi_isr_C)
/user/5/raymond/mdl2lus2osek/current/nxtOSEK/ecrobot/libecrobot.a(nxt_spi.oram)
                              ./build/irq.oram (spi_isr_C)
/user/5/raymond/mdl2lus2osek/current/nxtOSEK/ecrobot/libecrobot.a(nxt_motors.oram)
                              /user/5/raymond/mdl2lus2osek/current/nxtOSEK/ecrobot/libecrobot.a(ecrobot_interface.o) (nxt_motor_get_count)
/user/5/raymond/mdl2lus2osek/current/nxtOSEK/ecrobot/libecrobot.a(data_abort.oram)
                              ./build/ecrobot_init.o (data_abort_C)
/user/5/raymond/mdl2lus2osek/current/nxtOSEK/ecrobot/libecrobot.a(display.oram)
                              ./build/ecrobot_base.o (display_update)
/user/5/raymond/mdl2lus2osek/current/nxtOSEK/ecrobot/libecrobot.a(i2c.oram)
                              ./build/irq.oram (i2c_timer_isr_C)
/user/5/raymond/mdl2lus2osek/current/nxtOSEK/ecrobot/libecrobot.a(sound.oram)
                              /user/5/raymond/mdl2lus2osek/current/nxtOSEK/ecrobot/libecrobot.a(ecrobot_interface.o) (sound_get_time)
/user/5/raymond/mdl2lus2osek/current/nxtOSEK/ecrobot/libecrobot.a(bt.oram)
                              ./build/ecrobot_bluetooth.o (bt_send)
/user/5/raymond/mdl2lus2osek/current/nxtOSEK/ecrobot/libecrobot.a(nxt_avr.oram)
                              ./build/ecrobot_base.o (nxt_avr_power_down)
/user/5/raymond/mdl2lus2osek/current/nxtOSEK/ecrobot/libecrobot.a(sensors.oram)
                              /user/5/raymond/mdl2lus2osek/current/nxtOSEK/ecrobot/libecrobot.a(ecrobot_interface.o) (unset_digi0)
/user/5/raymond/mdl2lus2osek/current/nxtOSEK/ecrobot/libecrobot.a(nxt_lcd.oram)
                              /user/5/raymond/mdl2lus2osek/current/nxtOSEK/ecrobot/libecrobot.a(display.oram) (nxt_lcd_force_update)
/user/5/raymond/mdl2lus2osek/current/nxtOSEK/ecrobot/libecrobot.a(flash_loader.oram)
                              ./build/ecrobot.o (set_flash_request)
/user/5/raymond/mdl2lus2osek/current/nxtOSEK/ecrobot/libecrobot.a(interrupts.oram)
                              /user/5/raymond/mdl2lus2osek/current/nxtOSEK/ecrobot/libecrobot.a(uart.oram) (interrupts_get_and_disable)
/user/5/raymond/mdl2lus2osek/current/nxtOSEK/ecrobot/libecrobot.a(nxtosek_splash.obmp)
                              ./build/ecrobot_base.o (nxtosek_splash_bmp_start)
/user/5/raymond/mdl2lus2osek/current/nxtOSEK/ecrobot/libecrobot.a(ecrobot_usb.o)
                              /user/5/raymond/mdl2lus2osek/current/nxtOSEK/ecrobot/libecrobot.a(flash_loader.oram) (ecrobot_init_usb)
/user/5/raymond/mdl2lus2osek/current/nxtOSEK/ecrobot/libecrobot.a(flashprog.oram)
                              /user/5/raymond/mdl2lus2osek/current/nxtOSEK/ecrobot/libecrobot.a(flash_loader.oram) (flash_write_page)
/user/5/.base/raymond/home/mdl2lus2osek/gnu-arm/4.4.2.nxt.x86_64.2013/bin/../lib/gcc/arm-elf/4.4.2/thumb/interwork/libgcc.a(_udivsi3.o)
                              ./build/ecrobot_base.o (__udivsi3)
/user/5/.base/raymond/home/mdl2lus2osek/gnu-arm/4.4.2.nxt.x86_64.2013/bin/../lib/gcc/arm-elf/4.4.2/thumb/interwork/libgcc.a(_divsi3.o)
                              ./build/controleur_glue.o (__divsi3)
/user/5/.base/raymond/home/mdl2lus2osek/gnu-arm/4.4.2.nxt.x86_64.2013/bin/../lib/gcc/arm-elf/4.4.2/thumb/interwork/libgcc.a(_umodsi3.o)
                              /user/5/raymond/mdl2lus2osek/current/nxtOSEK/ecrobot/libecrobot.a(display.oram) (__umodsi3)
/user/5/.base/raymond/home/mdl2lus2osek/gnu-arm/4.4.2.nxt.x86_64.2013/bin/../lib/gcc/arm-elf/4.4.2/thumb/interwork/libgcc.a(_modsi3.o)
                              /user/5/raymond/mdl2lus2osek/current/nxtOSEK/ecrobot/libecrobot.a(sound.oram) (__modsi3)
[...]
Memory Configuration

Name             Origin             Length             Attributes
rom              0x0000000000108000 0x0000000000038000
vector_ram       0x0000000000200000 0x0000000000000040
ram              0x0000000000200040 0x000000000000ffc0
*default*        0x0000000000000000 0xffffffffffffffff

Linker script and memory map

LOAD ./build/alarm.o
LOAD ./build/event.o
LOAD ./build/interrupt.o
LOAD ./build/osctl.o
LOAD ./build/resource.o
LOAD ./build/task.o
LOAD ./build/task_manage.o
LOAD ./build/cpu_config.o
LOAD ./build/sys_config.o
LOAD ./build/kernel_cfg.o
LOAD ./build/syscalls.o
LOAD ./build/ecrobot_bluetooth.o
LOAD ./build/ecrobot_base.o
LOAD ./build/ecrobot.o
LOAD ./build/Planificateur.o
LOAD ./build/Regulateur.o
LOAD ./build/controleur_glue.o
LOAD ./build/hw_sys_timer.oram
LOAD ./build/vectors.o
LOAD ./build/debug.o
LOAD ./build/sys_support.o
LOAD ./build/nxt_binary_header.o
LOAD ./build/nxt_entry_point.o
LOAD ./build/ecrobot_init.o
LOAD ./build/cpu_support.o
LOAD ./build/irq.oram
LOAD /user/5/raymond/mdl2lus2osek/current/nxtOSEK/c++/liblejososek.a
LOAD /user/5/raymond/mdl2lus2osek/current/nxtOSEK/ecrobot/libecrobot.a
LOAD /user/5/.base/raymond/home/mdl2lus2osek/gnu-arm/4.4.2.nxt.x86_64.2013/bin/../lib/gcc/arm-elf/4.4.2/../../../../arm-elf/lib/thumb/interwork/libstdc++.a
LOAD /user/5/.base/raymond/home/mdl2lus2osek/gnu-arm/4.4.2.nxt.x86_64.2013/bin/../lib/gcc/arm-elf/4.4.2/../../../../arm-elf/lib/thumb/interwork/libm.a
START GROUP
LOAD /user/5/.base/raymond/home/mdl2lus2osek/gnu-arm/4.4.2.nxt.x86_64.2013/bin/../lib/gcc/arm-elf/4.4.2/thumb/interwork/libgcc.a
LOAD /user/5/.base/raymond/home/mdl2lus2osek/gnu-arm/4.4.2.nxt.x86_64.2013/bin/../lib/gcc/arm-elf/4.4.2/../../../../arm-elf/lib/thumb/interwork/libc.a
END GROUP
                0x0000000000108000                ROM_BASE = 0x108000
                0x0000000000038000                ROM_SIZE = 0x38000
                0x0000000000200000                RAM_BASE = 0x200000
                0x0000000000010000                RAM_SIZE = 0x10000

.vectors        0x0000000000200000       0x40 load address 0x0000000000108000
 vectors.o(*.text *.text.*)
 .text          0x0000000000200000       0x38 ./build/vectors.o
                0x0000000000200040                . = ALIGN (0x10)
 *fill*         0x0000000000200038        0x8 00
                0x0000000000200000                __vectors_ram_start__ = ADDR (.vectors)
                0x0000000000200040                __vectors_ram_end__ = (ADDR (.vectors) + SIZEOF (.vectors))
                0x0000000000108000                __vectors_load_start__ = LOADADDR (.vectors)
                0x0000000000108040                __vectors_load_end__ = (LOADADDR (.vectors) + SIZEOF (.vectors))

.init           0x0000000000108040      0x280
 *ecrobot_init.o(*.text *.text.*)
 .text          0x0000000000108040      0x280 ./build/ecrobot_init.o
                0x0000000000108040                start
                0x00000000001081ac                undef_handler
                0x00000000001081b0                swi_handler
                0x00000000001081b4                prefetch_abort_handler
                0x00000000001081b8                data_abort_handler
                0x00000000001081d4                reserved_handler
                0x00000000001082c0                . = ALIGN (0x10)

.ram_text       0x0000000000200040     0x2f20 load address 0x00000000001082c0
                0x0000000000200040                . = ALIGN (0x10)
 *.oram(*.text *.text.* *.glue*)
 .text.systick_isr_C1
                0x0000000000200040       0x28 ./build/hw_sys_timer.oram
                0x0000000000200040                systick_isr_C1
 *fill*         0x0000000000200068        0x8 00
 .text          0x0000000000200070      0x2c0 ./build/irq.oram
                0x0000000000200070                default_isr
                0x0000000000200070                default_fiq
                0x0000000000200070                spurious_isr
                0x0000000000200074                systick_isr_entry
                0x00000000002000bc                systick_low_priority_entry
                0x00000000002000fc                udp_isr_entry
                0x000000000020013c                spi_isr_entry
                0x000000000020017c                twi_isr_entry
                0x00000000002001bc                sound_isr_entry
                0x00000000002001fc                uart_isr_entry_0
                0x000000000020023c                uart_isr_entry_1
                0x000000000020027c                nxt_motor_isr_entry
                0x00000000002002bc                i2c_timer_isr_entry
 .text.uart_process_isr
                0x0000000000200330       0x88 /user/5/raymond/mdl2lus2osek/current/nxtOSEK/ecrobot/libecrobot.a(uart.oram)
 .text.uart_isr_C_0
                0x00000000002003b8        0xc /user/5/raymond/mdl2lus2osek/current/nxtOSEK/ecrobot/libecrobot.a(uart.oram)
                0x00000000002003b8                uart_isr_C_0
 .text.uart_isr_C_1
                0x00000000002003c4        0xc /user/5/raymond/mdl2lus2osek/current/nxtOSEK/ecrobot/libecrobot.a(uart.oram)
                0x00000000002003c4                uart_isr_C_1
 .text.systick_low_priority_C
                0x00000000002003d0       0x1c /user/5/raymond/mdl2lus2osek/current/nxtOSEK/ecrobot/libecrobot.a(systick.oram)
                0x00000000002003d0                systick_low_priority_C
 .text.systick_isr_C
                0x00000000002003ec       0x24 /user/5/raymond/mdl2lus2osek/current/nxtOSEK/ecrobot/libecrobot.a(systick.oram)
                0x00000000002003ec                systick_isr_C
 .text.systick_get_ms
                0x0000000000200410        0xc /user/5/raymond/mdl2lus2osek/current/nxtOSEK/ecrobot/libecrobot.a(systick.oram)
                0x0000000000200410                systick_get_ms
 .text.systick_wait_ms
                0x000000000020041c       0x1c /user/5/raymond/mdl2lus2osek/current/nxtOSEK/ecrobot/libecrobot.a(systick.oram)
                0x000000000020041c                systick_wait_ms
 .text.systick_wait_ns
                0x0000000000200438       0x1c /user/5/raymond/mdl2lus2osek/current/nxtOSEK/ecrobot/libecrobot.a(systick.oram)
                0x0000000000200438                systick_wait_ns
 .text.systick_init
                0x0000000000200454       0x58 /user/5/raymond/mdl2lus2osek/current/nxtOSEK/ecrobot/libecrobot.a(systick.oram)
                0x0000000000200454                systick_init
 .text.systick_suspend
                0x00000000002004ac        0xc /user/5/raymond/mdl2lus2osek/current/nxtOSEK/ecrobot/libecrobot.a(systick.oram)
                0x00000000002004ac                systick_suspend
 .text.systick_resume
                0x00000000002004b8        0xc /user/5/raymond/mdl2lus2osek/current/nxtOSEK/ecrobot/libecrobot.a(systick.oram)
                0x00000000002004b8                systick_resume
 .text.byte_fifo_put
                0x00000000002004c4       0x58 /user/5/raymond/mdl2lus2osek/current/nxtOSEK/ecrobot/libecrobot.a(byte_fifo.oram)
                0x00000000002004c4                byte_fifo_put
 .text.byte_fifo_get
                0x000000000020051c       0x2c /user/5/raymond/mdl2lus2osek/current/nxtOSEK/ecrobot/libecrobot.a(byte_fifo.oram)
                0x000000000020051c                byte_fifo_get
 .text.aic_initialise
                0x0000000000200548       0x5c /user/5/raymond/mdl2lus2osek/current/nxtOSEK/ecrobot/libecrobot.a(aic.oram)
                0x0000000000200548                aic_initialise
 .text.aic_set_vector
                0x00000000002005a4       0x30 /user/5/raymond/mdl2lus2osek/current/nxtOSEK/ecrobot/libecrobot.a(aic.oram)
                0x00000000002005a4                aic_set_vector
 .text.aic_mask_on
                0x00000000002005d4       0x24 /user/5/raymond/mdl2lus2osek/current/nxtOSEK/ecrobot/libecrobot.a(aic.oram)
                0x00000000002005d4                aic_mask_on
 .text.aic_mask_off
                0x00000000002005f8       0x24 /user/5/raymond/mdl2lus2osek/current/nxtOSEK/ecrobot/libecrobot.a(aic.oram)
                0x00000000002005f8                aic_mask_off
 .text.aic_clear
                0x000000000020061c       0x24 /user/5/raymond/mdl2lus2osek/current/nxtOSEK/ecrobot/libecrobot.a(aic.oram)
                0x000000000020061c                aic_clear
 .text.reset    0x0000000000200640       0x4c /user/5/raymond/mdl2lus2osek/current/nxtOSEK/ecrobot/libecrobot.a(udp.oram)
 .text.udp_send_null
                0x000000000020068c       0x2c /user/5/raymond/mdl2lus2osek/current/nxtOSEK/ecrobot/libecrobot.a(udp.oram)
 .text.udp_send_stall
                0x00000000002006b8       0x2c /user/5/raymond/mdl2lus2osek/current/nxtOSEK/ecrobot/libecrobot.a(udp.oram)
 .text.udp_send_control
                0x00000000002006e4       0x60 /user/5/raymond/mdl2lus2osek/current/nxtOSEK/ecrobot/libecrobot.a(udp.oram)
 .text.udp_isr_C
                0x0000000000200744      0x7d0 /user/5/raymond/mdl2lus2osek/current/nxtOSEK/ecrobot/libecrobot.a(udp.oram)
                0x0000000000200744                udp_isr_C
 .text.twi_status
                0x0000000000200f14       0x20 /user/5/raymond/mdl2lus2osek/current/nxtOSEK/ecrobot/libecrobot.a(twi.oram)
                0x0000000000200f14                twi_status
 .text.twi_isr_C
                0x0000000000200f34       0xc4 /user/5/raymond/mdl2lus2osek/current/nxtOSEK/ecrobot/libecrobot.a(twi.oram)
                0x0000000000200f34                twi_isr_C
 .text.twi_reset
                0x0000000000200ff8       0xb4 /user/5/raymond/mdl2lus2osek/current/nxtOSEK/ecrobot/libecrobot.a(twi.oram)
                0x0000000000200ff8                twi_reset
 .text.twi_init
                0x00000000002010ac       0x4c /user/5/raymond/mdl2lus2osek/current/nxtOSEK/ecrobot/libecrobot.a(twi.oram)
                0x00000000002010ac                twi_init
 .text.twi_start_read
                0x00000000002010f8       0x60 /user/5/raymond/mdl2lus2osek/current/nxtOSEK/ecrobot/libecrobot.a(twi.oram)
                0x00000000002010f8                twi_start_read
 .text.twi_start_write
                0x0000000000201158       0x64 /user/5/raymond/mdl2lus2osek/current/nxtOSEK/ecrobot/libecrobot.a(twi.oram)
                0x0000000000201158                twi_start_write
 .text.spi_set_mode
                0x00000000002011bc       0x40 /user/5/raymond/mdl2lus2osek/current/nxtOSEK/ecrobot/libecrobot.a(nxt_spi.oram)
 .text.spi_isr_C
                0x00000000002011fc       0x8c /user/5/raymond/mdl2lus2osek/current/nxtOSEK/ecrobot/libecrobot.a(nxt_spi.oram)
                0x00000000002011fc                spi_isr_C
 .text.nxt_spi_init
                0x0000000000201288      0x12c /user/5/raymond/mdl2lus2osek/current/nxtOSEK/ecrobot/libecrobot.a(nxt_spi.oram)
                0x0000000000201288                nxt_spi_init
 .text.nxt_spi_write
                0x00000000002013b4       0x44 /user/5/raymond/mdl2lus2osek/current/nxtOSEK/ecrobot/libecrobot.a(nxt_spi.oram)
                0x00000000002013b4                nxt_spi_write
 .text.nxt_spi_set_display
                0x00000000002013f8       0x10 /user/5/raymond/mdl2lus2osek/current/nxtOSEK/ecrobot/libecrobot.a(nxt_spi.oram)
                0x00000000002013f8                nxt_spi_set_display
 .text.nxt_spi_refresh
                0x0000000000201408       0x24 /user/5/raymond/mdl2lus2osek/current/nxtOSEK/ecrobot/libecrobot.a(nxt_spi.oram)
                0x0000000000201408                nxt_spi_refresh
 .text.nxt_motor_set_count
                0x000000000020142c       0x10 /user/5/raymond/mdl2lus2osek/current/nxtOSEK/ecrobot/libecrobot.a(nxt_motors.oram)
                0x000000000020142c                nxt_motor_set_count
 .text.nxt_motor_set_speed
                0x000000000020143c       0x34 /user/5/raymond/mdl2lus2osek/current/nxtOSEK/ecrobot/libecrobot.a(nxt_motors.oram)
                0x000000000020143c                nxt_motor_set_speed
 .text.nxt_motor_1kHz_process
                0x0000000000201470       0x28 /user/5/raymond/mdl2lus2osek/current/nxtOSEK/ecrobot/libecrobot.a(nxt_motors.oram)
                0x0000000000201470                nxt_motor_1kHz_process
 .text.nxt_motor_quad_decode
                0x0000000000201498       0x30 /user/5/raymond/mdl2lus2osek/current/nxtOSEK/ecrobot/libecrobot.a(nxt_motors.oram)
                0x0000000000201498                nxt_motor_quad_decode
 .text.nxt_motor_isr_C
                0x00000000002014c8       0x88 /user/5/raymond/mdl2lus2osek/current/nxtOSEK/ecrobot/libecrobot.a(nxt_motors.oram)
                0x00000000002014c8                nxt_motor_isr_C
 .text.nxt_motor_init
                0x0000000000201550       0x68 /user/5/raymond/mdl2lus2osek/current/nxtOSEK/ecrobot/libecrobot.a(nxt_motors.oram)
                0x0000000000201550                nxt_motor_init
 .text.data_abort_C
                0x00000000002015b8       0x7c /user/5/raymond/mdl2lus2osek/current/nxtOSEK/ecrobot/libecrobot.a(data_abort.oram)
                0x00000000002015b8                data_abort_C
 .text.display_update
                0x0000000000201634       0x14 /user/5/raymond/mdl2lus2osek/current/nxtOSEK/ecrobot/libecrobot.a(display.oram)
                0x0000000000201634                display_update
 .text.display_force_update
                0x0000000000201648        0xc /user/5/raymond/mdl2lus2osek/current/nxtOSEK/ecrobot/libecrobot.a(display.oram)
                0x0000000000201648                display_force_update
 .text.display_clear
                0x0000000000201654       0x24 /user/5/raymond/mdl2lus2osek/current/nxtOSEK/ecrobot/libecrobot.a(display.oram)
                0x0000000000201654                display_clear
 .text.display_goto_xy
                0x0000000000201678       0x14 /user/5/raymond/mdl2lus2osek/current/nxtOSEK/ecrobot/libecrobot.a(display.oram)
                0x0000000000201678                display_goto_xy
 .text.display_char
                0x000000000020168c       0x60 /user/5/raymond/mdl2lus2osek/current/nxtOSEK/ecrobot/libecrobot.a(display.oram)
                0x000000000020168c                display_char
 .text.display_string
                0x00000000002016ec       0x3c /user/5/raymond/mdl2lus2osek/current/nxtOSEK/ecrobot/libecrobot.a(display.oram)
                0x00000000002016ec                display_string
 .text.display_hex
                0x0000000000201728       0x50 /user/5/raymond/mdl2lus2osek/current/nxtOSEK/ecrobot/libecrobot.a(display.oram)
                0x0000000000201728                display_hex
 .text.display_unsigned_worker
                0x0000000000201778       0x70 /user/5/raymond/mdl2lus2osek/current/nxtOSEK/ecrobot/libecrobot.a(display.oram)
 .text.display_unsigned
                0x00000000002017e8        0xc /user/5/raymond/mdl2lus2osek/current/nxtOSEK/ecrobot/libecrobot.a(display.oram)
                0x00000000002017e8                display_unsigned
 .text.display_int
                0x00000000002017f4       0x14 /user/5/raymond/mdl2lus2osek/current/nxtOSEK/ecrobot/libecrobot.a(display.oram)
                0x00000000002017f4                display_int
 .text.display_bitmap_copy
                0x0000000000201808       0x5c /user/5/raymond/mdl2lus2osek/current/nxtOSEK/ecrobot/libecrobot.a(display.oram)
                0x0000000000201808                display_bitmap_copy
 .text.display_init
                0x0000000000201864       0x50 /user/5/raymond/mdl2lus2osek/current/nxtOSEK/ecrobot/libecrobot.a(display.oram)
                0x0000000000201864                display_init
 .text.i2c_timer_isr_C
                0x00000000002018b4      0x314 /user/5/raymond/mdl2lus2osek/current/nxtOSEK/ecrobot/libecrobot.a(i2c.oram)
                0x00000000002018b4                i2c_timer_isr_C
 .text.i2c_disable
                0x0000000000201bc8       0x20 /user/5/raymond/mdl2lus2osek/current/nxtOSEK/ecrobot/libecrobot.a(i2c.oram)
                0x0000000000201bc8                i2c_disable
 .text.i2c_enable
                0x0000000000201be8       0x40 /user/5/raymond/mdl2lus2osek/current/nxtOSEK/ecrobot/libecrobot.a(i2c.oram)
                0x0000000000201be8                i2c_enable
 .text.i2c_init
                0x0000000000201c28       0xa4 /user/5/raymond/mdl2lus2osek/current/nxtOSEK/ecrobot/libecrobot.a(i2c.oram)
                0x0000000000201c28                i2c_init
 .text.i2c_busy
                0x0000000000201ccc       0x24 /user/5/raymond/mdl2lus2osek/current/nxtOSEK/ecrobot/libecrobot.a(i2c.oram)
                0x0000000000201ccc                i2c_busy
 .text.i2c_start_transaction
                0x0000000000201cf0      0x108 /user/5/raymond/mdl2lus2osek/current/nxtOSEK/ecrobot/libecrobot.a(i2c.oram)
                0x0000000000201cf0                i2c_start_transaction
 .text.sound_fill_sample_buffer
                0x0000000000201df8       0xe4 /user/5/raymond/mdl2lus2osek/current/nxtOSEK/ecrobot/libecrobot.a(sound.oram)
                0x0000000000201df8                sound_fill_sample_buffer
 .text.sound_init
                0x0000000000201edc       0xa0 /user/5/raymond/mdl2lus2osek/current/nxtOSEK/ecrobot/libecrobot.a(sound.oram)
                0x0000000000201edc                sound_init
 .text.sound_isr_C
                0x0000000000201f7c      0x144 /user/5/raymond/mdl2lus2osek/current/nxtOSEK/ecrobot/libecrobot.a(sound.oram)
                0x0000000000201f7c                sound_isr_C
 .text.bt_init  0x00000000002020c0      0x1c0 /user/5/raymond/mdl2lus2osek/current/nxtOSEK/ecrobot/libecrobot.a(bt.oram)
                0x00000000002020c0                bt_init
 .text.nxt_avr_power_down
                0x0000000000202280       0x10 /user/5/raymond/mdl2lus2osek/current/nxtOSEK/ecrobot/libecrobot.a(nxt_avr.oram)
                0x0000000000202280                nxt_avr_power_down
 .text.nxt_avr_link_init
                0x0000000000202290       0x20 /user/5/raymond/mdl2lus2osek/current/nxtOSEK/ecrobot/libecrobot.a(nxt_avr.oram)
                0x0000000000202290                nxt_avr_link_init
 .text.nxt_avr_init
                0x00000000002022b0       0x6c /user/5/raymond/mdl2lus2osek/current/nxtOSEK/ecrobot/libecrobot.a(nxt_avr.oram)
                0x00000000002022b0                nxt_avr_init
 .text.nxt_avr_1kHz_update
                0x000000000020231c      0x1cc /user/5/raymond/mdl2lus2osek/current/nxtOSEK/ecrobot/libecrobot.a(nxt_avr.oram)
                0x000000000020231c                nxt_avr_1kHz_update
 .text.buttons_get
                0x00000000002024e8        0xc /user/5/raymond/mdl2lus2osek/current/nxtOSEK/ecrobot/libecrobot.a(nxt_avr.oram)
                0x00000000002024e8                buttons_get
 .text.battery_voltage
                0x00000000002024f4       0x28 /user/5/raymond/mdl2lus2osek/current/nxtOSEK/ecrobot/libecrobot.a(nxt_avr.oram)
                0x00000000002024f4                battery_voltage
 .text.sensor_adc
                0x000000000020251c       0x20 /user/5/raymond/mdl2lus2osek/current/nxtOSEK/ecrobot/libecrobot.a(nxt_avr.oram)
                0x000000000020251c                sensor_adc
 .text.nxt_avr_set_motor
                0x000000000020253c       0x34 /user/5/raymond/mdl2lus2osek/current/nxtOSEK/ecrobot/libecrobot.a(nxt_avr.oram)
                0x000000000020253c                nxt_avr_set_motor
 .text.nxt_avr_set_input_power
                0x0000000000202570       0x3c /user/5/raymond/mdl2lus2osek/current/nxtOSEK/ecrobot/libecrobot.a(nxt_avr.oram)
                0x0000000000202570                nxt_avr_set_input_power
 .text.unset_digi0
                0x00000000002025ac       0x44 /user/5/raymond/mdl2lus2osek/current/nxtOSEK/ecrobot/libecrobot.a(sensors.oram)
                0x00000000002025ac                unset_digi0
 .text.unset_digi1
                0x00000000002025f0       0x44 /user/5/raymond/mdl2lus2osek/current/nxtOSEK/ecrobot/libecrobot.a(sensors.oram)
                0x00000000002025f0                unset_digi1
 .text.init_sensors
                0x0000000000202634       0x4c /user/5/raymond/mdl2lus2osek/current/nxtOSEK/ecrobot/libecrobot.a(sensors.oram)
                0x0000000000202634                init_sensors
 .text.set_digi0
                0x0000000000202680       0x44 /user/5/raymond/mdl2lus2osek/current/nxtOSEK/ecrobot/libecrobot.a(sensors.oram)
                0x0000000000202680                set_digi0
 .text.nxt_lcd_command
                0x00000000002026c4       0x18 /user/5/raymond/mdl2lus2osek/current/nxtOSEK/ecrobot/libecrobot.a(nxt_lcd.oram)
                0x00000000002026c4                nxt_lcd_command
 .text.nxt_lcd_set_col
                0x00000000002026dc       0x24 /user/5/raymond/mdl2lus2osek/current/nxtOSEK/ecrobot/libecrobot.a(nxt_lcd.oram)
                0x00000000002026dc                nxt_lcd_set_col
 .text.nxt_lcd_set_multiplex_rate
                0x0000000000202700       0x18 /user/5/raymond/mdl2lus2osek/current/nxtOSEK/ecrobot/libecrobot.a(nxt_lcd.oram)
                0x0000000000202700                nxt_lcd_set_multiplex_rate
 .text.nxt_lcd_set_page_address
                0x0000000000202718       0x18 /user/5/raymond/mdl2lus2osek/current/nxtOSEK/ecrobot/libecrobot.a(nxt_lcd.oram)
                0x0000000000202718                nxt_lcd_set_page_address
 .text.nxt_lcd_set_pot
                0x0000000000202730       0x1c /user/5/raymond/mdl2lus2osek/current/nxtOSEK/ecrobot/libecrobot.a(nxt_lcd.oram)
                0x0000000000202730                nxt_lcd_set_pot
 .text.nxt_lcd_set_ram_address_control
                0x000000000020274c       0x18 /user/5/raymond/mdl2lus2osek/current/nxtOSEK/ecrobot/libecrobot.a(nxt_lcd.oram)
                0x000000000020274c                nxt_lcd_set_ram_address_control
 .text.nxt_lcd_enable
                0x0000000000202764       0x14 /user/5/raymond/mdl2lus2osek/current/nxtOSEK/ecrobot/libecrobot.a(nxt_lcd.oram)
                0x0000000000202764                nxt_lcd_enable
 .text.nxt_lcd_set_map_control
                0x0000000000202778       0x18 /user/5/raymond/mdl2lus2osek/current/nxtOSEK/ecrobot/libecrobot.a(nxt_lcd.oram)
                0x0000000000202778                nxt_lcd_set_map_control
 .text.nxt_lcd_reset
                0x0000000000202790        0xc /user/5/raymond/mdl2lus2osek/current/nxtOSEK/ecrobot/libecrobot.a(nxt_lcd.oram)
                0x0000000000202790                nxt_lcd_reset
 .text.nxt_lcd_set_bias_ratio
                0x000000000020279c       0x18 /user/5/raymond/mdl2lus2osek/current/nxtOSEK/ecrobot/libecrobot.a(nxt_lcd.oram)
                0x000000000020279c                nxt_lcd_set_bias_ratio
 .text.nxt_lcd_force_update
                0x00000000002027b4       0x30 /user/5/raymond/mdl2lus2osek/current/nxtOSEK/ecrobot/libecrobot.a(nxt_lcd.oram)
                0x00000000002027b4                nxt_lcd_force_update
 .text.nxt_lcd_update
                0x00000000002027e4        0xc /user/5/raymond/mdl2lus2osek/current/nxtOSEK/ecrobot/libecrobot.a(nxt_lcd.oram)
                0x00000000002027e4                nxt_lcd_update
 .text.nxt_lcd_power_up
                0x00000000002027f0       0x48 /user/5/raymond/mdl2lus2osek/current/nxtOSEK/ecrobot/libecrobot.a(nxt_lcd.oram)
                0x00000000002027f0                nxt_lcd_power_up
 .text.nxt_lcd_power_down
                0x0000000000202838        0xc /user/5/raymond/mdl2lus2osek/current/nxtOSEK/ecrobot/libecrobot.a(nxt_lcd.oram)
                0x0000000000202838                nxt_lcd_power_down
 .text.nxt_lcd_init
                0x0000000000202844       0x18 /user/5/raymond/mdl2lus2osek/current/nxtOSEK/ecrobot/libecrobot.a(nxt_lcd.oram)
                0x0000000000202844                nxt_lcd_init
 .text.verify_flash_page
                0x000000000020285c       0x34 /user/5/raymond/mdl2lus2osek/current/nxtOSEK/ecrobot/libecrobot.a(flash_loader.oram)
 .text.set_flash_request
                0x0000000000202890       0x38 /user/5/raymond/mdl2lus2osek/current/nxtOSEK/ecrobot/libecrobot.a(flash_loader.oram)
                0x0000000000202890                set_flash_request
 .text.nxt_device_init
                0x00000000002028c8       0x38 /user/5/raymond/mdl2lus2osek/current/nxtOSEK/ecrobot/libecrobot.a(flash_loader.oram)
                0x00000000002028c8                nxt_device_init
 .text          0x0000000000202900       0x68 /user/5/raymond/mdl2lus2osek/current/nxtOSEK/ecrobot/libecrobot.a(interrupts.oram)
                0x0000000000202900                interrupts_get_and_disable
                0x0000000000202924                interrupts_enable
                0x0000000000202934                fiq_get_and_disable
                0x0000000000202958                fiq_enable
 .text.flash_write_page
                0x0000000000202968       0xc0 /user/5/raymond/mdl2lus2osek/current/nxtOSEK/ecrobot/libecrobot.a(flashprog.oram)
                0x0000000000202968                flash_write_page
                0x0000000000202a30                . = ALIGN (0x10)
 *fill*         0x0000000000202a28        0x8 00
 *.oram(*.rodata *.rodata.*)
 .rodata.ld     0x0000000000202a30        0x4 /user/5/raymond/mdl2lus2osek/current/nxtOSEK/ecrobot/libecrobot.a(udp.oram)
 .rodata.cfd    0x0000000000202a34       0x20 /user/5/raymond/mdl2lus2osek/current/nxtOSEK/ecrobot/libecrobot.a(udp.oram)
 .rodata.dd     0x0000000000202a54       0x12 /user/5/raymond/mdl2lus2osek/current/nxtOSEK/ecrobot/libecrobot.a(udp.oram)
 *fill*         0x0000000000202a66        0x2 00
 .rodata.str1.4
                0x0000000000202a68       0x22 /user/5/raymond/mdl2lus2osek/current/nxtOSEK/ecrobot/libecrobot.a(data_abort.oram)
                                         0x24 (size before relaxing)
 .rodata.font   0x0000000000202a8a      0x280 /user/5/raymond/mdl2lus2osek/current/nxtOSEK/ecrobot/libecrobot.a(display.oram)
 *fill*         0x0000000000202d0a        0x2 00
 .rodata.str1.4
                0x0000000000202d0c       0x76 /user/5/raymond/mdl2lus2osek/current/nxtOSEK/ecrobot/libecrobot.a(display.oram)
                                         0x78 (size before relaxing)
 *fill*         0x0000000000202d82        0x2 00
 .rodata.i2c_pin
                0x0000000000202d84       0x20 /user/5/raymond/mdl2lus2osek/current/nxtOSEK/ecrobot/libecrobot.a(i2c.oram)
 .rodata.i2c_timer_isr_C
                0x0000000000202da4       0x38 /user/5/raymond/mdl2lus2osek/current/nxtOSEK/ecrobot/libecrobot.a(i2c.oram)
 .rodata.silence
                0x0000000000202ddc       0x40 /user/5/raymond/mdl2lus2osek/current/nxtOSEK/ecrobot/libecrobot.a(sound.oram)
                0x0000000000202ddc                silence
 .rodata.sample_pattern
                0x0000000000202e1c       0x84 /user/5/raymond/mdl2lus2osek/current/nxtOSEK/ecrobot/libecrobot.a(sound.oram)
                0x0000000000202e1c                sample_pattern
 .rodata        0x0000000000202ea0        0xc /user/5/raymond/mdl2lus2osek/current/nxtOSEK/ecrobot/libecrobot.a(sound.oram)
 .rodata.avr_brainwash_string
                0x0000000000202eac       0x30 /user/5/raymond/mdl2lus2osek/current/nxtOSEK/ecrobot/libecrobot.a(nxt_avr.oram)
                0x0000000000202eac                avr_brainwash_string
 .rodata.nxt_avr_1kHz_update
                0x0000000000202edc       0x14 /user/5/raymond/mdl2lus2osek/current/nxtOSEK/ecrobot/libecrobot.a(nxt_avr.oram)
 .rodata.C.33.1823
                0x0000000000202ef0       0x10 /user/5/raymond/mdl2lus2osek/current/nxtOSEK/ecrobot/libecrobot.a(sensors.oram)
 .rodata.C.37.1857
                0x0000000000202f00       0x10 /user/5/raymond/mdl2lus2osek/current/nxtOSEK/ecrobot/libecrobot.a(sensors.oram)
 .rodata.C.31.1806
                0x0000000000202f10       0x10 /user/5/raymond/mdl2lus2osek/current/nxtOSEK/ecrobot/libecrobot.a(sensors.oram)
 .rodata.str1.4
                0x0000000000202f20       0x24 /user/5/raymond/mdl2lus2osek/current/nxtOSEK/ecrobot/libecrobot.a(flash_loader.oram)
 *fill*         0x0000000000202f44        0x4 00
 .rodata.str1.4.stub
                0x0000000000202f48       0x10 linker stubs
                0x0000000000202f60                . = ALIGN (0x10)
 *fill*         0x0000000000202f58        0x8 00
                0x0000000000200040                __ramtext_ram_start__ = ADDR (.ram_text)
                0x0000000000202f60                __ramtext_ram_end__ = (ADDR (.ram_text) + SIZEOF (.ram_text))
                0x00000000001082c0                __ramtext_load_start__ = LOADADDR (.ram_text)
                0x000000000010b1e0                __ramtext_load_end__ = (__ramtext_load_start__ + SIZEOF (.ram_text))

.wav_data       0x000000000010b1e0        0x0
 *.owav(*.data *.data.*)
                0x000000000010b1e0                . = ALIGN (0x10)

.bmp_data       0x000000000010b1e0      0x440
 *.obmp(*.data *.data.*)
 .data          0x000000000010b1e0      0x43e /user/5/raymond/mdl2lus2osek/current/nxtOSEK/ecrobot/libecrobot.a(nxtosek_splash.obmp)
                0x000000000010b1e0                nxtosek_splash_bmp_start
                0x000000000010b61e                nxtosek_splash_bmp_end
                0x000000000010b620                . = ALIGN (0x10)
 *fill*         0x000000000010b61e        0x2 00

.spr_data       0x000000000010b620        0x0
 *.ospr(*.data *.data.*)
                0x000000000010b620                . = ALIGN (0x10)

.data           0x0000000000202f60       0x70 load address 0x000000000010b620
 *(*.data *.data.*)
 .data.distance_state
                0x0000000000202f60       0x10 /user/5/raymond/mdl2lus2osek/current/nxtOSEK/ecrobot/libecrobot.a(ecrobot_interface.o)
 .data.deviceStatus
                0x0000000000202f70        0x1 /user/5/raymond/mdl2lus2osek/current/nxtOSEK/ecrobot/libecrobot.a(ecrobot_interface.o)
 .bss.data.2619
                0x0000000000202f71        0x4 /user/5/raymond/mdl2lus2osek/current/nxtOSEK/ecrobot/libecrobot.a(ecrobot_interface.o)
 .data.named    0x0000000000202f75       0x22 /user/5/raymond/mdl2lus2osek/current/nxtOSEK/ecrobot/libecrobot.a(udp.oram)
 .data.snd      0x0000000000202f97       0x1a /user/5/raymond/mdl2lus2osek/current/nxtOSEK/ecrobot/libecrobot.a(udp.oram)
 *fill*         0x0000000000202fb1        0x3 00
 .data.configured
                0x0000000000202fb4        0x4 /user/5/raymond/mdl2lus2osek/current/nxtOSEK/ecrobot/libecrobot.a(udp.oram)
 .data.mode     0x0000000000202fb8        0x1 /user/5/raymond/mdl2lus2osek/current/nxtOSEK/ecrobot/libecrobot.a(nxt_spi.oram)
                0x0000000000202fb8                mode
 *fill*         0x0000000000202fb9        0x3 00
 .bss.data      0x0000000000202fbc        0x4 /user/5/raymond/mdl2lus2osek/current/nxtOSEK/ecrobot/libecrobot.a(nxt_spi.oram)
                0x0000000000202fbc                data
 .data.display_auto_update
                0x0000000000202fc0        0x4 /user/5/raymond/mdl2lus2osek/current/nxtOSEK/ecrobot/libecrobot.a(display.oram)
                0x0000000000202fc0                display_auto_update
 .data.display_buffer
                0x0000000000202fc4        0x4 /user/5/raymond/mdl2lus2osek/current/nxtOSEK/ecrobot/libecrobot.a(display.oram)
                0x0000000000202fd0                . = ALIGN (0x10)
 *fill*         0x0000000000202fc8        0x8 00
                0x0000000000202f60                __data_ram_start__ = ADDR (.data)
                0x0000000000202fd0                __data_ram_end__ = (ADDR (.data) + SIZEOF (.data))
                0x000000000010b620                __data_load_start__ = LOADADDR (.data)
                0x000000000010b690                __data_load_end__ = (__data_load_start__ + SIZEOF (.data))

.text           0x000000000010b690     0x2860
                0x000000000010b690                . = ALIGN (0x10)
 *(*.text *.text.* *.glue*)
 .glue_7        0x000000000010b690       0x18 linker stubs
                0x000000000010b690                __call_posttaskhook_from_arm
                0x000000000010b69c                __call_pretaskhook_from_arm
 .glue_7t       0x0000000000000000        0x0 linker stubs
 .text.enqueue_alarm
                0x000000000010b6a8       0x94 ./build/alarm.o
 .text.alarm_initialize
                0x000000000010b73c       0x98 ./build/alarm.o
                0x000000000010b73c                alarm_initialize
 .text.unlock_cpu
                0x000000000010b7d4        0xc ./build/alarm.o
 .text.lock_cpu
                0x000000000010b7e0        0xc ./build/alarm.o
 .text.SignalCounter
                0x000000000010b7ec      0x128 ./build/alarm.o
                0x000000000010b7ec                SignalCounter
 .text.ShutdownOS
                0x000000000010b914       0x4c ./build/osctl.o
                0x000000000010b914                ShutdownOS
 .text.StartOS  0x000000000010b960       0x58 ./build/osctl.o
                0x000000000010b960                StartOS
 .text.call_pretaskhook
                0x000000000010b9b8       0x24 ./build/osctl.o
                0x000000000010b9b8                call_pretaskhook
 .text.call_posttaskhook
                0x000000000010b9dc       0x24 ./build/osctl.o
                0x000000000010b9dc                call_posttaskhook
 .text.call_errorhook
                0x000000000010ba00       0x78 ./build/osctl.o
                0x000000000010ba00                call_errorhook
 .text.resource_initialize
                0x000000000010ba78       0x20 ./build/resource.o
                0x000000000010ba78                resource_initialize
 .text.lock_cpu
                0x000000000010ba98        0xc ./build/resource.o
 .text.ReleaseResource
                0x000000000010baa4       0xf0 ./build/resource.o
                0x000000000010baa4                ReleaseResource
 .text.GetResource
                0x000000000010bb94       0xdc ./build/resource.o
                0x000000000010bb94                GetResource
 .text.make_runnable
                0x000000000010bc70       0xa4 ./build/task.o
                0x000000000010bc70                make_runnable
 .text.make_active
                0x000000000010bd14       0x78 ./build/task.o
                0x000000000010bd14                make_active
 .text.task_initialize
                0x000000000010bd8c       0x88 ./build/task.o
                0x000000000010bd8c                task_initialize
 .text.search_schedtsk
                0x000000000010be14       0x90 ./build/task.o
                0x000000000010be14                search_schedtsk
 .text.preempt  0x000000000010bea4       0x4c ./build/task.o
                0x000000000010bea4                preempt
 .text.unlock_cpu
                0x000000000010bef0        0xc ./build/task_manage.o
 .text.lock_cpu
                0x000000000010befc        0xc ./build/task_manage.o
 .text.ActivateTask
                0x000000000010bf08       0x8c ./build/task_manage.o
                0x000000000010bf08                ActivateTask
 .text.TerminateTask
                0x000000000010bf94       0x74 ./build/task_manage.o
                0x000000000010bf94                TerminateTask
 .text.cpu_initialize
                0x000000000010c008        0x4 ./build/cpu_config.o
                0x000000000010c008                cpu_initialize
 .text.cpu_terminate
                0x000000000010c00c        0x4 ./build/cpu_config.o
                0x000000000010c00c                cpu_terminate
 .text.sys_initialize
                0x000000000010c010        0x4 ./build/sys_config.o
                0x000000000010c010                sys_initialize
 .text.sys_exit
                0x000000000010c014        0x4 ./build/sys_config.o
                0x000000000010c014                sys_exit
 .text._activate_alarm_cyclic_alarm2
                0x000000000010c018        0xc ./build/kernel_cfg.o
 .text._activate_alarm_cyclic_alarm1
                0x000000000010c024        0xc ./build/kernel_cfg.o
 .text.object_initialize
                0x000000000010c030       0x18 ./build/kernel_cfg.o
                0x000000000010c030                object_initialize
 .text.init_OS_flag
                0x000000000010c048        0xc ./build/ecrobot_base.o
                0x000000000010c048                init_OS_flag
 .text.set_OS_flag
                0x000000000010c054        0xc ./build/ecrobot_base.o
                0x000000000010c054                set_OS_flag
 .text.get_OS_flag
                0x000000000010c060        0xc ./build/ecrobot_base.o
                0x000000000010c060                get_OS_flag
 .text.cpp_constructor
                0x000000000010c06c       0x28 ./build/ecrobot_base.o
                0x000000000010c06c                cpp_constructor
 .text.cpp_destructor
                0x000000000010c094       0x28 ./build/ecrobot_base.o
                0x000000000010c094                cpp_destructor
 .text.execution_mode
                0x000000000010c0bc       0x14 ./build/ecrobot_base.o
                0x000000000010c0bc                execution_mode
 .text.check_NXT_buttons
                0x000000000010c0d0       0x7c ./build/ecrobot_base.o
                0x000000000010c0d0                check_NXT_buttons
 .text.add_status_info
                0x000000000010c14c       0x68 ./build/ecrobot_base.o
                0x000000000010c14c                add_status_info
 .text.show_main_screen
                0x000000000010c1b4       0x48 ./build/ecrobot_base.o
                0x000000000010c1b4                show_main_screen
 .text.display_status_bar
                0x000000000010c1fc       0x5c ./build/ecrobot_base.o
                0x000000000010c1fc                display_status_bar
 .text.show_splash_screen
                0x000000000010c258       0x98 ./build/ecrobot_base.o
                0x000000000010c258                show_splash_screen
 .text.main     0x000000000010c2f0      0x104 ./build/ecrobot.o
                0x000000000010c2f0                main
 .text.Planificateur_I_In1
                0x000000000010c3f4        0xc ./build/Planificateur.o
                0x000000000010c3f4                Planificateur_I_In1
 .text.Planificateur_I_In2
                0x000000000010c400        0xc ./build/Planificateur.o
                0x000000000010c400                Planificateur_I_In2
 .text.Planificateur_reset
                0x000000000010c40c       0x14 ./build/Planificateur.o
                0x000000000010c40c                Planificateur_reset
 .text.Planificateur_step
                0x000000000010c420       0xc8 ./build/Planificateur.o
                0x000000000010c420                Planificateur_step
 .text.Regulateur_I_In1
                0x000000000010c4e8        0xc ./build/Regulateur.o
                0x000000000010c4e8                Regulateur_I_In1
 .text.Regulateur_I_In2
                0x000000000010c4f4        0xc ./build/Regulateur.o
                0x000000000010c4f4                Regulateur_I_In2
 .text.Regulateur_I_In3
                0x000000000010c500        0xc ./build/Regulateur.o
                0x000000000010c500                Regulateur_I_In3
 .text.Regulateur_reset
                0x000000000010c50c       0x10 ./build/Regulateur.o
                0x000000000010c50c                Regulateur_reset
 .text.Regulateur_step
                0x000000000010c51c      0x194 ./build/Regulateur.o
                0x000000000010c51c                Regulateur_step
 .text.Planificateur_O_Out1
                0x000000000010c6b0       0x2c ./build/controleur_glue.o
                0x000000000010c6b0                Planificateur_O_Out1
 .text.TaskMainPlanificateur
                0x000000000010c6dc       0x4c ./build/controleur_glue.o
                0x000000000010c6dc                TaskMainPlanificateur
 .text.show_var
                0x000000000010c728       0x4c ./build/controleur_glue.o
                0x000000000010c728                show_var
 .text.TaskMainRegulateur
                0x000000000010c774       0xe8 ./build/controleur_glue.o
                0x000000000010c774                TaskMainRegulateur
 .text.Regulateur_O_Out2
                0x000000000010c85c       0x74 ./build/controleur_glue.o
                0x000000000010c85c                Regulateur_O_Out2
 .text.Regulateur_O_Out1
                0x000000000010c8d0       0x74 ./build/controleur_glue.o
                0x000000000010c8d0                Regulateur_O_Out1
 .text.usr_init
                0x000000000010c944       0xd4 ./build/controleur_glue.o
                0x000000000010c944                usr_init
 .text.ecrobot_device_terminate
                0x000000000010ca18       0x18 ./build/controleur_glue.o
                0x000000000010ca18                ecrobot_device_terminate
 .text.ecrobot_device_initialize
                0x000000000010ca30       0x18 ./build/controleur_glue.o
                0x000000000010ca30                ecrobot_device_initialize
 .text.user_1ms_isr_type2
                0x000000000010ca48       0x1c ./build/controleur_glue.o
                0x000000000010ca48                user_1ms_isr_type2
 *fill*         0x000000000010ca64        0xc 00
 .text          0x000000000010ca70      0x230 ./build/cpu_support.o
                0x000000000010ca70                dispatch
                0x000000000010cab0                activate_r
                0x000000000010cae0                exit_and_dispatch
                0x000000000010caf0                start_dispatch
                0x000000000010cbac                _interrupt
                0x000000000010cc1c                int_return
                0x000000000010cc48                disable_int
                0x000000000010cc50                enable_int
                0x000000000010cc58                nop
 .text.ecrobot_set_light_sensor_active
                0x000000000010cca0       0x10 /user/5/raymond/mdl2lus2osek/current/nxtOSEK/ecrobot/libecrobot.a(ecrobot_interface.o)
                0x000000000010cca0                ecrobot_set_light_sensor_active
 .text.ecrobot_set_light_sensor_inactive
                0x000000000010ccb0       0x10 /user/5/raymond/mdl2lus2osek/current/nxtOSEK/ecrobot/libecrobot.a(ecrobot_interface.o)
                0x000000000010ccb0                ecrobot_set_light_sensor_inactive
 .text.ecrobot_get_light_sensor
                0x000000000010ccc0       0x14 /user/5/raymond/mdl2lus2osek/current/nxtOSEK/ecrobot/libecrobot.a(ecrobot_interface.o)
                0x000000000010ccc0                ecrobot_get_light_sensor
 .text.ecrobot_init_i2c
                0x000000000010ccd4       0x28 /user/5/raymond/mdl2lus2osek/current/nxtOSEK/ecrobot/libecrobot.a(ecrobot_interface.o)
                0x000000000010ccd4                ecrobot_init_i2c
 .text.ecrobot_init_sonar_sensor
                0x000000000010ccfc       0x10 /user/5/raymond/mdl2lus2osek/current/nxtOSEK/ecrobot/libecrobot.a(ecrobot_interface.o)
                0x000000000010ccfc                ecrobot_init_sonar_sensor
 .text.ecrobot_get_sonar_sensor
                0x000000000010cd0c       0x48 /user/5/raymond/mdl2lus2osek/current/nxtOSEK/ecrobot/libecrobot.a(ecrobot_interface.o)
                0x000000000010cd0c                ecrobot_get_sonar_sensor
 .text.ecrobot_term_sonar_sensor
                0x000000000010cd54       0x20 /user/5/raymond/mdl2lus2osek/current/nxtOSEK/ecrobot/libecrobot.a(ecrobot_interface.o)
                0x000000000010cd54                ecrobot_term_sonar_sensor
 .text.ecrobot_get_battery_voltage
                0x000000000010cd74        0xc /user/5/raymond/mdl2lus2osek/current/nxtOSEK/ecrobot/libecrobot.a(ecrobot_interface.o)
                0x000000000010cd74                ecrobot_get_battery_voltage
 .text.ecrobot_get_button_state
                0x000000000010cd80        0xc /user/5/raymond/mdl2lus2osek/current/nxtOSEK/ecrobot/libecrobot.a(ecrobot_interface.o)
                0x000000000010cd80                ecrobot_get_button_state
 .text.ecrobot_init_nxtstate
                0x000000000010cd8c       0x28 /user/5/raymond/mdl2lus2osek/current/nxtOSEK/ecrobot/libecrobot.a(ecrobot_interface.o)
                0x000000000010cd8c                ecrobot_init_nxtstate
 .text.ecrobot_poll_nxtstate
                0x000000000010cdb4       0x64 /user/5/raymond/mdl2lus2osek/current/nxtOSEK/ecrobot/libecrobot.a(ecrobot_interface.o)
                0x000000000010cdb4                ecrobot_poll_nxtstate
 .text.ecrobot_setDeviceInitialized
                0x000000000010ce18       0x14 /user/5/raymond/mdl2lus2osek/current/nxtOSEK/ecrobot/libecrobot.a(ecrobot_interface.o)
                0x000000000010ce18                ecrobot_setDeviceInitialized
 .text.ecrobot_bmp2lcd
                0x000000000010ce2c      0x1c8 /user/5/raymond/mdl2lus2osek/current/nxtOSEK/ecrobot/libecrobot.a(ecrobot_interface.o)
                0x000000000010ce2c                ecrobot_bmp2lcd
 .text.ecrobot_is_ENTER_button_pressed
                0x000000000010cff4       0x10 /user/5/raymond/mdl2lus2osek/current/nxtOSEK/ecrobot/libecrobot.a(ecrobot_interface.o)
                0x000000000010cff4                ecrobot_is_ENTER_button_pressed
 .text.StartupHook
                0x000000000010d004        0x4 /user/5/raymond/mdl2lus2osek/current/nxtOSEK/ecrobot/libecrobot.a(osek_hook.o)
                0x000000000010d004                StartupHook
 .text.PreTaskHook
                0x000000000010d008        0x4 /user/5/raymond/mdl2lus2osek/current/nxtOSEK/ecrobot/libecrobot.a(osek_hook.o)
                0x000000000010d008                PreTaskHook
 .text.PostTaskHook
                0x000000000010d00c        0x4 /user/5/raymond/mdl2lus2osek/current/nxtOSEK/ecrobot/libecrobot.a(osek_hook.o)
                0x000000000010d00c                PostTaskHook
 .text.ErrorHook
                0x000000000010d010        0x4 /user/5/raymond/mdl2lus2osek/current/nxtOSEK/ecrobot/libecrobot.a(osek_hook.o)
                0x000000000010d010                ErrorHook
 .text.ShutdownHook
                0x000000000010d014        0x4 /user/5/raymond/mdl2lus2osek/current/nxtOSEK/ecrobot/libecrobot.a(osek_hook.o)
                0x000000000010d014                ShutdownHook
 .text          0x000000000010d018       0x8c /user/5/.base/raymond/home/mdl2lus2osek/gnu-arm/4.4.2.nxt.x86_64.2013/bin/../lib/gcc/arm-elf/4.4.2/thumb/interwork/libgcc.a(_udivsi3.o)
                0x000000000010d018                __udivsi3
                0x000000000010d018                __aeabi_uidiv
                0x000000000010d094                __aeabi_uidivmod
 .text          0x000000000010d0a4       0xa4 /user/5/.base/raymond/home/mdl2lus2osek/gnu-arm/4.4.2.nxt.x86_64.2013/bin/../lib/gcc/arm-elf/4.4.2/thumb/interwork/libgcc.a(_divsi3.o)
                0x000000000010d0a4                __aeabi_idiv
                0x000000000010d0a4                __divsi3
                0x000000000010d138                __aeabi_idivmod
 .text          0x000000000010d148       0xc8 /user/5/.base/raymond/home/mdl2lus2osek/gnu-arm/4.4.2.nxt.x86_64.2013/bin/../lib/gcc/arm-elf/4.4.2/thumb/interwork/libgcc.a(_umodsi3.o)
                0x000000000010d148                __umodsi3
 .text          0x000000000010d210        0x4 /user/5/.base/raymond/home/mdl2lus2osek/gnu-arm/4.4.2.nxt.x86_64.2013/bin/../lib/gcc/arm-elf/4.4.2/thumb/interwork/libgcc.a(_dvmd_tls.o)
                0x000000000010d210                __aeabi_ldiv0
                0x000000000010d210                __div0
                0x000000000010d210                __aeabi_idiv0
 .text          0x000000000010d214      0x430 /user/5/.base/raymond/home/mdl2lus2osek/gnu-arm/4.4.2.nxt.x86_64.2013/bin/../lib/gcc/arm-elf/4.4.2/thumb/interwork/libgcc.a(_arm_addsubdf3.o)
                0x000000000010d214                __aeabi_drsub
                0x000000000010d21c                __aeabi_dsub
                0x000000000010d21c                __subdf3
                0x000000000010d220                __adddf3
                0x000000000010d220                __aeabi_dadd
                0x000000000010d530                __aeabi_ui2d
                0x000000000010d530                __floatunsidf
                0x000000000010d558                __floatsidf
                0x000000000010d558                __aeabi_i2d
                0x000000000010d584                __extendsfdf2
                0x000000000010d584                __aeabi_f2d
                0x000000000010d5c4                __aeabi_ul2d
                0x000000000010d5c4                __floatundidf
                0x000000000010d5d8                __floatdidf
                0x000000000010d5d8                __aeabi_l2d
 .text          0x000000000010d644      0x49c /user/5/.base/raymond/home/mdl2lus2osek/gnu-arm/4.4.2.nxt.x86_64.2013/bin/../lib/gcc/arm-elf/4.4.2/thumb/interwork/libgcc.a(_arm_muldivdf3.o)
                0x000000000010d644                __aeabi_dmul
                0x000000000010d644                __muldf3
                0x000000000010d8d4                __aeabi_ddiv
                0x000000000010d8d4                __divdf3
 .text          0x000000000010dae0      0x140 /user/5/.base/raymond/home/mdl2lus2osek/gnu-arm/4.4.2.nxt.x86_64.2013/bin/../lib/gcc/arm-elf/4.4.2/thumb/interwork/libgcc.a(_arm_cmpdf2.o)
                0x000000000010dae0                __gtdf2
                0x000000000010dae0                __gedf2
                0x000000000010dae8                __ltdf2
                0x000000000010dae8                __ledf2
                0x000000000010daf0                __cmpdf2
                0x000000000010daf0                __eqdf2
                0x000000000010daf0                __nedf2
                0x000000000010db74                __aeabi_cdrcmple
                0x000000000010db90                __aeabi_cdcmple
                0x000000000010db90                __aeabi_cdcmpeq
                0x000000000010dba8                __aeabi_dcmpeq
                0x000000000010dbc0                __aeabi_dcmplt
                0x000000000010dbd8                __aeabi_dcmple
                0x000000000010dbf0                __aeabi_dcmpge
                0x000000000010dc08                __aeabi_dcmpgt
 .text          0x000000000010dc20       0x5c /user/5/.base/raymond/home/mdl2lus2osek/gnu-arm/4.4.2.nxt.x86_64.2013/bin/../lib/gcc/arm-elf/4.4.2/thumb/interwork/libgcc.a(_arm_fixdfsi.o)
                0x000000000010dc20                __fixdfsi
                0x000000000010dc20                __aeabi_d2iz
 .text          0x000000000010dc7c       0x98 /user/5/.base/raymond/home/mdl2lus2osek/gnu-arm/4.4.2.nxt.x86_64.2013/bin/../lib/gcc/arm-elf/4.4.2/../../../../arm-elf/lib/thumb/interwork/libc.a(lib_a-memset.o)
                0x000000000010dc7c                memset
 .text          0x000000000010dd14       0x10 /user/5/.base/raymond/home/mdl2lus2osek/gnu-arm/4.4.2.nxt.x86_64.2013/bin/../lib/gcc/arm-elf/4.4.2/../../../../arm-elf/lib/thumb/interwork/libc.a(lib_a-strcpy.o)
                0x000000000010dd14                strcpy
 .text          0x000000000010dd24       0x10 /user/5/.base/raymond/home/mdl2lus2osek/gnu-arm/4.4.2.nxt.x86_64.2013/bin/../lib/gcc/arm-elf/4.4.2/../../../../arm-elf/lib/thumb/interwork/libc.a(lib_a-strlen.o)
                0x000000000010dd24                strlen
                0x000000000010dd40                . = ALIGN (0x10)
 *fill*         0x000000000010dd34        0xc 00
 *(*.rodata *.rodata.*)
 .rodata.search_table.1033
                0x000000000010dd40       0x10 ./build/task.o
 .rodata.tnum_resource
                0x000000000010dd50        0x1 ./build/kernel_cfg.o
                0x000000000010dd50                tnum_resource
 *fill*         0x000000000010dd51        0x3 00
 .rodata.alminib_cback
                0x000000000010dd54        0x8 ./build/kernel_cfg.o
                0x000000000010dd54                alminib_cback
 .rodata.alminib_cntid
                0x000000000010dd5c        0x4 ./build/kernel_cfg.o
                0x000000000010dd5c                alminib_cntid
 .rodata.tinib_maxact
                0x000000000010dd60        0x4 ./build/kernel_cfg.o
                0x000000000010dd60                tinib_maxact
 .rodata.lcd    0x000000000010dd64        0x1 ./build/kernel_cfg.o
                0x000000000010dd64                lcd
 *fill*         0x000000000010dd65        0x3 00
 .rodata.cntinib_tickbase
                0x000000000010dd68        0x4 ./build/kernel_cfg.o
                0x000000000010dd68                cntinib_tickbase
 .rodata.tnum_task
                0x000000000010dd6c        0x1 ./build/kernel_cfg.o
                0x000000000010dd6c                tnum_task
 *fill*         0x000000000010dd6d        0x3 00
 .rodata.cntinib_maxval
                0x000000000010dd70        0x4 ./build/kernel_cfg.o
                0x000000000010dd70                cntinib_maxval
 .rodata.alminib_almval
                0x000000000010dd74        0x8 ./build/kernel_cfg.o
                0x000000000010dd74                alminib_almval
 .rodata.tinib_stksz
                0x000000000010dd7c        0x4 ./build/kernel_cfg.o
                0x000000000010dd7c                tinib_stksz
 .rodata.alminib_cycle
                0x000000000010dd80        0x8 ./build/kernel_cfg.o
                0x000000000010dd80                alminib_cycle
 .rodata.tinib_inipri
                0x000000000010dd88        0x4 ./build/kernel_cfg.o
                0x000000000010dd88                tinib_inipri
 .rodata.tnum_counter
                0x000000000010dd8c        0x1 ./build/kernel_cfg.o
                0x000000000010dd8c                tnum_counter
 *fill*         0x000000000010dd8d        0x3 00
 .rodata.cntinib_maxval2
                0x000000000010dd90        0x4 ./build/kernel_cfg.o
                0x000000000010dd90                cntinib_maxval2
 .rodata.tinib_stk
                0x000000000010dd94        0x8 ./build/kernel_cfg.o
                0x000000000010dd94                tinib_stk
 .rodata.tnum_exttask
                0x000000000010dd9c        0x1 ./build/kernel_cfg.o
                0x000000000010dd9c                tnum_exttask
 *fill*         0x000000000010dd9d        0x3 00
 .rodata.tinib_exepri
                0x000000000010dda0        0x4 ./build/kernel_cfg.o
                0x000000000010dda0                tinib_exepri
 .rodata.tinib_autoact
                0x000000000010dda4        0x4 ./build/kernel_cfg.o
                0x000000000010dda4                tinib_autoact
 .rodata.SysTimerCnt
                0x000000000010dda8        0x1 ./build/kernel_cfg.o
                0x000000000010dda8                SysTimerCnt
 *fill*         0x000000000010dda9        0x3 00
 .rodata.isrinib_intpri
                0x000000000010ddac        0x4 ./build/kernel_cfg.o
                0x000000000010ddac                isrinib_intpri
 .rodata.tnum_alarm
                0x000000000010ddb0        0x1 ./build/kernel_cfg.o
                0x000000000010ddb0                tnum_alarm
 *fill*         0x000000000010ddb1        0x3 00
 .rodata.resinib_ceilpri
                0x000000000010ddb4        0x4 ./build/kernel_cfg.o
                0x000000000010ddb4                resinib_ceilpri
 .rodata.tinib_task
                0x000000000010ddb8        0x8 ./build/kernel_cfg.o
                0x000000000010ddb8                tinib_task
 .rodata.alminib_autosta
                0x000000000010ddc0        0x4 ./build/kernel_cfg.o
                0x000000000010ddc0                alminib_autosta
 .rodata.str1.1
                0x000000000010ddc4       0x6c ./build/ecrobot_base.o
 .rodata.exec_addr
                0x000000000010de30        0x4 ./build/ecrobot_base.o
                0x000000000010de30                exec_addr
 .rodata.str1.1
                0x000000000010de34       0x39 ./build/controleur_glue.o
 *fill*         0x000000000010de6d        0x3 00
 .rodata.str1.1.stub
                0x000000000010de70       0x80 linker stubs
                0x000000000010def0                . = ALIGN (0x10)
 *fill*         0x000000000010def0        0x0 00
 *(*.gnu.linkonce.* .gcc_except_table)
                0x000000000010def0                . = ALIGN (0x10)

.vfp11_veneer   0x0000000000202fd0        0x0
 .vfp11_veneer  0x0000000000000000        0x0 linker stubs

.v4_bx          0x0000000000202fd0        0x0
 .v4_bx         0x0000000000000000        0x0 linker stubs

.tors           0x000000000010def0        0x0
                0x000000000010def0                . = ALIGN (0x10)
                0x000000000010def0                __ctor_begin = .
 *(*.ctors*)
                0x000000000010def0                __ctor_end = .
                0x000000000010def0                . = ALIGN (0x10)
                0x000000000010def0                __dtor_begin = .
 *(*.dtors*)
                0x000000000010def0                __dtor_end = .
                0x000000000010def0                . = ALIGN (0x10)
                0x000000000010def0                __rom_end__ = __dtor_end

.bss            0x0000000000202fd0     0x12bc
 *(*.bss *.bss.*)
 .bss.ready_queue_first
                0x0000000000202fd0       0x10 ./build/task.o
 .bss.ready_primap
                0x0000000000202fe0        0x2 ./build/task.o
 *fill*         0x0000000000202fe2        0x2 00
 .bss.ready_queue_last
                0x0000000000202fe4       0x10 ./build/task.o
 .bss._stack_Planificateur
                0x0000000000202ff4      0x200 ./build/kernel_cfg.o
 .bss._stack_Regulateur
                0x00000000002031f4      0x200 ./build/kernel_cfg.o
 .bss.last_act_time.2732
                0x00000000002033f4        0x4 ./build/ecrobot_base.o
 .bss.status_bar_position
                0x00000000002033f8        0x4 ./build/ecrobot_base.o
 .bss.lcd.2654  0x00000000002033fc      0x320 ./build/ecrobot_base.o
 .bss.status_bar
                0x000000000020371c       0x10 ./build/ecrobot_base.o
 .bss.OS_flag   0x000000000020372c        0x4 ./build/ecrobot_base.o
 .bss.ctx       0x0000000000203730       0x30 ./build/Planificateur.o
 .bss.ctx       0x0000000000203760       0x38 ./build/Regulateur.o
 .bss.capteur_detect
                0x0000000000203798        0x8 ./build/controleur_glue.o
                0x0000000000203798                capteur_detect
 .bss.buttons_i
                0x00000000002037a0        0x4 /user/5/raymond/mdl2lus2osek/current/nxtOSEK/ecrobot/libecrobot.a(ecrobot_interface.o)
 .bss.buttons_states
                0x00000000002037a4       0x14 /user/5/raymond/mdl2lus2osek/current/nxtOSEK/ecrobot/libecrobot.a(ecrobot_interface.o)
 .bss.ecrobot_inputs
                0x00000000002037b8        0x8 /user/5/raymond/mdl2lus2osek/current/nxtOSEK/ecrobot/libecrobot.a(ecrobot_interface.o)
 .bss.systick_ms
                0x00000000002037c0        0x4 /user/5/raymond/mdl2lus2osek/current/nxtOSEK/ecrobot/libecrobot.a(systick.oram)
 .bss.delayedEnable
                0x00000000002037c4        0x1 /user/5/raymond/mdl2lus2osek/current/nxtOSEK/ecrobot/libecrobot.a(udp.oram)
 *fill*         0x00000000002037c5        0x3 00
 .bss.outCnt    0x00000000002037c8        0x4 /user/5/raymond/mdl2lus2osek/current/nxtOSEK/ecrobot/libecrobot.a(udp.oram)
 .bss.outPtr    0x00000000002037cc        0x4 /user/5/raymond/mdl2lus2osek/current/nxtOSEK/ecrobot/libecrobot.a(udp.oram)
 .bss.newAddress
                0x00000000002037d0        0x4 /user/5/raymond/mdl2lus2osek/current/nxtOSEK/ecrobot/libecrobot.a(udp.oram)
 .bss.currentRxBank
                0x00000000002037d4        0x4 /user/5/raymond/mdl2lus2osek/current/nxtOSEK/ecrobot/libecrobot.a(udp.oram)
 .bss.currentFeatures
                0x00000000002037d8        0x4 /user/5/raymond/mdl2lus2osek/current/nxtOSEK/ecrobot/libecrobot.a(udp.oram)
 .bss.currentConfig
                0x00000000002037dc        0x1 /user/5/raymond/mdl2lus2osek/current/nxtOSEK/ecrobot/libecrobot.a(udp.oram)
 *fill*         0x00000000002037dd        0x3 00
 .bss.twi_mask  0x00000000002037e0        0x4 /user/5/raymond/mdl2lus2osek/current/nxtOSEK/ecrobot/libecrobot.a(twi.oram)
 .bss.twi_ptr   0x00000000002037e4        0x4 /user/5/raymond/mdl2lus2osek/current/nxtOSEK/ecrobot/libecrobot.a(twi.oram)
 .bss.twi_pending
                0x00000000002037e8        0x4 /user/5/raymond/mdl2lus2osek/current/nxtOSEK/ecrobot/libecrobot.a(twi.oram)
 .bss.twi_state
                0x00000000002037ec        0x4 /user/5/raymond/mdl2lus2osek/current/nxtOSEK/ecrobot/libecrobot.a(twi.oram)
 .bss.page      0x00000000002037f0        0x1 /user/5/raymond/mdl2lus2osek/current/nxtOSEK/ecrobot/libecrobot.a(nxt_spi.oram)
                0x00000000002037f0                page
 .bss.dirty     0x00000000002037f1        0x1 /user/5/raymond/mdl2lus2osek/current/nxtOSEK/ecrobot/libecrobot.a(nxt_spi.oram)
                0x00000000002037f1                dirty
 *fill*         0x00000000002037f2        0x2 00
 .bss.display   0x00000000002037f4        0x4 /user/5/raymond/mdl2lus2osek/current/nxtOSEK/ecrobot/libecrobot.a(nxt_spi.oram)
                0x00000000002037f4                display
 .bss.interrupts_this_period
                0x00000000002037f8        0x4 /user/5/raymond/mdl2lus2osek/current/nxtOSEK/ecrobot/libecrobot.a(nxt_motors.oram)
 .bss.nxt_motor_initialised
                0x00000000002037fc        0x4 /user/5/raymond/mdl2lus2osek/current/nxtOSEK/ecrobot/libecrobot.a(nxt_motors.oram)
 .bss.motor     0x0000000000203800       0x30 /user/5/raymond/mdl2lus2osek/current/nxtOSEK/ecrobot/libecrobot.a(nxt_motors.oram)
 .bss.display_tick
                0x0000000000203830        0x4 /user/5/raymond/mdl2lus2osek/current/nxtOSEK/ecrobot/libecrobot.a(display.oram)
                0x0000000000203830                display_tick
 .bss.display_array
                0x0000000000203834      0x388 /user/5/raymond/mdl2lus2osek/current/nxtOSEK/ecrobot/libecrobot.a(display.oram)
 .bss.i2c_int_count
                0x0000000000203bbc        0x4 /user/5/raymond/mdl2lus2osek/current/nxtOSEK/ecrobot/libecrobot.a(i2c.oram)
 .bss.i2c_port  0x0000000000203bc0      0x170 /user/5/raymond/mdl2lus2osek/current/nxtOSEK/ecrobot/libecrobot.a(i2c.oram)
 .bss.sound_mode
                0x0000000000203d30        0x1 /user/5/raymond/mdl2lus2osek/current/nxtOSEK/ecrobot/libecrobot.a(sound.oram)
                0x0000000000203d30                sound_mode
 *fill*         0x0000000000203d31        0x3 00
 .bss.in_buf_idx
                0x0000000000203d34        0x4 /user/5/raymond/mdl2lus2osek/current/nxtOSEK/ecrobot/libecrobot.a(bt.oram)
 .bss.buf_ptr   0x0000000000203d38        0x4 /user/5/raymond/mdl2lus2osek/current/nxtOSEK/ecrobot/libecrobot.a(bt.oram)
 .bss.out_buf_ptr
                0x0000000000203d3c        0x1 /user/5/raymond/mdl2lus2osek/current/nxtOSEK/ecrobot/libecrobot.a(bt.oram)
 .bss.in_buf_in_ptr
                0x0000000000203d3d        0x1 /user/5/raymond/mdl2lus2osek/current/nxtOSEK/ecrobot/libecrobot.a(bt.oram)
 .bss.in_buf    0x0000000000203d3e      0x100 /user/5/raymond/mdl2lus2osek/current/nxtOSEK/ecrobot/libecrobot.a(bt.oram)
 *fill*         0x0000000000203e3e        0x2 00
 .bss.link_state
                0x0000000000203e40        0x4 /user/5/raymond/mdl2lus2osek/current/nxtOSEK/ecrobot/libecrobot.a(nxt_avr.oram)
 .bss.update_count
                0x0000000000203e44        0x4 /user/5/raymond/mdl2lus2osek/current/nxtOSEK/ecrobot/libecrobot.a(nxt_avr.oram)
 .bss.nxt_avr_stats
                0x0000000000203e48       0x14 /user/5/raymond/mdl2lus2osek/current/nxtOSEK/ecrobot/libecrobot.a(nxt_avr.oram)
 .bss.debounce_cnt
                0x0000000000203e5c        0x2 /user/5/raymond/mdl2lus2osek/current/nxtOSEK/ecrobot/libecrobot.a(nxt_avr.oram)
 .bss.debounce_state
                0x0000000000203e5e        0x2 /user/5/raymond/mdl2lus2osek/current/nxtOSEK/ecrobot/libecrobot.a(nxt_avr.oram)
 .bss.button_state
                0x0000000000203e60        0x2 /user/5/raymond/mdl2lus2osek/current/nxtOSEK/ecrobot/libecrobot.a(nxt_avr.oram)
 .bss.prev_buttons
                0x0000000000203e62        0x2 /user/5/raymond/mdl2lus2osek/current/nxtOSEK/ecrobot/libecrobot.a(nxt_avr.oram)
 .bss.from_buf  0x0000000000203e64        0x4 /user/5/raymond/mdl2lus2osek/current/nxtOSEK/ecrobot/libecrobot.a(nxt_avr.oram)
 .bss.io_from_avr
                0x0000000000203e68        0x4 /user/5/raymond/mdl2lus2osek/current/nxtOSEK/ecrobot/libecrobot.a(nxt_avr.oram)
 .bss.data_from_avr
                0x0000000000203e6c       0x1a /user/5/raymond/mdl2lus2osek/current/nxtOSEK/ecrobot/libecrobot.a(nxt_avr.oram)
 .bss.data_to_avr
                0x0000000000203e86        0x9 /user/5/raymond/mdl2lus2osek/current/nxtOSEK/ecrobot/libecrobot.a(nxt_avr.oram)
 .bss.io_to_avr
                0x0000000000203e8f        0x8 /user/5/raymond/mdl2lus2osek/current/nxtOSEK/ecrobot/libecrobot.a(nxt_avr.oram)
 *fill*         0x0000000000203e97        0x1 00
 .bss.display   0x0000000000203e98        0x4 /user/5/raymond/mdl2lus2osek/current/nxtOSEK/ecrobot/libecrobot.a(nxt_lcd.oram)
                0x0000000000203ea0                . = ALIGN (0x10)
 *fill*         0x0000000000203e9c        0x4 00
                0x0000000000203ea0                __bss_end__ = .
 COMMON         0x0000000000203ea0        0x2 ./build/interrupt.o
                0x0000000000203ea0                runisr
                0x0000000000203ea1                sus_all_cnt
 *fill*         0x0000000000203ea2        0x2 00
 COMMON         0x0000000000203ea4       0x10 ./build/osctl.o
                0x0000000000203ea4                callevel
                0x0000000000203ea5                _errorhook_svcid
                0x0000000000203ea6                appmode
                0x0000000000203ea8                _errorhook_par1
                0x0000000000203eac                _errorhook_par3
                0x0000000000203eb0                _errorhook_par2
 COMMON         0x0000000000203eb4        0x3 ./build/task.o
                0x0000000000203eb4                runtsk
                0x0000000000203eb5                schedtsk
                0x0000000000203eb6                nextpri
 *fill*         0x0000000000203eb7        0x1 00
 COMMON         0x0000000000203eb8       0x58 ./build/kernel_cfg.o
                0x0000000000203eb8                tcb_waievt
                0x0000000000203ebc                rescb_prevpri
                0x0000000000203ec0                almcb_prev
                0x0000000000203ec4                tcb_lastres
                0x0000000000203ec8                almcb_almval
                0x0000000000203ed0                tcxb_pc
                0x0000000000203ed8                tcb_next
                0x0000000000203edc                tcb_curpri
                0x0000000000203ee0                tcb_tstat
                0x0000000000203ee4                isrcb_lastres
                0x0000000000203ee8                cntcb_almque
                0x0000000000203eec                rescb_prevres
                0x0000000000203ef0                tcb_actcnt
                0x0000000000203ef4                tcb_curevt
                0x0000000000203ef8                almcb_cycle
                0x0000000000203f00                tcxb_sp
                0x0000000000203f08                almcb_next
                0x0000000000203f0c                cntcb_curval
 COMMON         0x0000000000203f10       0x10 ./build/controleur_glue.o
                0x0000000000203f10                noirD
                0x0000000000203f14                blancD
                0x0000000000203f18                blancG
                0x0000000000203f1c                noirG
 COMMON         0x0000000000203f20       0x44 /user/5/raymond/mdl2lus2osek/current/nxtOSEK/ecrobot/libecrobot.a(uart.oram)
                0x0000000000203f20                uart
 COMMON         0x0000000000203f64        0x4 /user/5/raymond/mdl2lus2osek/current/nxtOSEK/ecrobot/libecrobot.a(data_abort.oram)
                0x0000000000203f64                data_abort_pc
 COMMON         0x0000000000203f68        0x8 /user/5/raymond/mdl2lus2osek/current/nxtOSEK/ecrobot/libecrobot.a(display.oram)
                0x0000000000203f68                display_x
                0x0000000000203f6c                display_y
 COMMON         0x0000000000203f70      0x31c /user/5/raymond/mdl2lus2osek/current/nxtOSEK/ecrobot/libecrobot.a(sound.oram)
                0x0000000000203f70                sample
                0x0000000000202fd0                __bss_start__ = ADDR (.bss)
                0x000000000020428c                __bss_end__ = (ADDR (.bss) + SIZEOF (.bss))
                0x000000000020428c                PROVIDE (end, .)

.heap_area      0x000000000020428c     0xb8ec
                0x000000000020fb78                . = (. + (0x20fb78 - end))
 *fill*         0x000000000020428c     0xb8ec 00

.stack          0x000000000020fb78      0x488
                0x000000000020fbf8                . = (. + 0x80)
 *fill*         0x000000000020fb78       0x80 00
                0x000000000020fc00                . = ALIGN (0x10)
 *fill*         0x000000000020fbf8        0x8 00
                0x000000000020fc00                __irq_stack__ = .
                0x000000000020fc00                __system_stack_bottom__ = .
                0x0000000000210000                . = (. + 0x400)
 *fill*         0x000000000020fc00      0x400 00
                0x0000000000210000                . = ALIGN (0x10)
                0x0000000000210000                __system_stack__ = .
                0x0000000000210000                __system_stack_top__ = .
                0x000000000020fb78                __stack_start__ = ADDR (.stack)
                0x0000000000210000                __stack_end__ = (ADDR (.stack) + SIZEOF (.stack))
OUTPUT(Robot_rom.elf elf32-littlearm)

.comment        0x0000000000000000      0x18b
 .comment       0x0000000000000000       0x11 ./build/alarm.o
                                         0x12 (size before relaxing)
 .comment       0x0000000000000000       0x12 ./build/event.o
 .comment       0x0000000000000000       0x12 ./build/interrupt.o
 .comment       0x0000000000000000       0x12 ./build/osctl.o
 .comment       0x0000000000000000       0x12 ./build/resource.o
 .comment       0x0000000000000000       0x12 ./build/task.o
 .comment       0x0000000000000000       0x12 ./build/task_manage.o
 .comment       0x0000000000000000       0x12 ./build/cpu_config.o
 .comment       0x0000000000000000       0x12 ./build/sys_config.o
 .comment       0x0000000000000000       0x12 ./build/kernel_cfg.o
 .comment       0x0000000000000000       0x12 ./build/syscalls.o
 .comment       0x0000000000000000       0x12 ./build/ecrobot_bluetooth.o
 .comment       0x0000000000000000       0x12 ./build/ecrobot_base.o
 .comment       0x0000000000000000       0x12 ./build/ecrobot.o
 .comment       0x0000000000000000       0x12 ./build/Planificateur.o
 .comment       0x0000000000000000       0x12 ./build/Regulateur.o
 .comment       0x0000000000000000       0x12 ./build/controleur_glue.o
 .comment       0x0000000000000000       0x12 ./build/hw_sys_timer.oram
 .comment       0x0000000000000011       0x12 /user/5/raymond/mdl2lus2osek/current/nxtOSEK/ecrobot/libecrobot.a(ecrobot_interface.o)
 .comment       0x0000000000000023       0x12 /user/5/raymond/mdl2lus2osek/current/nxtOSEK/ecrobot/libecrobot.a(osek_hook.o)
 .comment       0x0000000000000035       0x12 /user/5/raymond/mdl2lus2osek/current/nxtOSEK/ecrobot/libecrobot.a(uart.oram)
 .comment       0x0000000000000047       0x12 /user/5/raymond/mdl2lus2osek/current/nxtOSEK/ecrobot/libecrobot.a(systick.oram)
 .comment       0x0000000000000059       0x12 /user/5/raymond/mdl2lus2osek/current/nxtOSEK/ecrobot/libecrobot.a(byte_fifo.oram)
 .comment       0x000000000000006b       0x12 /user/5/raymond/mdl2lus2osek/current/nxtOSEK/ecrobot/libecrobot.a(aic.oram)
 .comment       0x000000000000007d       0x12 /user/5/raymond/mdl2lus2osek/current/nxtOSEK/ecrobot/libecrobot.a(udp.oram)
 .comment       0x000000000000008f       0x12 /user/5/raymond/mdl2lus2osek/current/nxtOSEK/ecrobot/libecrobot.a(twi.oram)
 .comment       0x00000000000000a1       0x12 /user/5/raymond/mdl2lus2osek/current/nxtOSEK/ecrobot/libecrobot.a(nxt_spi.oram)
 .comment       0x00000000000000b3       0x12 /user/5/raymond/mdl2lus2osek/current/nxtOSEK/ecrobot/libecrobot.a(nxt_motors.oram)
 .comment       0x00000000000000c5       0x12 /user/5/raymond/mdl2lus2osek/current/nxtOSEK/ecrobot/libecrobot.a(data_abort.oram)
 .comment       0x00000000000000d7       0x12 /user/5/raymond/mdl2lus2osek/current/nxtOSEK/ecrobot/libecrobot.a(display.oram)
 .comment       0x00000000000000e9       0x12 /user/5/raymond/mdl2lus2osek/current/nxtOSEK/ecrobot/libecrobot.a(i2c.oram)
 .comment       0x00000000000000fb       0x12 /user/5/raymond/mdl2lus2osek/current/nxtOSEK/ecrobot/libecrobot.a(sound.oram)
 .comment       0x000000000000010d       0x12 /user/5/raymond/mdl2lus2osek/current/nxtOSEK/ecrobot/libecrobot.a(bt.oram)
 .comment       0x000000000000011f       0x12 /user/5/raymond/mdl2lus2osek/current/nxtOSEK/ecrobot/libecrobot.a(nxt_avr.oram)
 .comment       0x0000000000000131       0x12 /user/5/raymond/mdl2lus2osek/current/nxtOSEK/ecrobot/libecrobot.a(sensors.oram)
 .comment       0x0000000000000143       0x12 /user/5/raymond/mdl2lus2osek/current/nxtOSEK/ecrobot/libecrobot.a(nxt_lcd.oram)
 .comment       0x0000000000000155       0x12 /user/5/raymond/mdl2lus2osek/current/nxtOSEK/ecrobot/libecrobot.a(flash_loader.oram)
 .comment       0x0000000000000167       0x12 /user/5/raymond/mdl2lus2osek/current/nxtOSEK/ecrobot/libecrobot.a(ecrobot_usb.o)
 .comment       0x0000000000000179       0x12 /user/5/raymond/mdl2lus2osek/current/nxtOSEK/ecrobot/libecrobot.a(flashprog.oram)
 .comment       0x0000000000000000       0x12 /user/5/.base/raymond/home/mdl2lus2osek/gnu-arm/4.4.2.nxt.x86_64.2013/bin/../lib/gcc/arm-elf/4.4.2/thumb/interwork/libgcc.a(_muldi3.o)
 .comment       0x0000000000000000       0x12 /user/5/.base/raymond/home/mdl2lus2osek/gnu-arm/4.4.2.nxt.x86_64.2013/bin/../lib/gcc/arm-elf/4.4.2/thumb/interwork/libgcc.a(_divdi3.o)
 .comment       0x0000000000000000       0x12 /user/5/.base/raymond/home/mdl2lus2osek/gnu-arm/4.4.2.nxt.x86_64.2013/bin/../lib/gcc/arm-elf/4.4.2/../../../../arm-elf/lib/thumb/interwork/libc.a(lib_a-memcpy.o)
 .comment       0x0000000000000000       0x12 /user/5/.base/raymond/home/mdl2lus2osek/gnu-arm/4.4.2.nxt.x86_64.2013/bin/../lib/gcc/arm-elf/4.4.2/../../../../arm-elf/lib/thumb/interwork/libc.a(lib_a-memset.o)
 .comment       0x0000000000000000       0x12 /user/5/.base/raymond/home/mdl2lus2osek/gnu-arm/4.4.2.nxt.x86_64.2013/bin/../lib/gcc/arm-elf/4.4.2/../../../../arm-elf/lib/thumb/interwork/libc.a(lib_a-strcmp.o)
 .comment       0x0000000000000000       0x12 /user/5/.base/raymond/home/mdl2lus2osek/gnu-arm/4.4.2.nxt.x86_64.2013/bin/../lib/gcc/arm-elf/4.4.2/../../../../arm-elf/lib/thumb/interwork/libc.a(lib_a-strcpy.o)
 .comment       0x0000000000000000       0x12 /user/5/.base/raymond/home/mdl2lus2osek/gnu-arm/4.4.2.nxt.x86_64.2013/bin/../lib/gcc/arm-elf/4.4.2/../../../../arm-elf/lib/thumb/interwork/libc.a(lib_a-strlen.o)
 .comment       0x0000000000000000       0x12 /user/5/.base/raymond/home/mdl2lus2osek/gnu-arm/4.4.2.nxt.x86_64.2013/bin/../lib/gcc/arm-elf/4.4.2/../../../../arm-elf/lib/thumb/interwork/libc.a(lib_a-strncpy.o)

.ARM.attributes
                0x0000000000000000       0x10
 .ARM.attributes
                0x0000000000000000       0x10 ./build/alarm.o
 .ARM.attributes
                0x0000000000000010       0x10 ./build/event.o
 .ARM.attributes
                0x0000000000000020       0x10 ./build/interrupt.o
 .ARM.attributes
                0x0000000000000030       0x10 ./build/osctl.o
 .ARM.attributes
                0x0000000000000040       0x10 ./build/resource.o
 .ARM.attributes
                0x0000000000000050       0x10 ./build/task.o
 .ARM.attributes
                0x0000000000000060       0x10 ./build/task_manage.o
 .ARM.attributes
                0x0000000000000070       0x10 ./build/cpu_config.o
 .ARM.attributes
                0x0000000000000080       0x10 ./build/sys_config.o
 .ARM.attributes
                0x0000000000000090       0x10 ./build/kernel_cfg.o
 .ARM.attributes
                0x00000000000000a0       0x10 ./build/syscalls.o
 .ARM.attributes
                0x00000000000000b0       0x10 ./build/ecrobot_bluetooth.o
 .ARM.attributes
                0x00000000000000c0       0x10 ./build/ecrobot_base.o
 .ARM.attributes
                0x00000000000000d0       0x10 ./build/ecrobot.o
 .ARM.attributes
                0x00000000000000e0       0x10 ./build/Planificateur.o
 .ARM.attributes
                0x00000000000000f0       0x10 ./build/Regulateur.o
 .ARM.attributes
                0x0000000000000100       0x10 ./build/controleur_glue.o
 .ARM.attributes
                0x0000000000000110       0x10 ./build/hw_sys_timer.oram
 .ARM.attributes
                0x0000000000000120       0x10 ./build/vectors.o
 .ARM.attributes
                0x0000000000000130       0x10 ./build/debug.o
 .ARM.attributes
                0x0000000000000140       0x10 ./build/sys_support.o
 .ARM.attributes
                0x0000000000000150       0x10 ./build/nxt_binary_header.o
 .ARM.attributes
                0x0000000000000160       0x10 ./build/nxt_entry_point.o
 .ARM.attributes
                0x0000000000000170       0x10 ./build/ecrobot_init.o
 .ARM.attributes
                0x0000000000000180       0x10 ./build/cpu_support.o
 .ARM.attributes
                0x0000000000000190       0x10 ./build/irq.oram
 .ARM.attributes
                0x00000000000001a0       0x10 /user/5/.base/raymond/home/mdl2lus2osek/gnu-arm/4.4.2.nxt.x86_64.2013/bin/../lib/gcc/arm-elf/4.4.2/thumb/interwork/libgcc.a(_udivsi3.o)
 .ARM.attributes
                0x00000000000001b0       0x10 /user/5/.base/raymond/home/mdl2lus2osek/gnu-arm/4.4.2.nxt.x86_64.2013/bin/../lib/gcc/arm-elf/4.4.2/thumb/interwork/libgcc.a(_divsi3.o)
 .ARM.attributes
                0x00000000000001c0       0x10 /user/5/.base/raymond/home/mdl2lus2osek/gnu-arm/4.4.2.nxt.x86_64.2013/bin/../lib/gcc/arm-elf/4.4.2/thumb/interwork/libgcc.a(_umodsi3.o)
 .ARM.attributes
                0x00000000000001d0       0x10 /user/5/.base/raymond/home/mdl2lus2osek/gnu-arm/4.4.2.nxt.x86_64.2013/bin/../lib/gcc/arm-elf/4.4.2/thumb/interwork/libgcc.a(_modsi3.o)
 .ARM.attributes
                0x00000000000001e0       0x10 /user/5/.base/raymond/home/mdl2lus2osek/gnu-arm/4.4.2.nxt.x86_64.2013/bin/../lib/gcc/arm-elf/4.4.2/thumb/interwork/libgcc.a(_dvmd_tls.o)
 .ARM.attributes
                0x00000000000001f0       0x10 /user/5/.base/raymond/home/mdl2lus2osek/gnu-arm/4.4.2.nxt.x86_64.2013/bin/../lib/gcc/arm-elf/4.4.2/thumb/interwork/libgcc.a(_arm_addsubdf3.o)
 .ARM.attributes
                0x0000000000000200       0x10 /user/5/.base/raymond/home/mdl2lus2osek/gnu-arm/4.4.2.nxt.x86_64.2013/bin/../lib/gcc/arm-elf/4.4.2/thumb/interwork/libgcc.a(_arm_muldivdf3.o)
 .ARM.attributes
                0x0000000000000210       0x10 /user/5/.base/raymond/home/mdl2lus2osek/gnu-arm/4.4.2.nxt.x86_64.2013/bin/../lib/gcc/arm-elf/4.4.2/thumb/interwork/libgcc.a(_arm_cmpdf2.o)
 .ARM.attributes
                0x0000000000000220       0x10 /user/5/.base/raymond/home/mdl2lus2osek/gnu-arm/4.4.2.nxt.x86_64.2013/bin/../lib/gcc/arm-elf/4.4.2/thumb/interwork/libgcc.a(_arm_fixdfsi.o)
 .ARM.attributes
                0x0000000000000230       0x10 /user/5/.base/raymond/home/mdl2lus2osek/gnu-arm/4.4.2.nxt.x86_64.2013/bin/../lib/gcc/arm-elf/4.4.2/thumb/interwork/libgcc.a(_muldi3.o)
 .ARM.attributes
                0x0000000000000240       0x10 /user/5/.base/raymond/home/mdl2lus2osek/gnu-arm/4.4.2.nxt.x86_64.2013/bin/../lib/gcc/arm-elf/4.4.2/thumb/interwork/libgcc.a(_divdi3.o)
 .ARM.attributes
                0x0000000000000250       0x10 /user/5/.base/raymond/home/mdl2lus2osek/gnu-arm/4.4.2.nxt.x86_64.2013/bin/../lib/gcc/arm-elf/4.4.2/thumb/interwork/libgcc.a(_clzsi2.o)
 .ARM.attributes
                0x0000000000000260       0x10 /user/5/.base/raymond/home/mdl2lus2osek/gnu-arm/4.4.2.nxt.x86_64.2013/bin/../lib/gcc/arm-elf/4.4.2/../../../../arm-elf/lib/thumb/interwork/libc.a(lib_a-memcpy.o)
 .ARM.attributes
                0x0000000000000270       0x10 /user/5/.base/raymond/home/mdl2lus2osek/gnu-arm/4.4.2.nxt.x86_64.2013/bin/../lib/gcc/arm-elf/4.4.2/../../../../arm-elf/lib/thumb/interwork/libc.a(lib_a-memset.o)
 .ARM.attributes
                0x0000000000000280       0x10 /user/5/.base/raymond/home/mdl2lus2osek/gnu-arm/4.4.2.nxt.x86_64.2013/bin/../lib/gcc/arm-elf/4.4.2/../../../../arm-elf/lib/thumb/interwork/libc.a(lib_a-strcmp.o)
 .ARM.attributes
                0x0000000000000290       0x10 /user/5/.base/raymond/home/mdl2lus2osek/gnu-arm/4.4.2.nxt.x86_64.2013/bin/../lib/gcc/arm-elf/4.4.2/../../../../arm-elf/lib/thumb/interwork/libc.a(lib_a-strcpy.o)
 .ARM.attributes
                0x00000000000002a0       0x10 /user/5/.base/raymond/home/mdl2lus2osek/gnu-arm/4.4.2.nxt.x86_64.2013/bin/../lib/gcc/arm-elf/4.4.2/../../../../arm-elf/lib/thumb/interwork/libc.a(lib_a-strlen.o)
 .ARM.attributes
                0x00000000000002b0       0x10 /user/5/.base/raymond/home/mdl2lus2osek/gnu-arm/4.4.2.nxt.x86_64.2013/bin/../lib/gcc/arm-elf/4.4.2/../../../../arm-elf/lib/thumb/interwork/libc.a(lib_a-strncpy.o)
 .ARM.attributes
                0x00000000000002c0       0x10 ./build/vectors.o

.debug_frame    0x0000000000000000       0xa0
 .debug_frame   0x0000000000000000       0x28 /user/5/.base/raymond/home/mdl2lus2osek/gnu-arm/4.4.2.nxt.x86_64.2013/bin/../lib/gcc/arm-elf/4.4.2/thumb/interwork/libgcc.a(_udivsi3.o)
 .debug_frame   0x0000000000000028       0x28 /user/5/.base/raymond/home/mdl2lus2osek/gnu-arm/4.4.2.nxt.x86_64.2013/bin/../lib/gcc/arm-elf/4.4.2/thumb/interwork/libgcc.a(_divsi3.o)
 .debug_frame   0x0000000000000050       0x28 /user/5/.base/raymond/home/mdl2lus2osek/gnu-arm/4.4.2.nxt.x86_64.2013/bin/../lib/gcc/arm-elf/4.4.2/thumb/interwork/libgcc.a(_umodsi3.o)
 .debug_frame   0x0000000000000078       0x28 /user/5/.base/raymond/home/mdl2lus2osek/gnu-arm/4.4.2.nxt.x86_64.2013/bin/../lib/gcc/arm-elf/4.4.2/thumb/interwork/libgcc.a(_modsi3.o)

.debug_line     0x0000000000000000     0x10dc
 .debug_line    0x0000000000000000       0x9b /user/5/.base/raymond/home/mdl2lus2osek/gnu-arm/4.4.2.nxt.x86_64.2013/bin/../lib/gcc/arm-elf/4.4.2/thumb/interwork/libgcc.a(_udivsi3.o)
 .debug_line    0x000000000000009b       0xa7 /user/5/.base/raymond/home/mdl2lus2osek/gnu-arm/4.4.2.nxt.x86_64.2013/bin/../lib/gcc/arm-elf/4.4.2/thumb/interwork/libgcc.a(_divsi3.o)
 .debug_line    0x0000000000000142       0x93 /user/5/.base/raymond/home/mdl2lus2osek/gnu-arm/4.4.2.nxt.x86_64.2013/bin/../lib/gcc/arm-elf/4.4.2/thumb/interwork/libgcc.a(_umodsi3.o)
 .debug_line    0x00000000000001d5       0x9c /user/5/.base/raymond/home/mdl2lus2osek/gnu-arm/4.4.2.nxt.x86_64.2013/bin/../lib/gcc/arm-elf/4.4.2/thumb/interwork/libgcc.a(_modsi3.o)
 .debug_line    0x0000000000000271       0x85 /user/5/.base/raymond/home/mdl2lus2osek/gnu-arm/4.4.2.nxt.x86_64.2013/bin/../lib/gcc/arm-elf/4.4.2/thumb/interwork/libgcc.a(_dvmd_tls.o)
 .debug_line    0x00000000000002f6      0x18d /user/5/.base/raymond/home/mdl2lus2osek/gnu-arm/4.4.2.nxt.x86_64.2013/bin/../lib/gcc/arm-elf/4.4.2/thumb/interwork/libgcc.a(_arm_addsubdf3.o)
 .debug_line    0x0000000000000483      0x1a2 /user/5/.base/raymond/home/mdl2lus2osek/gnu-arm/4.4.2.nxt.x86_64.2013/bin/../lib/gcc/arm-elf/4.4.2/thumb/interwork/libgcc.a(_arm_muldivdf3.o)
 .debug_line    0x0000000000000625       0xcf /user/5/.base/raymond/home/mdl2lus2osek/gnu-arm/4.4.2.nxt.x86_64.2013/bin/../lib/gcc/arm-elf/4.4.2/thumb/interwork/libgcc.a(_arm_cmpdf2.o)
 .debug_line    0x00000000000006f4       0x9a /user/5/.base/raymond/home/mdl2lus2osek/gnu-arm/4.4.2.nxt.x86_64.2013/bin/../lib/gcc/arm-elf/4.4.2/thumb/interwork/libgcc.a(_arm_fixdfsi.o)
 .debug_line    0x000000000000078e       0x90 /user/5/.base/raymond/home/mdl2lus2osek/gnu-arm/4.4.2.nxt.x86_64.2013/bin/../lib/gcc/arm-elf/4.4.2/thumb/interwork/libgcc.a(_muldi3.o)
 .debug_line    0x000000000000081e       0xf1 /user/5/.base/raymond/home/mdl2lus2osek/gnu-arm/4.4.2.nxt.x86_64.2013/bin/../lib/gcc/arm-elf/4.4.2/thumb/interwork/libgcc.a(_divdi3.o)
 .debug_line    0x000000000000090f       0x92 /user/5/.base/raymond/home/mdl2lus2osek/gnu-arm/4.4.2.nxt.x86_64.2013/bin/../lib/gcc/arm-elf/4.4.2/thumb/interwork/libgcc.a(_clzsi2.o)
 .debug_line    0x00000000000009a1      0x180 /user/5/.base/raymond/home/mdl2lus2osek/gnu-arm/4.4.2.nxt.x86_64.2013/bin/../lib/gcc/arm-elf/4.4.2/../../../../arm-elf/lib/thumb/interwork/libc.a(lib_a-memcpy.o)
 .debug_line    0x0000000000000b21      0x17b /user/5/.base/raymond/home/mdl2lus2osek/gnu-arm/4.4.2.nxt.x86_64.2013/bin/../lib/gcc/arm-elf/4.4.2/../../../../arm-elf/lib/thumb/interwork/libc.a(lib_a-memset.o)
 .debug_line    0x0000000000000c9c       0xd5 /user/5/.base/raymond/home/mdl2lus2osek/gnu-arm/4.4.2.nxt.x86_64.2013/bin/../lib/gcc/arm-elf/4.4.2/../../../../arm-elf/lib/thumb/interwork/libc.a(lib_a-strcmp.o)
 .debug_line    0x0000000000000d71       0xd5 /user/5/.base/raymond/home/mdl2lus2osek/gnu-arm/4.4.2.nxt.x86_64.2013/bin/../lib/gcc/arm-elf/4.4.2/../../../../arm-elf/lib/thumb/interwork/libc.a(lib_a-strcpy.o)
 .debug_line    0x0000000000000e46      0x141 /user/5/.base/raymond/home/mdl2lus2osek/gnu-arm/4.4.2.nxt.x86_64.2013/bin/../lib/gcc/arm-elf/4.4.2/../../../../arm-elf/lib/thumb/interwork/libc.a(lib_a-strlen.o)
 .debug_line    0x0000000000000f87      0x155 /user/5/.base/raymond/home/mdl2lus2osek/gnu-arm/4.4.2.nxt.x86_64.2013/bin/../lib/gcc/arm-elf/4.4.2/../../../../arm-elf/lib/thumb/interwork/libc.a(lib_a-strncpy.o)

.debug_info     0x0000000000000000     0x1641
 .debug_info    0x0000000000000000       0xd1 /user/5/.base/raymond/home/mdl2lus2osek/gnu-arm/4.4.2.nxt.x86_64.2013/bin/../lib/gcc/arm-elf/4.4.2/thumb/interwork/libgcc.a(_udivsi3.o)
 .debug_info    0x00000000000000d1       0xd1 /user/5/.base/raymond/home/mdl2lus2osek/gnu-arm/4.4.2.nxt.x86_64.2013/bin/../lib/gcc/arm-elf/4.4.2/thumb/interwork/libgcc.a(_divsi3.o)
 .debug_info    0x00000000000001a2       0xd1 /user/5/.base/raymond/home/mdl2lus2osek/gnu-arm/4.4.2.nxt.x86_64.2013/bin/../lib/gcc/arm-elf/4.4.2/thumb/interwork/libgcc.a(_umodsi3.o)
 .debug_info    0x0000000000000273       0xd1 /user/5/.base/raymond/home/mdl2lus2osek/gnu-arm/4.4.2.nxt.x86_64.2013/bin/../lib/gcc/arm-elf/4.4.2/thumb/interwork/libgcc.a(_modsi3.o)
 .debug_info    0x0000000000000344       0xd1 /user/5/.base/raymond/home/mdl2lus2osek/gnu-arm/4.4.2.nxt.x86_64.2013/bin/../lib/gcc/arm-elf/4.4.2/thumb/interwork/libgcc.a(_dvmd_tls.o)
 .debug_info    0x0000000000000415       0xd0 /user/5/.base/raymond/home/mdl2lus2osek/gnu-arm/4.4.2.nxt.x86_64.2013/bin/../lib/gcc/arm-elf/4.4.2/thumb/interwork/libgcc.a(_arm_addsubdf3.o)
 .debug_info    0x00000000000004e5       0xd0 /user/5/.base/raymond/home/mdl2lus2osek/gnu-arm/4.4.2.nxt.x86_64.2013/bin/../lib/gcc/arm-elf/4.4.2/thumb/interwork/libgcc.a(_arm_muldivdf3.o)
 .debug_info    0x00000000000005b5       0xd0 /user/5/.base/raymond/home/mdl2lus2osek/gnu-arm/4.4.2.nxt.x86_64.2013/bin/../lib/gcc/arm-elf/4.4.2/thumb/interwork/libgcc.a(_arm_cmpdf2.o)
 .debug_info    0x0000000000000685       0xd0 /user/5/.base/raymond/home/mdl2lus2osek/gnu-arm/4.4.2.nxt.x86_64.2013/bin/../lib/gcc/arm-elf/4.4.2/thumb/interwork/libgcc.a(_arm_fixdfsi.o)
 .debug_info    0x0000000000000755      0x20e /user/5/.base/raymond/home/mdl2lus2osek/gnu-arm/4.4.2.nxt.x86_64.2013/bin/../lib/gcc/arm-elf/4.4.2/thumb/interwork/libgcc.a(_muldi3.o)
 .debug_info    0x0000000000000963      0x669 /user/5/.base/raymond/home/mdl2lus2osek/gnu-arm/4.4.2.nxt.x86_64.2013/bin/../lib/gcc/arm-elf/4.4.2/thumb/interwork/libgcc.a(_divdi3.o)
 .debug_info    0x0000000000000fcc       0xd1 /user/5/.base/raymond/home/mdl2lus2osek/gnu-arm/4.4.2.nxt.x86_64.2013/bin/../lib/gcc/arm-elf/4.4.2/thumb/interwork/libgcc.a(_clzsi2.o)
 .debug_info    0x000000000000109d      0x13e /user/5/.base/raymond/home/mdl2lus2osek/gnu-arm/4.4.2.nxt.x86_64.2013/bin/../lib/gcc/arm-elf/4.4.2/../../../../arm-elf/lib/thumb/interwork/libc.a(lib_a-memcpy.o)
 .debug_info    0x00000000000011db      0x111 /user/5/.base/raymond/home/mdl2lus2osek/gnu-arm/4.4.2.nxt.x86_64.2013/bin/../lib/gcc/arm-elf/4.4.2/../../../../arm-elf/lib/thumb/interwork/libc.a(lib_a-memset.o)
 .debug_info    0x00000000000012ec       0xaf /user/5/.base/raymond/home/mdl2lus2osek/gnu-arm/4.4.2.nxt.x86_64.2013/bin/../lib/gcc/arm-elf/4.4.2/../../../../arm-elf/lib/thumb/interwork/libc.a(lib_a-strcmp.o)
 .debug_info    0x000000000000139b       0xb7 /user/5/.base/raymond/home/mdl2lus2osek/gnu-arm/4.4.2.nxt.x86_64.2013/bin/../lib/gcc/arm-elf/4.4.2/../../../../arm-elf/lib/thumb/interwork/libc.a(lib_a-strcpy.o)
 .debug_info    0x0000000000001452       0xcb /user/5/.base/raymond/home/mdl2lus2osek/gnu-arm/4.4.2.nxt.x86_64.2013/bin/../lib/gcc/arm-elf/4.4.2/../../../../arm-elf/lib/thumb/interwork/libc.a(lib_a-strlen.o)
 .debug_info    0x000000000000151d      0x124 /user/5/.base/raymond/home/mdl2lus2osek/gnu-arm/4.4.2.nxt.x86_64.2013/bin/../lib/gcc/arm-elf/4.4.2/../../../../arm-elf/lib/thumb/interwork/libc.a(lib_a-strncpy.o)

.debug_abbrev   0x0000000000000000      0x688
 .debug_abbrev  0x0000000000000000       0x14 /user/5/.base/raymond/home/mdl2lus2osek/gnu-arm/4.4.2.nxt.x86_64.2013/bin/../lib/gcc/arm-elf/4.4.2/thumb/interwork/libgcc.a(_udivsi3.o)
 .debug_abbrev  0x0000000000000014       0x14 /user/5/.base/raymond/home/mdl2lus2osek/gnu-arm/4.4.2.nxt.x86_64.2013/bin/../lib/gcc/arm-elf/4.4.2/thumb/interwork/libgcc.a(_divsi3.o)
 .debug_abbrev  0x0000000000000028       0x14 /user/5/.base/raymond/home/mdl2lus2osek/gnu-arm/4.4.2.nxt.x86_64.2013/bin/../lib/gcc/arm-elf/4.4.2/thumb/interwork/libgcc.a(_umodsi3.o)
 .debug_abbrev  0x000000000000003c       0x14 /user/5/.base/raymond/home/mdl2lus2osek/gnu-arm/4.4.2.nxt.x86_64.2013/bin/../lib/gcc/arm-elf/4.4.2/thumb/interwork/libgcc.a(_modsi3.o)
 .debug_abbrev  0x0000000000000050       0x14 /user/5/.base/raymond/home/mdl2lus2osek/gnu-arm/4.4.2.nxt.x86_64.2013/bin/../lib/gcc/arm-elf/4.4.2/thumb/interwork/libgcc.a(_dvmd_tls.o)
 .debug_abbrev  0x0000000000000064       0x14 /user/5/.base/raymond/home/mdl2lus2osek/gnu-arm/4.4.2.nxt.x86_64.2013/bin/../lib/gcc/arm-elf/4.4.2/thumb/interwork/libgcc.a(_arm_addsubdf3.o)
 .debug_abbrev  0x0000000000000078       0x14 /user/5/.base/raymond/home/mdl2lus2osek/gnu-arm/4.4.2.nxt.x86_64.2013/bin/../lib/gcc/arm-elf/4.4.2/thumb/interwork/libgcc.a(_arm_muldivdf3.o)
 .debug_abbrev  0x000000000000008c       0x14 /user/5/.base/raymond/home/mdl2lus2osek/gnu-arm/4.4.2.nxt.x86_64.2013/bin/../lib/gcc/arm-elf/4.4.2/thumb/interwork/libgcc.a(_arm_cmpdf2.o)
 .debug_abbrev  0x00000000000000a0       0x14 /user/5/.base/raymond/home/mdl2lus2osek/gnu-arm/4.4.2.nxt.x86_64.2013/bin/../lib/gcc/arm-elf/4.4.2/thumb/interwork/libgcc.a(_arm_fixdfsi.o)
 .debug_abbrev  0x00000000000000b4       0xf5 /user/5/.base/raymond/home/mdl2lus2osek/gnu-arm/4.4.2.nxt.x86_64.2013/bin/../lib/gcc/arm-elf/4.4.2/thumb/interwork/libgcc.a(_muldi3.o)
 .debug_abbrev  0x00000000000001a9      0x169 /user/5/.base/raymond/home/mdl2lus2osek/gnu-arm/4.4.2.nxt.x86_64.2013/bin/../lib/gcc/arm-elf/4.4.2/thumb/interwork/libgcc.a(_divdi3.o)
 .debug_abbrev  0x0000000000000312       0x14 /user/5/.base/raymond/home/mdl2lus2osek/gnu-arm/4.4.2.nxt.x86_64.2013/bin/../lib/gcc/arm-elf/4.4.2/thumb/interwork/libgcc.a(_clzsi2.o)
 .debug_abbrev  0x0000000000000326       0xa0 /user/5/.base/raymond/home/mdl2lus2osek/gnu-arm/4.4.2.nxt.x86_64.2013/bin/../lib/gcc/arm-elf/4.4.2/../../../../arm-elf/lib/thumb/interwork/libc.a(lib_a-memcpy.o)
 .debug_abbrev  0x00000000000003c6       0xa1 /user/5/.base/raymond/home/mdl2lus2osek/gnu-arm/4.4.2.nxt.x86_64.2013/bin/../lib/gcc/arm-elf/4.4.2/../../../../arm-elf/lib/thumb/interwork/libc.a(lib_a-memset.o)
 .debug_abbrev  0x0000000000000467       0x76 /user/5/.base/raymond/home/mdl2lus2osek/gnu-arm/4.4.2.nxt.x86_64.2013/bin/../lib/gcc/arm-elf/4.4.2/../../../../arm-elf/lib/thumb/interwork/libc.a(lib_a-strcmp.o)
 .debug_abbrev  0x00000000000004dd       0x76 /user/5/.base/raymond/home/mdl2lus2osek/gnu-arm/4.4.2.nxt.x86_64.2013/bin/../lib/gcc/arm-elf/4.4.2/../../../../arm-elf/lib/thumb/interwork/libc.a(lib_a-strcpy.o)
 .debug_abbrev  0x0000000000000553       0x92 /user/5/.base/raymond/home/mdl2lus2osek/gnu-arm/4.4.2.nxt.x86_64.2013/bin/../lib/gcc/arm-elf/4.4.2/../../../../arm-elf/lib/thumb/interwork/libc.a(lib_a-strlen.o)
 .debug_abbrev  0x00000000000005e5       0xa3 /user/5/.base/raymond/home/mdl2lus2osek/gnu-arm/4.4.2.nxt.x86_64.2013/bin/../lib/gcc/arm-elf/4.4.2/../../../../arm-elf/lib/thumb/interwork/libc.a(lib_a-strncpy.o)

.debug_aranges  0x0000000000000000      0x240
 .debug_aranges
                0x0000000000000000       0x20 /user/5/.base/raymond/home/mdl2lus2osek/gnu-arm/4.4.2.nxt.x86_64.2013/bin/../lib/gcc/arm-elf/4.4.2/thumb/interwork/libgcc.a(_udivsi3.o)
 .debug_aranges
                0x0000000000000020       0x20 /user/5/.base/raymond/home/mdl2lus2osek/gnu-arm/4.4.2.nxt.x86_64.2013/bin/../lib/gcc/arm-elf/4.4.2/thumb/interwork/libgcc.a(_divsi3.o)
 .debug_aranges
                0x0000000000000040       0x20 /user/5/.base/raymond/home/mdl2lus2osek/gnu-arm/4.4.2.nxt.x86_64.2013/bin/../lib/gcc/arm-elf/4.4.2/thumb/interwork/libgcc.a(_umodsi3.o)
 .debug_aranges
                0x0000000000000060       0x20 /user/5/.base/raymond/home/mdl2lus2osek/gnu-arm/4.4.2.nxt.x86_64.2013/bin/../lib/gcc/arm-elf/4.4.2/thumb/interwork/libgcc.a(_modsi3.o)
 .debug_aranges
                0x0000000000000080       0x20 /user/5/.base/raymond/home/mdl2lus2osek/gnu-arm/4.4.2.nxt.x86_64.2013/bin/../lib/gcc/arm-elf/4.4.2/thumb/interwork/libgcc.a(_dvmd_tls.o)
 .debug_aranges
                0x00000000000000a0       0x20 /user/5/.base/raymond/home/mdl2lus2osek/gnu-arm/4.4.2.nxt.x86_64.2013/bin/../lib/gcc/arm-elf/4.4.2/thumb/interwork/libgcc.a(_arm_addsubdf3.o)
 .debug_aranges
                0x00000000000000c0       0x20 /user/5/.base/raymond/home/mdl2lus2osek/gnu-arm/4.4.2.nxt.x86_64.2013/bin/../lib/gcc/arm-elf/4.4.2/thumb/interwork/libgcc.a(_arm_muldivdf3.o)
 .debug_aranges
                0x00000000000000e0       0x20 /user/5/.base/raymond/home/mdl2lus2osek/gnu-arm/4.4.2.nxt.x86_64.2013/bin/../lib/gcc/arm-elf/4.4.2/thumb/interwork/libgcc.a(_arm_cmpdf2.o)
 .debug_aranges
                0x0000000000000100       0x20 /user/5/.base/raymond/home/mdl2lus2osek/gnu-arm/4.4.2.nxt.x86_64.2013/bin/../lib/gcc/arm-elf/4.4.2/thumb/interwork/libgcc.a(_arm_fixdfsi.o)
 .debug_aranges
                0x0000000000000120       0x20 /user/5/.base/raymond/home/mdl2lus2osek/gnu-arm/4.4.2.nxt.x86_64.2013/bin/../lib/gcc/arm-elf/4.4.2/thumb/interwork/libgcc.a(_muldi3.o)
 .debug_aranges
                0x0000000000000140       0x20 /user/5/.base/raymond/home/mdl2lus2osek/gnu-arm/4.4.2.nxt.x86_64.2013/bin/../lib/gcc/arm-elf/4.4.2/thumb/interwork/libgcc.a(_divdi3.o)
 .debug_aranges