Archive member included because of file (symbol)

/user/5/raymond/mdl2lus2osek/current/nxtOSEK/ecrobot/libecrobot.a(ecrobot_interface.o)
                              ./build/controleur_glue.o (ecrobot_set_light_sensor_active)
/user/5/raymond/mdl2lus2osek/current/nxtOSEK/ecrobot/libecrobot.a(osek_hook.o)
                              ./build/osctl.o (StartupHook)
/user/5/raymond/mdl2lus2osek/current/nxtOSEK/ecrobot/libecrobot.a(uart.oram)
                              ./build/irq.oram (uart_isr_C_0)
/user/5/raymond/mdl2lus2osek/current/nxtOSEK/ecrobot/libecrobot.a(systick.oram)
                              ./build/hw_sys_timer.oram (systick_low_priority_C)
/user/5/raymond/mdl2lus2osek/current/nxtOSEK/ecrobot/libecrobot.a(byte_fifo.oram)
                              /user/5/raymond/mdl2lus2osek/current/nxtOSEK/ecrobot/libecrobot.a(uart.oram) (byte_fifo_put)
/user/5/raymond/mdl2lus2osek/current/nxtOSEK/ecrobot/libecrobot.a(aic.oram)
                              /user/5/raymond/mdl2lus2osek/current/nxtOSEK/ecrobot/libecrobot.a(uart.oram) (aic_set_vector)
/user/5/raymond/mdl2lus2osek/current/nxtOSEK/ecrobot/libecrobot.a(udp.oram)
                              ./build/irq.oram (udp_isr_C)
/user/5/raymond/mdl2lus2osek/current/nxtOSEK/ecrobot/libecrobot.a(twi.oram)
                              ./build/irq.oram (twi_isr_C)
/user/5/raymond/mdl2lus2osek/current/nxtOSEK/ecrobot/libecrobot.a(nxt_spi.oram)
                              ./build/irq.oram (spi_isr_C)
/user/5/raymond/mdl2lus2osek/current/nxtOSEK/ecrobot/libecrobot.a(nxt_motors.oram)
                              /user/5/raymond/mdl2lus2osek/current/nxtOSEK/ecrobot/libecrobot.a(ecrobot_interface.o) (nxt_motor_get_count)
/user/5/raymond/mdl2lus2osek/current/nxtOSEK/ecrobot/libecrobot.a(data_abort.oram)
                              ./build/ecrobot_init.o (data_abort_C)
/user/5/raymond/mdl2lus2osek/current/nxtOSEK/ecrobot/libecrobot.a(display.oram)
                              ./build/ecrobot_base.o (display_update)
/user/5/raymond/mdl2lus2osek/current/nxtOSEK/ecrobot/libecrobot.a(i2c.oram)
                              ./build/irq.oram (i2c_timer_isr_C)
/user/5/raymond/mdl2lus2osek/current/nxtOSEK/ecrobot/libecrobot.a(sound.oram)
                              /user/5/raymond/mdl2lus2osek/current/nxtOSEK/ecrobot/libecrobot.a(ecrobot_interface.o) (sound_get_time)
/user/5/raymond/mdl2lus2osek/current/nxtOSEK/ecrobot/libecrobot.a(bt.oram)
                              ./build/ecrobot_bluetooth.o (bt_send)
/user/5/raymond/mdl2lus2osek/current/nxtOSEK/ecrobot/libecrobot.a(nxt_avr.oram)
                              ./build/ecrobot_base.o (nxt_avr_power_down)
/user/5/raymond/mdl2lus2osek/current/nxtOSEK/ecrobot/libecrobot.a(sensors.oram)
                              /user/5/raymond/mdl2lus2osek/current/nxtOSEK/ecrobot/libecrobot.a(ecrobot_interface.o) (unset_digi0)
/user/5/raymond/mdl2lus2osek/current/nxtOSEK/ecrobot/libecrobot.a(nxt_lcd.oram)
                              /user/5/raymond/mdl2lus2osek/current/nxtOSEK/ecrobot/libecrobot.a(display.oram) (nxt_lcd_force_update)
/user/5/raymond/mdl2lus2osek/current/nxtOSEK/ecrobot/libecrobot.a(flash_loader.oram)
                              ./build/ecrobot.o (set_flash_request)
/user/5/raymond/mdl2lus2osek/current/nxtOSEK/ecrobot/libecrobot.a(interrupts.oram)
                              /user/5/raymond/mdl2lus2osek/current/nxtOSEK/ecrobot/libecrobot.a(uart.oram) (interrupts_get_and_disable)
/user/5/raymond/mdl2lus2osek/current/nxtOSEK/ecrobot/libecrobot.a(nxtosek_splash.obmp)
                              ./build/ecrobot_base.o (nxtosek_splash_bmp_start)
/user/5/raymond/mdl2lus2osek/current/nxtOSEK/ecrobot/libecrobot.a(ecrobot_usb.o)
                              /user/5/raymond/mdl2lus2osek/current/nxtOSEK/ecrobot/libecrobot.a(flash_loader.oram) (ecrobot_init_usb)
/user/5/raymond/mdl2lus2osek/current/nxtOSEK/ecrobot/libecrobot.a(flashprog.oram)
                              /user/5/raymond/mdl2lus2osek/current/nxtOSEK/ecrobot/libecrobot.a(flash_loader.oram) (flash_write_page)
/user/5/.base/raymond/home/mdl2lus2osek/gnu-arm/4.4.2.nxt.x86_64.2013/bin/../lib/gcc/arm-elf/4.4.2/thumb/interwork/libgcc.a(_udivsi3.o)
                              ./build/ecrobot_base.o (__udivsi3)
/user/5/.base/raymond/home/mdl2lus2osek/gnu-arm/4.4.2.nxt.x86_64.2013/bin/../lib/gcc/arm-elf/4.4.2/thumb/interwork/libgcc.a(_divsi3.o)
                              ./build/controleur_glue.o (__divsi3)
/user/5/.base/raymond/home/mdl2lus2osek/gnu-arm/4.4.2.nxt.x86_64.2013/bin/../lib/gcc/arm-elf/4.4.2/thumb/interwork/libgcc.a(_umodsi3.o)
                              /user/5/raymond/mdl2lus2osek/current/nxtOSEK/ecrobot/libecrobot.a(display.oram) (__umodsi3)
/user/5/.base/raymond/home/mdl2lus2osek/gnu-arm/4.4.2.nxt.x86_64.2013/bin/../lib/gcc/arm-elf/4.4.2/thumb/interwork/libgcc.a(_modsi3.o)
                              /user/5/raymond/mdl2lus2osek/current/nxtOSEK/ecrobot/libecrobot.a(sound.oram) (__modsi3)
[...]
Memory Configuration

Name             Origin             Length             Attributes
header_ram       0x00000000001ffff0 0x0000000000000010
vector_ram       0x0000000000200000 0x0000000000000040
ram              0x0000000000200040 0x000000000000ffc0
*default*        0x0000000000000000 0xffffffffffffffff

Linker script and memory map

LOAD ./build/alarm.o
LOAD ./build/event.o
LOAD ./build/interrupt.o
LOAD ./build/osctl.o
LOAD ./build/resource.o
LOAD ./build/task.o
LOAD ./build/task_manage.o
LOAD ./build/cpu_config.o
LOAD ./build/sys_config.o
LOAD ./build/kernel_cfg.o
LOAD ./build/syscalls.o
LOAD ./build/ecrobot_bluetooth.o
LOAD ./build/ecrobot_base.o
LOAD ./build/ecrobot.o
LOAD ./build/Planificateur.o
LOAD ./build/Regulateur.o
LOAD ./build/controleur_glue.o
LOAD ./build/hw_sys_timer.oram
LOAD ./build/vectors.o
LOAD ./build/debug.o
LOAD ./build/sys_support.o
LOAD ./build/nxt_binary_header.o
LOAD ./build/nxt_entry_point.o
LOAD ./build/ecrobot_init.o
LOAD ./build/cpu_support.o
LOAD ./build/irq.oram
LOAD /user/5/raymond/mdl2lus2osek/current/nxtOSEK/c++/liblejososek.a
LOAD /user/5/raymond/mdl2lus2osek/current/nxtOSEK/ecrobot/libecrobot.a
LOAD /user/5/.base/raymond/home/mdl2lus2osek/gnu-arm/4.4.2.nxt.x86_64.2013/bin/../lib/gcc/arm-elf/4.4.2/../../../../arm-elf/lib/thumb/interwork/libstdc++.a
LOAD /user/5/.base/raymond/home/mdl2lus2osek/gnu-arm/4.4.2.nxt.x86_64.2013/bin/../lib/gcc/arm-elf/4.4.2/../../../../arm-elf/lib/thumb/interwork/libm.a
START GROUP
LOAD /user/5/.base/raymond/home/mdl2lus2osek/gnu-arm/4.4.2.nxt.x86_64.2013/bin/../lib/gcc/arm-elf/4.4.2/thumb/interwork/libgcc.a
LOAD /user/5/.base/raymond/home/mdl2lus2osek/gnu-arm/4.4.2.nxt.x86_64.2013/bin/../lib/gcc/arm-elf/4.4.2/../../../../arm-elf/lib/thumb/interwork/libc.a
END GROUP
                0x0000000000200000                RAM_BASE = 0x200000
                0x0000000000010000                RAM_SIZE = 0x10000

.header         0x00000000001ffff0       0x10
 *nxt_binary_header.o(*.text *.text.*)
 .text          0x00000000001ffff0       0x10 ./build/nxt_binary_header.o
                0x0000000000200000                . = ALIGN (0x10)

.vectors        0x0000000000200000       0x40
 vectors.o(*.text *.text.*)
 .text          0x0000000000200000       0x38 ./build/vectors.o
                0x0000000000200040                . = ALIGN (0x10)
 *fill*         0x0000000000200038        0x8 00
                0x0000000000200000                __vectors_ram_start__ = ADDR (.vectors)
                0x0000000000200040                __vectors_ram_end__ = (ADDR (.vectors) + SIZEOF (.vectors))
                0x0000000000200000                __vectors_load_start__ = LOADADDR (.vectors)
                0x0000000000200040                __vectors_load_end__ = (LOADADDR (.vectors) + SIZEOF (.vectors))

.entry          0x0000000000200040       0x40
 *nxt_entry_point.o(*.text *.text.*)
 .text          0x0000000000200040       0x38 ./build/nxt_entry_point.o
                0x0000000000200040                NXT_Entry_Point
                0x0000000000200080                . = ALIGN (0x10)
 *fill*         0x0000000000200078        0x8 00

.init           0x0000000000200080      0x280
 *ecrobot_init.o(*.text *.text.*)
 .text          0x0000000000200080      0x280 ./build/ecrobot_init.o
                0x0000000000200080                start
                0x00000000002001ec                undef_handler
                0x00000000002001f0                swi_handler
                0x00000000002001f4                prefetch_abort_handler
                0x00000000002001f8                data_abort_handler
                0x0000000000200214                reserved_handler
                0x0000000000200300                . = ALIGN (0x10)

.ram_text       0x0000000000200300     0x2f20
                0x0000000000200300                . = ALIGN (0x10)
 *.oram(*.text *.text.* *.glue*)
 .text.systick_isr_C1
                0x0000000000200300       0x28 ./build/hw_sys_timer.oram
                0x0000000000200300                systick_isr_C1
 *fill*         0x0000000000200328        0x8 00
 .text          0x0000000000200330      0x2c0 ./build/irq.oram
                0x0000000000200330                default_isr
                0x0000000000200330                default_fiq
                0x0000000000200330                spurious_isr
                0x0000000000200334                systick_isr_entry
                0x000000000020037c                systick_low_priority_entry
                0x00000000002003bc                udp_isr_entry
                0x00000000002003fc                spi_isr_entry
                0x000000000020043c                twi_isr_entry
                0x000000000020047c                sound_isr_entry
                0x00000000002004bc                uart_isr_entry_0
                0x00000000002004fc                uart_isr_entry_1
                0x000000000020053c                nxt_motor_isr_entry
                0x000000000020057c                i2c_timer_isr_entry
 .text.uart_process_isr
                0x00000000002005f0       0x88 /user/5/raymond/mdl2lus2osek/current/nxtOSEK/ecrobot/libecrobot.a(uart.oram)
 .text.uart_isr_C_0
                0x0000000000200678        0xc /user/5/raymond/mdl2lus2osek/current/nxtOSEK/ecrobot/libecrobot.a(uart.oram)
                0x0000000000200678                uart_isr_C_0
 .text.uart_isr_C_1
                0x0000000000200684        0xc /user/5/raymond/mdl2lus2osek/current/nxtOSEK/ecrobot/libecrobot.a(uart.oram)
                0x0000000000200684                uart_isr_C_1
 .text.systick_low_priority_C
                0x0000000000200690       0x1c /user/5/raymond/mdl2lus2osek/current/nxtOSEK/ecrobot/libecrobot.a(systick.oram)
                0x0000000000200690                systick_low_priority_C
 .text.systick_isr_C
                0x00000000002006ac       0x24 /user/5/raymond/mdl2lus2osek/current/nxtOSEK/ecrobot/libecrobot.a(systick.oram)
                0x00000000002006ac                systick_isr_C
 .text.systick_get_ms
                0x00000000002006d0        0xc /user/5/raymond/mdl2lus2osek/current/nxtOSEK/ecrobot/libecrobot.a(systick.oram)
                0x00000000002006d0                systick_get_ms
 .text.systick_wait_ms
                0x00000000002006dc       0x1c /user/5/raymond/mdl2lus2osek/current/nxtOSEK/ecrobot/libecrobot.a(systick.oram)
                0x00000000002006dc                systick_wait_ms
 .text.systick_wait_ns
                0x00000000002006f8       0x1c /user/5/raymond/mdl2lus2osek/current/nxtOSEK/ecrobot/libecrobot.a(systick.oram)
                0x00000000002006f8                systick_wait_ns
 .text.systick_init
                0x0000000000200714       0x58 /user/5/raymond/mdl2lus2osek/current/nxtOSEK/ecrobot/libecrobot.a(systick.oram)
                0x0000000000200714                systick_init
 .text.systick_suspend
                0x000000000020076c        0xc /user/5/raymond/mdl2lus2osek/current/nxtOSEK/ecrobot/libecrobot.a(systick.oram)
                0x000000000020076c                systick_suspend
 .text.systick_resume
                0x0000000000200778        0xc /user/5/raymond/mdl2lus2osek/current/nxtOSEK/ecrobot/libecrobot.a(systick.oram)
                0x0000000000200778                systick_resume
 .text.byte_fifo_put
                0x0000000000200784       0x58 /user/5/raymond/mdl2lus2osek/current/nxtOSEK/ecrobot/libecrobot.a(byte_fifo.oram)
                0x0000000000200784                byte_fifo_put
 .text.byte_fifo_get
                0x00000000002007dc       0x2c /user/5/raymond/mdl2lus2osek/current/nxtOSEK/ecrobot/libecrobot.a(byte_fifo.oram)
                0x00000000002007dc                byte_fifo_get
 .text.aic_initialise
                0x0000000000200808       0x5c /user/5/raymond/mdl2lus2osek/current/nxtOSEK/ecrobot/libecrobot.a(aic.oram)
                0x0000000000200808                aic_initialise
 .text.aic_set_vector
                0x0000000000200864       0x30 /user/5/raymond/mdl2lus2osek/current/nxtOSEK/ecrobot/libecrobot.a(aic.oram)
                0x0000000000200864                aic_set_vector
 .text.aic_mask_on
                0x0000000000200894       0x24 /user/5/raymond/mdl2lus2osek/current/nxtOSEK/ecrobot/libecrobot.a(aic.oram)
                0x0000000000200894                aic_mask_on
 .text.aic_mask_off
                0x00000000002008b8       0x24 /user/5/raymond/mdl2lus2osek/current/nxtOSEK/ecrobot/libecrobot.a(aic.oram)
                0x00000000002008b8                aic_mask_off
 .text.aic_clear
                0x00000000002008dc       0x24 /user/5/raymond/mdl2lus2osek/current/nxtOSEK/ecrobot/libecrobot.a(aic.oram)
                0x00000000002008dc                aic_clear
 .text.reset    0x0000000000200900       0x4c /user/5/raymond/mdl2lus2osek/current/nxtOSEK/ecrobot/libecrobot.a(udp.oram)
 .text.udp_send_null
                0x000000000020094c       0x2c /user/5/raymond/mdl2lus2osek/current/nxtOSEK/ecrobot/libecrobot.a(udp.oram)
 .text.udp_send_stall
                0x0000000000200978       0x2c /user/5/raymond/mdl2lus2osek/current/nxtOSEK/ecrobot/libecrobot.a(udp.oram)
 .text.udp_send_control
                0x00000000002009a4       0x60 /user/5/raymond/mdl2lus2osek/current/nxtOSEK/ecrobot/libecrobot.a(udp.oram)
 .text.udp_isr_C
                0x0000000000200a04      0x7d0 /user/5/raymond/mdl2lus2osek/current/nxtOSEK/ecrobot/libecrobot.a(udp.oram)
                0x0000000000200a04                udp_isr_C
 .text.twi_status
                0x00000000002011d4       0x20 /user/5/raymond/mdl2lus2osek/current/nxtOSEK/ecrobot/libecrobot.a(twi.oram)
                0x00000000002011d4                twi_status
 .text.twi_isr_C
                0x00000000002011f4       0xc4 /user/5/raymond/mdl2lus2osek/current/nxtOSEK/ecrobot/libecrobot.a(twi.oram)
                0x00000000002011f4                twi_isr_C
 .text.twi_reset
                0x00000000002012b8       0xb4 /user/5/raymond/mdl2lus2osek/current/nxtOSEK/ecrobot/libecrobot.a(twi.oram)
                0x00000000002012b8                twi_reset
 .text.twi_init
                0x000000000020136c       0x4c /user/5/raymond/mdl2lus2osek/current/nxtOSEK/ecrobot/libecrobot.a(twi.oram)
                0x000000000020136c                twi_init
 .text.twi_start_read
                0x00000000002013b8       0x60 /user/5/raymond/mdl2lus2osek/current/nxtOSEK/ecrobot/libecrobot.a(twi.oram)
                0x00000000002013b8                twi_start_read
 .text.twi_start_write
                0x0000000000201418       0x64 /user/5/raymond/mdl2lus2osek/current/nxtOSEK/ecrobot/libecrobot.a(twi.oram)
                0x0000000000201418                twi_start_write
 .text.spi_set_mode
                0x000000000020147c       0x40 /user/5/raymond/mdl2lus2osek/current/nxtOSEK/ecrobot/libecrobot.a(nxt_spi.oram)
 .text.spi_isr_C
                0x00000000002014bc       0x8c /user/5/raymond/mdl2lus2osek/current/nxtOSEK/ecrobot/libecrobot.a(nxt_spi.oram)
                0x00000000002014bc                spi_isr_C
 .text.nxt_spi_init
                0x0000000000201548      0x12c /user/5/raymond/mdl2lus2osek/current/nxtOSEK/ecrobot/libecrobot.a(nxt_spi.oram)
                0x0000000000201548                nxt_spi_init
 .text.nxt_spi_write
                0x0000000000201674       0x44 /user/5/raymond/mdl2lus2osek/current/nxtOSEK/ecrobot/libecrobot.a(nxt_spi.oram)
                0x0000000000201674                nxt_spi_write
 .text.nxt_spi_set_display
                0x00000000002016b8       0x10 /user/5/raymond/mdl2lus2osek/current/nxtOSEK/ecrobot/libecrobot.a(nxt_spi.oram)
                0x00000000002016b8                nxt_spi_set_display
 .text.nxt_spi_refresh
                0x00000000002016c8       0x24 /user/5/raymond/mdl2lus2osek/current/nxtOSEK/ecrobot/libecrobot.a(nxt_spi.oram)
                0x00000000002016c8                nxt_spi_refresh
 .text.nxt_motor_set_count
                0x00000000002016ec       0x10 /user/5/raymond/mdl2lus2osek/current/nxtOSEK/ecrobot/libecrobot.a(nxt_motors.oram)
                0x00000000002016ec                nxt_motor_set_count
 .text.nxt_motor_set_speed
                0x00000000002016fc       0x34 /user/5/raymond/mdl2lus2osek/current/nxtOSEK/ecrobot/libecrobot.a(nxt_motors.oram)
                0x00000000002016fc                nxt_motor_set_speed
 .text.nxt_motor_1kHz_process
                0x0000000000201730       0x28 /user/5/raymond/mdl2lus2osek/current/nxtOSEK/ecrobot/libecrobot.a(nxt_motors.oram)
                0x0000000000201730                nxt_motor_1kHz_process
 .text.nxt_motor_quad_decode
                0x0000000000201758       0x30 /user/5/raymond/mdl2lus2osek/current/nxtOSEK/ecrobot/libecrobot.a(nxt_motors.oram)
                0x0000000000201758                nxt_motor_quad_decode
 .text.nxt_motor_isr_C
                0x0000000000201788       0x88 /user/5/raymond/mdl2lus2osek/current/nxtOSEK/ecrobot/libecrobot.a(nxt_motors.oram)
                0x0000000000201788                nxt_motor_isr_C
 .text.nxt_motor_init
                0x0000000000201810       0x68 /user/5/raymond/mdl2lus2osek/current/nxtOSEK/ecrobot/libecrobot.a(nxt_motors.oram)
                0x0000000000201810                nxt_motor_init
 .text.data_abort_C
                0x0000000000201878       0x7c /user/5/raymond/mdl2lus2osek/current/nxtOSEK/ecrobot/libecrobot.a(data_abort.oram)
                0x0000000000201878                data_abort_C
 .text.display_update
                0x00000000002018f4       0x14 /user/5/raymond/mdl2lus2osek/current/nxtOSEK/ecrobot/libecrobot.a(display.oram)
                0x00000000002018f4                display_update
 .text.display_force_update
                0x0000000000201908        0xc /user/5/raymond/mdl2lus2osek/current/nxtOSEK/ecrobot/libecrobot.a(display.oram)
                0x0000000000201908                display_force_update
 .text.display_clear
                0x0000000000201914       0x24 /user/5/raymond/mdl2lus2osek/current/nxtOSEK/ecrobot/libecrobot.a(display.oram)
                0x0000000000201914                display_clear
 .text.display_goto_xy
                0x0000000000201938       0x14 /user/5/raymond/mdl2lus2osek/current/nxtOSEK/ecrobot/libecrobot.a(display.oram)
                0x0000000000201938                display_goto_xy
 .text.display_char
                0x000000000020194c       0x60 /user/5/raymond/mdl2lus2osek/current/nxtOSEK/ecrobot/libecrobot.a(display.oram)
                0x000000000020194c                display_char
 .text.display_string
                0x00000000002019ac       0x3c /user/5/raymond/mdl2lus2osek/current/nxtOSEK/ecrobot/libecrobot.a(display.oram)
                0x00000000002019ac                display_string
 .text.display_hex
                0x00000000002019e8       0x50 /user/5/raymond/mdl2lus2osek/current/nxtOSEK/ecrobot/libecrobot.a(display.oram)
                0x00000000002019e8                display_hex
 .text.display_unsigned_worker
                0x0000000000201a38       0x70 /user/5/raymond/mdl2lus2osek/current/nxtOSEK/ecrobot/libecrobot.a(display.oram)
 .text.display_unsigned
                0x0000000000201aa8        0xc /user/5/raymond/mdl2lus2osek/current/nxtOSEK/ecrobot/libecrobot.a(display.oram)
                0x0000000000201aa8                display_unsigned
 .text.display_int
                0x0000000000201ab4       0x14 /user/5/raymond/mdl2lus2osek/current/nxtOSEK/ecrobot/libecrobot.a(display.oram)
                0x0000000000201ab4                display_int
 .text.display_bitmap_copy
                0x0000000000201ac8       0x5c /user/5/raymond/mdl2lus2osek/current/nxtOSEK/ecrobot/libecrobot.a(display.oram)
                0x0000000000201ac8                display_bitmap_copy
 .text.display_init
                0x0000000000201b24       0x50 /user/5/raymond/mdl2lus2osek/current/nxtOSEK/ecrobot/libecrobot.a(display.oram)
                0x0000000000201b24                display_init
 .text.i2c_timer_isr_C
                0x0000000000201b74      0x314 /user/5/raymond/mdl2lus2osek/current/nxtOSEK/ecrobot/libecrobot.a(i2c.oram)
                0x0000000000201b74                i2c_timer_isr_C
 .text.i2c_disable
                0x0000000000201e88       0x20 /user/5/raymond/mdl2lus2osek/current/nxtOSEK/ecrobot/libecrobot.a(i2c.oram)
                0x0000000000201e88                i2c_disable
 .text.i2c_enable
                0x0000000000201ea8       0x40 /user/5/raymond/mdl2lus2osek/current/nxtOSEK/ecrobot/libecrobot.a(i2c.oram)
                0x0000000000201ea8                i2c_enable
 .text.i2c_init
                0x0000000000201ee8       0xa4 /user/5/raymond/mdl2lus2osek/current/nxtOSEK/ecrobot/libecrobot.a(i2c.oram)
                0x0000000000201ee8                i2c_init
 .text.i2c_busy
                0x0000000000201f8c       0x24 /user/5/raymond/mdl2lus2osek/current/nxtOSEK/ecrobot/libecrobot.a(i2c.oram)
                0x0000000000201f8c                i2c_busy
 .text.i2c_start_transaction
                0x0000000000201fb0      0x108 /user/5/raymond/mdl2lus2osek/current/nxtOSEK/ecrobot/libecrobot.a(i2c.oram)
                0x0000000000201fb0                i2c_start_transaction
 .text.sound_fill_sample_buffer
                0x00000000002020b8       0xe4 /user/5/raymond/mdl2lus2osek/current/nxtOSEK/ecrobot/libecrobot.a(sound.oram)
                0x00000000002020b8                sound_fill_sample_buffer
 .text.sound_init
                0x000000000020219c       0xa0 /user/5/raymond/mdl2lus2osek/current/nxtOSEK/ecrobot/libecrobot.a(sound.oram)
                0x000000000020219c                sound_init
 .text.sound_isr_C
                0x000000000020223c      0x144 /user/5/raymond/mdl2lus2osek/current/nxtOSEK/ecrobot/libecrobot.a(sound.oram)
                0x000000000020223c                sound_isr_C
 .text.bt_init  0x0000000000202380      0x1c0 /user/5/raymond/mdl2lus2osek/current/nxtOSEK/ecrobot/libecrobot.a(bt.oram)
                0x0000000000202380                bt_init
 .text.nxt_avr_power_down
                0x0000000000202540       0x10 /user/5/raymond/mdl2lus2osek/current/nxtOSEK/ecrobot/libecrobot.a(nxt_avr.oram)
                0x0000000000202540                nxt_avr_power_down
 .text.nxt_avr_link_init
                0x0000000000202550       0x20 /user/5/raymond/mdl2lus2osek/current/nxtOSEK/ecrobot/libecrobot.a(nxt_avr.oram)
                0x0000000000202550                nxt_avr_link_init
 .text.nxt_avr_init
                0x0000000000202570       0x6c /user/5/raymond/mdl2lus2osek/current/nxtOSEK/ecrobot/libecrobot.a(nxt_avr.oram)
                0x0000000000202570                nxt_avr_init
 .text.nxt_avr_1kHz_update
                0x00000000002025dc      0x1cc /user/5/raymond/mdl2lus2osek/current/nxtOSEK/ecrobot/libecrobot.a(nxt_avr.oram)
                0x00000000002025dc                nxt_avr_1kHz_update
 .text.buttons_get
                0x00000000002027a8        0xc /user/5/raymond/mdl2lus2osek/current/nxtOSEK/ecrobot/libecrobot.a(nxt_avr.oram)
                0x00000000002027a8                buttons_get
 .text.battery_voltage
                0x00000000002027b4       0x28 /user/5/raymond/mdl2lus2osek/current/nxtOSEK/ecrobot/libecrobot.a(nxt_avr.oram)
                0x00000000002027b4                battery_voltage
 .text.sensor_adc
                0x00000000002027dc       0x20 /user/5/raymond/mdl2lus2osek/current/nxtOSEK/ecrobot/libecrobot.a(nxt_avr.oram)
                0x00000000002027dc                sensor_adc
 .text.nxt_avr_set_motor
                0x00000000002027fc       0x34 /user/5/raymond/mdl2lus2osek/current/nxtOSEK/ecrobot/libecrobot.a(nxt_avr.oram)
                0x00000000002027fc                nxt_avr_set_motor
 .text.nxt_avr_set_input_power
                0x0000000000202830       0x3c /user/5/raymond/mdl2lus2osek/current/nxtOSEK/ecrobot/libecrobot.a(nxt_avr.oram)
                0x0000000000202830                nxt_avr_set_input_power
 .text.unset_digi0
                0x000000000020286c       0x44 /user/5/raymond/mdl2lus2osek/current/nxtOSEK/ecrobot/libecrobot.a(sensors.oram)
                0x000000000020286c                unset_digi0
 .text.unset_digi1
                0x00000000002028b0       0x44 /user/5/raymond/mdl2lus2osek/current/nxtOSEK/ecrobot/libecrobot.a(sensors.oram)
                0x00000000002028b0                unset_digi1
 .text.init_sensors
                0x00000000002028f4       0x4c /user/5/raymond/mdl2lus2osek/current/nxtOSEK/ecrobot/libecrobot.a(sensors.oram)
                0x00000000002028f4                init_sensors
 .text.set_digi0
                0x0000000000202940       0x44 /user/5/raymond/mdl2lus2osek/current/nxtOSEK/ecrobot/libecrobot.a(sensors.oram)
                0x0000000000202940                set_digi0
 .text.nxt_lcd_command
                0x0000000000202984       0x18 /user/5/raymond/mdl2lus2osek/current/nxtOSEK/ecrobot/libecrobot.a(nxt_lcd.oram)
                0x0000000000202984                nxt_lcd_command
 .text.nxt_lcd_set_col
                0x000000000020299c       0x24 /user/5/raymond/mdl2lus2osek/current/nxtOSEK/ecrobot/libecrobot.a(nxt_lcd.oram)
                0x000000000020299c                nxt_lcd_set_col
 .text.nxt_lcd_set_multiplex_rate
                0x00000000002029c0       0x18 /user/5/raymond/mdl2lus2osek/current/nxtOSEK/ecrobot/libecrobot.a(nxt_lcd.oram)
                0x00000000002029c0                nxt_lcd_set_multiplex_rate
 .text.nxt_lcd_set_page_address
                0x00000000002029d8       0x18 /user/5/raymond/mdl2lus2osek/current/nxtOSEK/ecrobot/libecrobot.a(nxt_lcd.oram)
                0x00000000002029d8                nxt_lcd_set_page_address
 .text.nxt_lcd_set_pot
                0x00000000002029f0       0x1c /user/5/raymond/mdl2lus2osek/current/nxtOSEK/ecrobot/libecrobot.a(nxt_lcd.oram)
                0x00000000002029f0                nxt_lcd_set_pot
 .text.nxt_lcd_set_ram_address_control
                0x0000000000202a0c       0x18 /user/5/raymond/mdl2lus2osek/current/nxtOSEK/ecrobot/libecrobot.a(nxt_lcd.oram)
                0x0000000000202a0c                nxt_lcd_set_ram_address_control
 .text.nxt_lcd_enable
                0x0000000000202a24       0x14 /user/5/raymond/mdl2lus2osek/current/nxtOSEK/ecrobot/libecrobot.a(nxt_lcd.oram)
                0x0000000000202a24                nxt_lcd_enable
 .text.nxt_lcd_set_map_control
                0x0000000000202a38       0x18 /user/5/raymond/mdl2lus2osek/current/nxtOSEK/ecrobot/libecrobot.a(nxt_lcd.oram)
                0x0000000000202a38                nxt_lcd_set_map_control
 .text.nxt_lcd_reset
                0x0000000000202a50        0xc /user/5/raymond/mdl2lus2osek/current/nxtOSEK/ecrobot/libecrobot.a(nxt_lcd.oram)
                0x0000000000202a50                nxt_lcd_reset
 .text.nxt_lcd_set_bias_ratio
                0x0000000000202a5c       0x18 /user/5/raymond/mdl2lus2osek/current/nxtOSEK/ecrobot/libecrobot.a(nxt_lcd.oram)
                0x0000000000202a5c                nxt_lcd_set_bias_ratio
 .text.nxt_lcd_force_update
                0x0000000000202a74       0x30 /user/5/raymond/mdl2lus2osek/current/nxtOSEK/ecrobot/libecrobot.a(nxt_lcd.oram)
                0x0000000000202a74                nxt_lcd_force_update
 .text.nxt_lcd_update
                0x0000000000202aa4        0xc /user/5/raymond/mdl2lus2osek/current/nxtOSEK/ecrobot/libecrobot.a(nxt_lcd.oram)
                0x0000000000202aa4                nxt_lcd_update
 .text.nxt_lcd_power_up
                0x0000000000202ab0       0x48 /user/5/raymond/mdl2lus2osek/current/nxtOSEK/ecrobot/libecrobot.a(nxt_lcd.oram)
                0x0000000000202ab0                nxt_lcd_power_up
 .text.nxt_lcd_power_down
                0x0000000000202af8        0xc /user/5/raymond/mdl2lus2osek/current/nxtOSEK/ecrobot/libecrobot.a(nxt_lcd.oram)
                0x0000000000202af8                nxt_lcd_power_down
 .text.nxt_lcd_init
                0x0000000000202b04       0x18 /user/5/raymond/mdl2lus2osek/current/nxtOSEK/ecrobot/libecrobot.a(nxt_lcd.oram)
                0x0000000000202b04                nxt_lcd_init
 .text.verify_flash_page
                0x0000000000202b1c       0x34 /user/5/raymond/mdl2lus2osek/current/nxtOSEK/ecrobot/libecrobot.a(flash_loader.oram)
 .text.set_flash_request
                0x0000000000202b50       0x38 /user/5/raymond/mdl2lus2osek/current/nxtOSEK/ecrobot/libecrobot.a(flash_loader.oram)
                0x0000000000202b50                set_flash_request
 .text.nxt_device_init
                0x0000000000202b88       0x38 /user/5/raymond/mdl2lus2osek/current/nxtOSEK/ecrobot/libecrobot.a(flash_loader.oram)
                0x0000000000202b88                nxt_device_init
 .text          0x0000000000202bc0       0x68 /user/5/raymond/mdl2lus2osek/current/nxtOSEK/ecrobot/libecrobot.a(interrupts.oram)
                0x0000000000202bc0                interrupts_get_and_disable
                0x0000000000202be4                interrupts_enable
                0x0000000000202bf4                fiq_get_and_disable
                0x0000000000202c18                fiq_enable
 .text.flash_write_page
                0x0000000000202c28       0xc0 /user/5/raymond/mdl2lus2osek/current/nxtOSEK/ecrobot/libecrobot.a(flashprog.oram)
                0x0000000000202c28                flash_write_page
                0x0000000000202cf0                . = ALIGN (0x10)
 *fill*         0x0000000000202ce8        0x8 00
 *.oram(*.rodata *.rodata.*)
 .rodata.ld     0x0000000000202cf0        0x4 /user/5/raymond/mdl2lus2osek/current/nxtOSEK/ecrobot/libecrobot.a(udp.oram)
 .rodata.cfd    0x0000000000202cf4       0x20 /user/5/raymond/mdl2lus2osek/current/nxtOSEK/ecrobot/libecrobot.a(udp.oram)
 .rodata.dd     0x0000000000202d14       0x12 /user/5/raymond/mdl2lus2osek/current/nxtOSEK/ecrobot/libecrobot.a(udp.oram)
 *fill*         0x0000000000202d26        0x2 00
 .rodata.str1.4
                0x0000000000202d28       0x22 /user/5/raymond/mdl2lus2osek/current/nxtOSEK/ecrobot/libecrobot.a(data_abort.oram)
                                         0x24 (size before relaxing)
 .rodata.font   0x0000000000202d4a      0x280 /user/5/raymond/mdl2lus2osek/current/nxtOSEK/ecrobot/libecrobot.a(display.oram)
 *fill*         0x0000000000202fca        0x2 00
 .rodata.str1.4
                0x0000000000202fcc       0x76 /user/5/raymond/mdl2lus2osek/current/nxtOSEK/ecrobot/libecrobot.a(display.oram)
                                         0x78 (size before relaxing)
 *fill*         0x0000000000203042        0x2 00
 .rodata.i2c_pin
                0x0000000000203044       0x20 /user/5/raymond/mdl2lus2osek/current/nxtOSEK/ecrobot/libecrobot.a(i2c.oram)
 .rodata.i2c_timer_isr_C
                0x0000000000203064       0x38 /user/5/raymond/mdl2lus2osek/current/nxtOSEK/ecrobot/libecrobot.a(i2c.oram)
 .rodata.silence
                0x000000000020309c       0x40 /user/5/raymond/mdl2lus2osek/current/nxtOSEK/ecrobot/libecrobot.a(sound.oram)
                0x000000000020309c                silence
 .rodata.sample_pattern
                0x00000000002030dc       0x84 /user/5/raymond/mdl2lus2osek/current/nxtOSEK/ecrobot/libecrobot.a(sound.oram)
                0x00000000002030dc                sample_pattern
 .rodata        0x0000000000203160        0xc /user/5/raymond/mdl2lus2osek/current/nxtOSEK/ecrobot/libecrobot.a(sound.oram)
 .rodata.avr_brainwash_string
                0x000000000020316c       0x30 /user/5/raymond/mdl2lus2osek/current/nxtOSEK/ecrobot/libecrobot.a(nxt_avr.oram)
                0x000000000020316c                avr_brainwash_string
 .rodata.nxt_avr_1kHz_update
                0x000000000020319c       0x14 /user/5/raymond/mdl2lus2osek/current/nxtOSEK/ecrobot/libecrobot.a(nxt_avr.oram)
 .rodata.C.33.1823
                0x00000000002031b0       0x10 /user/5/raymond/mdl2lus2osek/current/nxtOSEK/ecrobot/libecrobot.a(sensors.oram)
 .rodata.C.37.1857
                0x00000000002031c0       0x10 /user/5/raymond/mdl2lus2osek/current/nxtOSEK/ecrobot/libecrobot.a(sensors.oram)
 .rodata.C.31.1806
                0x00000000002031d0       0x10 /user/5/raymond/mdl2lus2osek/current/nxtOSEK/ecrobot/libecrobot.a(sensors.oram)
 .rodata.str1.4
                0x00000000002031e0       0x24 /user/5/raymond/mdl2lus2osek/current/nxtOSEK/ecrobot/libecrobot.a(flash_loader.oram)
 *fill*         0x0000000000203204        0x4 00
 .rodata.str1.4.stub
                0x0000000000203208       0x10 linker stubs
                0x0000000000203220                . = ALIGN (0x10)
 *fill*         0x0000000000203218        0x8 00
                0x0000000000200300                __ramtext_ram_start__ = ADDR (.ram_text)
                0x0000000000203220                __ramtext_ram_end__ = (ADDR (.ram_text) + SIZEOF (.ram_text))
                0x0000000000200300                __ramtext_load_start__ = LOADADDR (.ram_text)
                0x0000000000203220                __ramtext_load_end__ = (__ramtext_load_start__ + SIZEOF (.ram_text))

.wav_data       0x0000000000203220        0x0
 *.owav(*.data *.data.*)
                0x0000000000203220                . = ALIGN (0x10)

.bmp_data       0x0000000000203220      0x440
 *.obmp(*.data *.data.*)
 .data          0x0000000000203220      0x43e /user/5/raymond/mdl2lus2osek/current/nxtOSEK/ecrobot/libecrobot.a(nxtosek_splash.obmp)
                0x0000000000203220                nxtosek_splash_bmp_start
                0x000000000020365e                nxtosek_splash_bmp_end
                0x0000000000203660                . = ALIGN (0x10)
 *fill*         0x000000000020365e        0x2 00

.spr_data       0x0000000000203660        0x0
 *.ospr(*.data *.data.*)
                0x0000000000203660                . = ALIGN (0x10)

.data           0x0000000000203660       0x70
 *(*.data *.data.*)
 .data.distance_state
                0x0000000000203660       0x10 /user/5/raymond/mdl2lus2osek/current/nxtOSEK/ecrobot/libecrobot.a(ecrobot_interface.o)
 .data.deviceStatus
                0x0000000000203670        0x1 /user/5/raymond/mdl2lus2osek/current/nxtOSEK/ecrobot/libecrobot.a(ecrobot_interface.o)
 .bss.data.2619
                0x0000000000203671        0x4 /user/5/raymond/mdl2lus2osek/current/nxtOSEK/ecrobot/libecrobot.a(ecrobot_interface.o)
 .data.named    0x0000000000203675       0x22 /user/5/raymond/mdl2lus2osek/current/nxtOSEK/ecrobot/libecrobot.a(udp.oram)
 .data.snd      0x0000000000203697       0x1a /user/5/raymond/mdl2lus2osek/current/nxtOSEK/ecrobot/libecrobot.a(udp.oram)
 *fill*         0x00000000002036b1        0x3 00
 .data.configured
                0x00000000002036b4        0x4 /user/5/raymond/mdl2lus2osek/current/nxtOSEK/ecrobot/libecrobot.a(udp.oram)
 .data.mode     0x00000000002036b8        0x1 /user/5/raymond/mdl2lus2osek/current/nxtOSEK/ecrobot/libecrobot.a(nxt_spi.oram)
                0x00000000002036b8                mode
 *fill*         0x00000000002036b9        0x3 00
 .bss.data      0x00000000002036bc        0x4 /user/5/raymond/mdl2lus2osek/current/nxtOSEK/ecrobot/libecrobot.a(nxt_spi.oram)
                0x00000000002036bc                data
 .data.display_auto_update
                0x00000000002036c0        0x4 /user/5/raymond/mdl2lus2osek/current/nxtOSEK/ecrobot/libecrobot.a(display.oram)
                0x00000000002036c0                display_auto_update
 .data.display_buffer
                0x00000000002036c4        0x4 /user/5/raymond/mdl2lus2osek/current/nxtOSEK/ecrobot/libecrobot.a(display.oram)
                0x00000000002036d0                . = ALIGN (0x10)
 *fill*         0x00000000002036c8        0x8 00
                0x0000000000203660                __data_ram_start__ = ADDR (.data)
                0x00000000002036d0                __data_ram_end__ = (ADDR (.data) + SIZEOF (.data))
                0x0000000000203660                __data_load_start__ = LOADADDR (.data)
                0x00000000002036d0                __data_load_end__ = (__data_load_start__ + SIZEOF (.data))

.text           0x00000000002036d0     0x2860
                0x00000000002036d0                . = ALIGN (0x10)
 *(*.text *.text.* *.glue*)
 .glue_7        0x00000000002036d0       0x18 linker stubs
                0x00000000002036d0                __call_posttaskhook_from_arm
                0x00000000002036dc                __call_pretaskhook_from_arm
 .glue_7t       0x0000000000000000        0x0 linker stubs
 .text.enqueue_alarm
                0x00000000002036e8       0x94 ./build/alarm.o
 .text.alarm_initialize
                0x000000000020377c       0x98 ./build/alarm.o
                0x000000000020377c                alarm_initialize
 .text.unlock_cpu
                0x0000000000203814        0xc ./build/alarm.o
 .text.lock_cpu
                0x0000000000203820        0xc ./build/alarm.o
 .text.SignalCounter
                0x000000000020382c      0x128 ./build/alarm.o
                0x000000000020382c                SignalCounter
 .text.ShutdownOS
                0x0000000000203954       0x4c ./build/osctl.o
                0x0000000000203954                ShutdownOS
 .text.StartOS  0x00000000002039a0       0x58 ./build/osctl.o
                0x00000000002039a0                StartOS
 .text.call_pretaskhook
                0x00000000002039f8       0x24 ./build/osctl.o
                0x00000000002039f8                call_pretaskhook
 .text.call_posttaskhook
                0x0000000000203a1c       0x24 ./build/osctl.o
                0x0000000000203a1c                call_posttaskhook
 .text.call_errorhook
                0x0000000000203a40       0x78 ./build/osctl.o
                0x0000000000203a40                call_errorhook
 .text.resource_initialize
                0x0000000000203ab8       0x20 ./build/resource.o
                0x0000000000203ab8                resource_initialize
 .text.lock_cpu
                0x0000000000203ad8        0xc ./build/resource.o
 .text.ReleaseResource
                0x0000000000203ae4       0xf0 ./build/resource.o
                0x0000000000203ae4                ReleaseResource
 .text.GetResource
                0x0000000000203bd4       0xdc ./build/resource.o
                0x0000000000203bd4                GetResource
 .text.make_runnable
                0x0000000000203cb0       0xa4 ./build/task.o
                0x0000000000203cb0                make_runnable
 .text.make_active
                0x0000000000203d54       0x78 ./build/task.o
                0x0000000000203d54                make_active
 .text.task_initialize
                0x0000000000203dcc       0x88 ./build/task.o
                0x0000000000203dcc                task_initialize
 .text.search_schedtsk
                0x0000000000203e54       0x90 ./build/task.o
                0x0000000000203e54                search_schedtsk
 .text.preempt  0x0000000000203ee4       0x4c ./build/task.o
                0x0000000000203ee4                preempt
 .text.unlock_cpu
                0x0000000000203f30        0xc ./build/task_manage.o
 .text.lock_cpu
                0x0000000000203f3c        0xc ./build/task_manage.o
 .text.ActivateTask
                0x0000000000203f48       0x8c ./build/task_manage.o
                0x0000000000203f48                ActivateTask
 .text.TerminateTask
                0x0000000000203fd4       0x74 ./build/task_manage.o
                0x0000000000203fd4                TerminateTask
 .text.cpu_initialize
                0x0000000000204048        0x4 ./build/cpu_config.o
                0x0000000000204048                cpu_initialize
 .text.cpu_terminate
                0x000000000020404c        0x4 ./build/cpu_config.o
                0x000000000020404c                cpu_terminate
 .text.sys_initialize
                0x0000000000204050        0x4 ./build/sys_config.o
                0x0000000000204050                sys_initialize
 .text.sys_exit
                0x0000000000204054        0x4 ./build/sys_config.o
                0x0000000000204054                sys_exit
 .text._activate_alarm_cyclic_alarm2
                0x0000000000204058        0xc ./build/kernel_cfg.o
 .text._activate_alarm_cyclic_alarm1
                0x0000000000204064        0xc ./build/kernel_cfg.o
 .text.object_initialize
                0x0000000000204070       0x18 ./build/kernel_cfg.o
                0x0000000000204070                object_initialize
 .text.init_OS_flag
                0x0000000000204088        0xc ./build/ecrobot_base.o
                0x0000000000204088                init_OS_flag
 .text.set_OS_flag
                0x0000000000204094        0xc ./build/ecrobot_base.o
                0x0000000000204094                set_OS_flag
 .text.get_OS_flag
                0x00000000002040a0        0xc ./build/ecrobot_base.o
                0x00000000002040a0                get_OS_flag
 .text.cpp_constructor
                0x00000000002040ac       0x28 ./build/ecrobot_base.o
                0x00000000002040ac                cpp_constructor
 .text.cpp_destructor
                0x00000000002040d4       0x28 ./build/ecrobot_base.o
                0x00000000002040d4                cpp_destructor
 .text.execution_mode
                0x00000000002040fc       0x14 ./build/ecrobot_base.o
                0x00000000002040fc                execution_mode
 .text.check_NXT_buttons
                0x0000000000204110       0x7c ./build/ecrobot_base.o
                0x0000000000204110                check_NXT_buttons
 .text.add_status_info
                0x000000000020418c       0x68 ./build/ecrobot_base.o
                0x000000000020418c                add_status_info
 .text.show_main_screen
                0x00000000002041f4       0x48 ./build/ecrobot_base.o
                0x00000000002041f4                show_main_screen
 .text.display_status_bar
                0x000000000020423c       0x5c ./build/ecrobot_base.o
                0x000000000020423c                display_status_bar
 .text.show_splash_screen
                0x0000000000204298       0x98 ./build/ecrobot_base.o
                0x0000000000204298                show_splash_screen
 .text.main     0x0000000000204330      0x104 ./build/ecrobot.o
                0x0000000000204330                main
 .text.Planificateur_I_In1
                0x0000000000204434        0xc ./build/Planificateur.o
                0x0000000000204434                Planificateur_I_In1
 .text.Planificateur_I_In2
                0x0000000000204440        0xc ./build/Planificateur.o
                0x0000000000204440                Planificateur_I_In2
 .text.Planificateur_reset
                0x000000000020444c       0x14 ./build/Planificateur.o
                0x000000000020444c                Planificateur_reset
 .text.Planificateur_step
                0x0000000000204460       0xe4 ./build/Planificateur.o
                0x0000000000204460                Planificateur_step
 .text.Regulateur_I_In1
                0x0000000000204544        0xc ./build/Regulateur.o
                0x0000000000204544                Regulateur_I_In1
 .text.Regulateur_I_In2
                0x0000000000204550        0xc ./build/Regulateur.o
                0x0000000000204550                Regulateur_I_In2
 .text.Regulateur_I_In3
                0x000000000020455c        0xc ./build/Regulateur.o
                0x000000000020455c                Regulateur_I_In3
 .text.Regulateur_reset
                0x0000000000204568       0x10 ./build/Regulateur.o
                0x0000000000204568                Regulateur_reset
 .text.Regulateur_step
                0x0000000000204578      0x18c ./build/Regulateur.o
                0x0000000000204578                Regulateur_step
 .text.Planificateur_O_Out1
                0x0000000000204704       0x2c ./build/controleur_glue.o
                0x0000000000204704                Planificateur_O_Out1
 .text.TaskMainPlanificateur
                0x0000000000204730       0x54 ./build/controleur_glue.o
                0x0000000000204730                TaskMainPlanificateur
 .text.show_var
                0x0000000000204784       0x4c ./build/controleur_glue.o
                0x0000000000204784                show_var
 .text.TaskMainRegulateur
                0x00000000002047d0       0xe4 ./build/controleur_glue.o
                0x00000000002047d0                TaskMainRegulateur
 .text.Planificateur_O_bool1
                0x00000000002048b4       0x18 ./build/controleur_glue.o
                0x00000000002048b4                Planificateur_O_bool1
 .text.Planificateur_O_bool2
                0x00000000002048cc       0x18 ./build/controleur_glue.o
                0x00000000002048cc                Planificateur_O_bool2
 .text.Regulateur_O_Out2
                0x00000000002048e4       0x44 ./build/controleur_glue.o
                0x00000000002048e4                Regulateur_O_Out2
 .text.Regulateur_O_Out1
                0x0000000000204928       0x44 ./build/controleur_glue.o
                0x0000000000204928                Regulateur_O_Out1
 .text.usr_init
                0x000000000020496c       0xd4 ./build/controleur_glue.o
                0x000000000020496c                usr_init
 .text.ecrobot_device_terminate
                0x0000000000204a40       0x18 ./build/controleur_glue.o
                0x0000000000204a40                ecrobot_device_terminate
 .text.ecrobot_device_initialize
                0x0000000000204a58       0x18 ./build/controleur_glue.o
                0x0000000000204a58                ecrobot_device_initialize
 .text.user_1ms_isr_type2
                0x0000000000204a70       0x1c ./build/controleur_glue.o
                0x0000000000204a70                user_1ms_isr_type2
 *fill*         0x0000000000204a8c        0x4 00
 .text          0x0000000000204a90      0x230 ./build/cpu_support.o
                0x0000000000204a90                dispatch
                0x0000000000204ad0                activate_r
                0x0000000000204b00                exit_and_dispatch
                0x0000000000204b10                start_dispatch
                0x0000000000204bcc                _interrupt
                0x0000000000204c3c                int_return
                0x0000000000204c68                disable_int
                0x0000000000204c70                enable_int
                0x0000000000204c78                nop
 .text.ecrobot_set_light_sensor_active
                0x0000000000204cc0       0x10 /user/5/raymond/mdl2lus2osek/current/nxtOSEK/ecrobot/libecrobot.a(ecrobot_interface.o)
                0x0000000000204cc0                ecrobot_set_light_sensor_active
 .text.ecrobot_set_light_sensor_inactive
                0x0000000000204cd0       0x10 /user/5/raymond/mdl2lus2osek/current/nxtOSEK/ecrobot/libecrobot.a(ecrobot_interface.o)
                0x0000000000204cd0                ecrobot_set_light_sensor_inactive
 .text.ecrobot_get_light_sensor
                0x0000000000204ce0       0x14 /user/5/raymond/mdl2lus2osek/current/nxtOSEK/ecrobot/libecrobot.a(ecrobot_interface.o)
                0x0000000000204ce0                ecrobot_get_light_sensor
 .text.ecrobot_init_i2c
                0x0000000000204cf4       0x28 /user/5/raymond/mdl2lus2osek/current/nxtOSEK/ecrobot/libecrobot.a(ecrobot_interface.o)
                0x0000000000204cf4                ecrobot_init_i2c
 .text.ecrobot_init_sonar_sensor
                0x0000000000204d1c       0x10 /user/5/raymond/mdl2lus2osek/current/nxtOSEK/ecrobot/libecrobot.a(ecrobot_interface.o)
                0x0000000000204d1c                ecrobot_init_sonar_sensor
 .text.ecrobot_get_sonar_sensor
                0x0000000000204d2c       0x48 /user/5/raymond/mdl2lus2osek/current/nxtOSEK/ecrobot/libecrobot.a(ecrobot_interface.o)
                0x0000000000204d2c                ecrobot_get_sonar_sensor
 .text.ecrobot_term_sonar_sensor
                0x0000000000204d74       0x20 /user/5/raymond/mdl2lus2osek/current/nxtOSEK/ecrobot/libecrobot.a(ecrobot_interface.o)
                0x0000000000204d74                ecrobot_term_sonar_sensor
 .text.ecrobot_get_battery_voltage
                0x0000000000204d94        0xc /user/5/raymond/mdl2lus2osek/current/nxtOSEK/ecrobot/libecrobot.a(ecrobot_interface.o)
                0x0000000000204d94                ecrobot_get_battery_voltage
 .text.ecrobot_get_button_state
                0x0000000000204da0        0xc /user/5/raymond/mdl2lus2osek/current/nxtOSEK/ecrobot/libecrobot.a(ecrobot_interface.o)
                0x0000000000204da0                ecrobot_get_button_state
 .text.ecrobot_init_nxtstate
                0x0000000000204dac       0x28 /user/5/raymond/mdl2lus2osek/current/nxtOSEK/ecrobot/libecrobot.a(ecrobot_interface.o)
                0x0000000000204dac                ecrobot_init_nxtstate
 .text.ecrobot_poll_nxtstate
                0x0000000000204dd4       0x64 /user/5/raymond/mdl2lus2osek/current/nxtOSEK/ecrobot/libecrobot.a(ecrobot_interface.o)
                0x0000000000204dd4                ecrobot_poll_nxtstate
 .text.ecrobot_setDeviceInitialized
                0x0000000000204e38       0x14 /user/5/raymond/mdl2lus2osek/current/nxtOSEK/ecrobot/libecrobot.a(ecrobot_interface.o)
                0x0000000000204e38                ecrobot_setDeviceInitialized
 .text.ecrobot_bmp2lcd
                0x0000000000204e4c      0x1c8 /user/5/raymond/mdl2lus2osek/current/nxtOSEK/ecrobot/libecrobot.a(ecrobot_interface.o)
                0x0000000000204e4c                ecrobot_bmp2lcd
 .text.ecrobot_is_ENTER_button_pressed
                0x0000000000205014       0x10 /user/5/raymond/mdl2lus2osek/current/nxtOSEK/ecrobot/libecrobot.a(ecrobot_interface.o)
                0x0000000000205014                ecrobot_is_ENTER_button_pressed
 .text.StartupHook
                0x0000000000205024        0x4 /user/5/raymond/mdl2lus2osek/current/nxtOSEK/ecrobot/libecrobot.a(osek_hook.o)
                0x0000000000205024                StartupHook
 .text.PreTaskHook
                0x0000000000205028        0x4 /user/5/raymond/mdl2lus2osek/current/nxtOSEK/ecrobot/libecrobot.a(osek_hook.o)
                0x0000000000205028                PreTaskHook
 .text.PostTaskHook
                0x000000000020502c        0x4 /user/5/raymond/mdl2lus2osek/current/nxtOSEK/ecrobot/libecrobot.a(osek_hook.o)
                0x000000000020502c                PostTaskHook
 .text.ErrorHook
                0x0000000000205030        0x4 /user/5/raymond/mdl2lus2osek/current/nxtOSEK/ecrobot/libecrobot.a(osek_hook.o)
                0x0000000000205030                ErrorHook
 .text.ShutdownHook
                0x0000000000205034        0x4 /user/5/raymond/mdl2lus2osek/current/nxtOSEK/ecrobot/libecrobot.a(osek_hook.o)
                0x0000000000205034                ShutdownHook
 .text          0x0000000000205038       0x8c /user/5/.base/raymond/home/mdl2lus2osek/gnu-arm/4.4.2.nxt.x86_64.2013/bin/../lib/gcc/arm-elf/4.4.2/thumb/interwork/libgcc.a(_udivsi3.o)
                0x0000000000205038                __udivsi3
                0x0000000000205038                __aeabi_uidiv
                0x00000000002050b4                __aeabi_uidivmod
 .text          0x00000000002050c4       0xa4 /user/5/.base/raymond/home/mdl2lus2osek/gnu-arm/4.4.2.nxt.x86_64.2013/bin/../lib/gcc/arm-elf/4.4.2/thumb/interwork/libgcc.a(_divsi3.o)
                0x00000000002050c4                __aeabi_idiv
                0x00000000002050c4                __divsi3
                0x0000000000205158                __aeabi_idivmod
 .text          0x0000000000205168       0xc8 /user/5/.base/raymond/home/mdl2lus2osek/gnu-arm/4.4.2.nxt.x86_64.2013/bin/../lib/gcc/arm-elf/4.4.2/thumb/interwork/libgcc.a(_umodsi3.o)
                0x0000000000205168                __umodsi3
 .text          0x0000000000205230        0x4 /user/5/.base/raymond/home/mdl2lus2osek/gnu-arm/4.4.2.nxt.x86_64.2013/bin/../lib/gcc/arm-elf/4.4.2/thumb/interwork/libgcc.a(_dvmd_tls.o)
                0x0000000000205230                __aeabi_ldiv0
                0x0000000000205230                __div0
                0x0000000000205230                __aeabi_idiv0
 .text          0x0000000000205234      0x430 /user/5/.base/raymond/home/mdl2lus2osek/gnu-arm/4.4.2.nxt.x86_64.2013/bin/../lib/gcc/arm-elf/4.4.2/thumb/interwork/libgcc.a(_arm_addsubdf3.o)
                0x0000000000205234                __aeabi_drsub
                0x000000000020523c                __aeabi_dsub
                0x000000000020523c                __subdf3
                0x0000000000205240                __adddf3
                0x0000000000205240                __aeabi_dadd
                0x0000000000205550                __aeabi_ui2d
                0x0000000000205550                __floatunsidf
                0x0000000000205578                __floatsidf
                0x0000000000205578                __aeabi_i2d
                0x00000000002055a4                __extendsfdf2
                0x00000000002055a4                __aeabi_f2d
                0x00000000002055e4                __aeabi_ul2d
                0x00000000002055e4                __floatundidf
                0x00000000002055f8                __floatdidf
                0x00000000002055f8                __aeabi_l2d
 .text          0x0000000000205664      0x49c /user/5/.base/raymond/home/mdl2lus2osek/gnu-arm/4.4.2.nxt.x86_64.2013/bin/../lib/gcc/arm-elf/4.4.2/thumb/interwork/libgcc.a(_arm_muldivdf3.o)
                0x0000000000205664                __aeabi_dmul
                0x0000000000205664                __muldf3
                0x00000000002058f4                __aeabi_ddiv
                0x00000000002058f4                __divdf3
 .text          0x0000000000205b00      0x140 /user/5/.base/raymond/home/mdl2lus2osek/gnu-arm/4.4.2.nxt.x86_64.2013/bin/../lib/gcc/arm-elf/4.4.2/thumb/interwork/libgcc.a(_arm_cmpdf2.o)
                0x0000000000205b00                __gtdf2
                0x0000000000205b00                __gedf2
                0x0000000000205b08                __ltdf2
                0x0000000000205b08                __ledf2
                0x0000000000205b10                __cmpdf2
                0x0000000000205b10                __eqdf2
                0x0000000000205b10                __nedf2
                0x0000000000205b94                __aeabi_cdrcmple
                0x0000000000205bb0                __aeabi_cdcmple
                0x0000000000205bb0                __aeabi_cdcmpeq
                0x0000000000205bc8                __aeabi_dcmpeq
                0x0000000000205be0                __aeabi_dcmplt
                0x0000000000205bf8                __aeabi_dcmple
                0x0000000000205c10                __aeabi_dcmpge
                0x0000000000205c28                __aeabi_dcmpgt
 .text          0x0000000000205c40       0x5c /user/5/.base/raymond/home/mdl2lus2osek/gnu-arm/4.4.2.nxt.x86_64.2013/bin/../lib/gcc/arm-elf/4.4.2/thumb/interwork/libgcc.a(_arm_fixdfsi.o)
                0x0000000000205c40                __fixdfsi
                0x0000000000205c40                __aeabi_d2iz
 .text          0x0000000000205c9c       0x98 /user/5/.base/raymond/home/mdl2lus2osek/gnu-arm/4.4.2.nxt.x86_64.2013/bin/../lib/gcc/arm-elf/4.4.2/../../../../arm-elf/lib/thumb/interwork/libc.a(lib_a-memset.o)
                0x0000000000205c9c                memset
 .text          0x0000000000205d34       0x10 /user/5/.base/raymond/home/mdl2lus2osek/gnu-arm/4.4.2.nxt.x86_64.2013/bin/../lib/gcc/arm-elf/4.4.2/../../../../arm-elf/lib/thumb/interwork/libc.a(lib_a-strcpy.o)
                0x0000000000205d34                strcpy
 .text          0x0000000000205d44       0x10 /user/5/.base/raymond/home/mdl2lus2osek/gnu-arm/4.4.2.nxt.x86_64.2013/bin/../lib/gcc/arm-elf/4.4.2/../../../../arm-elf/lib/thumb/interwork/libc.a(lib_a-strlen.o)
                0x0000000000205d44                strlen
                0x0000000000205d60                . = ALIGN (0x10)
 *fill*         0x0000000000205d54        0xc 00
 *(*.rodata *.rodata.*)
 .rodata.search_table.1033
                0x0000000000205d60       0x10 ./build/task.o
 .rodata.tnum_resource
                0x0000000000205d70        0x1 ./build/kernel_cfg.o
                0x0000000000205d70                tnum_resource
 *fill*         0x0000000000205d71        0x3 00
 .rodata.alminib_cback
                0x0000000000205d74        0x8 ./build/kernel_cfg.o
                0x0000000000205d74                alminib_cback
 .rodata.alminib_cntid
                0x0000000000205d7c        0x4 ./build/kernel_cfg.o
                0x0000000000205d7c                alminib_cntid
 .rodata.tinib_maxact
                0x0000000000205d80        0x4 ./build/kernel_cfg.o
                0x0000000000205d80                tinib_maxact
 .rodata.lcd    0x0000000000205d84        0x1 ./build/kernel_cfg.o
                0x0000000000205d84                lcd
 *fill*         0x0000000000205d85        0x3 00
 .rodata.cntinib_tickbase
                0x0000000000205d88        0x4 ./build/kernel_cfg.o
                0x0000000000205d88                cntinib_tickbase
 .rodata.tnum_task
                0x0000000000205d8c        0x1 ./build/kernel_cfg.o
                0x0000000000205d8c                tnum_task
 *fill*         0x0000000000205d8d        0x3 00
 .rodata.cntinib_maxval
                0x0000000000205d90        0x4 ./build/kernel_cfg.o
                0x0000000000205d90                cntinib_maxval
 .rodata.alminib_almval
                0x0000000000205d94        0x8 ./build/kernel_cfg.o
                0x0000000000205d94                alminib_almval
 .rodata.tinib_stksz
                0x0000000000205d9c        0x4 ./build/kernel_cfg.o
                0x0000000000205d9c                tinib_stksz
 .rodata.alminib_cycle
                0x0000000000205da0        0x8 ./build/kernel_cfg.o
                0x0000000000205da0                alminib_cycle
 .rodata.tinib_inipri
                0x0000000000205da8        0x4 ./build/kernel_cfg.o
                0x0000000000205da8                tinib_inipri
 .rodata.tnum_counter
                0x0000000000205dac        0x1 ./build/kernel_cfg.o
                0x0000000000205dac                tnum_counter
 *fill*         0x0000000000205dad        0x3 00
 .rodata.cntinib_maxval2
                0x0000000000205db0        0x4 ./build/kernel_cfg.o
                0x0000000000205db0                cntinib_maxval2
 .rodata.tinib_stk
                0x0000000000205db4        0x8 ./build/kernel_cfg.o
                0x0000000000205db4                tinib_stk
 .rodata.tnum_exttask
                0x0000000000205dbc        0x1 ./build/kernel_cfg.o
                0x0000000000205dbc                tnum_exttask
 *fill*         0x0000000000205dbd        0x3 00
 .rodata.tinib_exepri
                0x0000000000205dc0        0x4 ./build/kernel_cfg.o
                0x0000000000205dc0                tinib_exepri
 .rodata.tinib_autoact
                0x0000000000205dc4        0x4 ./build/kernel_cfg.o
                0x0000000000205dc4                tinib_autoact
 .rodata.SysTimerCnt
                0x0000000000205dc8        0x1 ./build/kernel_cfg.o
                0x0000000000205dc8                SysTimerCnt
 *fill*         0x0000000000205dc9        0x3 00
 .rodata.isrinib_intpri
                0x0000000000205dcc        0x4 ./build/kernel_cfg.o
                0x0000000000205dcc                isrinib_intpri
 .rodata.tnum_alarm
                0x0000000000205dd0        0x1 ./build/kernel_cfg.o
                0x0000000000205dd0                tnum_alarm
 *fill*         0x0000000000205dd1        0x3 00
 .rodata.resinib_ceilpri
                0x0000000000205dd4        0x4 ./build/kernel_cfg.o
                0x0000000000205dd4                resinib_ceilpri
 .rodata.tinib_task
                0x0000000000205dd8        0x8 ./build/kernel_cfg.o
                0x0000000000205dd8                tinib_task
 .rodata.alminib_autosta
                0x0000000000205de0        0x4 ./build/kernel_cfg.o
                0x0000000000205de0                alminib_autosta
 .rodata.str1.1
                0x0000000000205de4       0x6c ./build/ecrobot_base.o
 .rodata.exec_addr
                0x0000000000205e50        0x4 ./build/ecrobot_base.o
                0x0000000000205e50                exec_addr
 .rodata.str1.1
                0x0000000000205e54       0x57 ./build/controleur_glue.o
 *fill*         0x0000000000205eab        0x5 00
 .rodata.str1.1.stub
                0x0000000000205eb0       0x80 linker stubs
                0x0000000000205f30                . = ALIGN (0x10)
 *fill*         0x0000000000205f30        0x0 00
 *(*.gnu.linkonce.* .gcc_except_table)
                0x0000000000205f30                . = ALIGN (0x10)

.vfp11_veneer   0x00000000002036d0        0x0
 .vfp11_veneer  0x0000000000000000        0x0 linker stubs

.v4_bx          0x00000000002036d0        0x0
 .v4_bx         0x0000000000000000        0x0 linker stubs

.tors           0x0000000000205f30        0x0
                0x0000000000205f30                . = ALIGN (0x10)
                0x0000000000205f30                __ctor_begin = .
 *(*.ctors*)
                0x0000000000205f30                __ctor_end = .
                0x0000000000205f30                . = ALIGN (0x10)
                0x0000000000205f30                __dtor_begin = .
 *(*.dtors*)
                0x0000000000205f30                __dtor_end = .
                0x0000000000205f30                . = ALIGN (0x10)

.bss            0x0000000000205f30     0x12cc
 *(*.bss *.bss.*)
 .bss.ready_queue_first
                0x0000000000205f30       0x10 ./build/task.o
 .bss.ready_primap
                0x0000000000205f40        0x2 ./build/task.o
 *fill*         0x0000000000205f42        0x2 00
 .bss.ready_queue_last
                0x0000000000205f44       0x10 ./build/task.o
 .bss._stack_Planificateur
                0x0000000000205f54      0x200 ./build/kernel_cfg.o
 .bss._stack_Regulateur
                0x0000000000206154      0x200 ./build/kernel_cfg.o
 .bss.last_act_time.2732
                0x0000000000206354        0x4 ./build/ecrobot_base.o
 .bss.status_bar_position
                0x0000000000206358        0x4 ./build/ecrobot_base.o
 .bss.lcd.2654  0x000000000020635c      0x320 ./build/ecrobot_base.o
 .bss.status_bar
                0x000000000020667c       0x10 ./build/ecrobot_base.o
 .bss.OS_flag   0x000000000020668c        0x4 ./build/ecrobot_base.o
 .bss.ctx       0x0000000000206690       0x38 ./build/Planificateur.o
 .bss.ctx       0x00000000002066c8       0x38 ./build/Regulateur.o
 .bss.capteur_detect
                0x0000000000206700        0x8 ./build/controleur_glue.o
                0x0000000000206700                capteur_detect
 .bss.buttons_i
                0x0000000000206708        0x4 /user/5/raymond/mdl2lus2osek/current/nxtOSEK/ecrobot/libecrobot.a(ecrobot_interface.o)
 .bss.buttons_states
                0x000000000020670c       0x14 /user/5/raymond/mdl2lus2osek/current/nxtOSEK/ecrobot/libecrobot.a(ecrobot_interface.o)
 .bss.ecrobot_inputs
                0x0000000000206720        0x8 /user/5/raymond/mdl2lus2osek/current/nxtOSEK/ecrobot/libecrobot.a(ecrobot_interface.o)
 .bss.systick_ms
                0x0000000000206728        0x4 /user/5/raymond/mdl2lus2osek/current/nxtOSEK/ecrobot/libecrobot.a(systick.oram)
 .bss.delayedEnable
                0x000000000020672c        0x1 /user/5/raymond/mdl2lus2osek/current/nxtOSEK/ecrobot/libecrobot.a(udp.oram)
 *fill*         0x000000000020672d        0x3 00
 .bss.outCnt    0x0000000000206730        0x4 /user/5/raymond/mdl2lus2osek/current/nxtOSEK/ecrobot/libecrobot.a(udp.oram)
 .bss.outPtr    0x0000000000206734        0x4 /user/5/raymond/mdl2lus2osek/current/nxtOSEK/ecrobot/libecrobot.a(udp.oram)
 .bss.newAddress
                0x0000000000206738        0x4 /user/5/raymond/mdl2lus2osek/current/nxtOSEK/ecrobot/libecrobot.a(udp.oram)
 .bss.currentRxBank
                0x000000000020673c        0x4 /user/5/raymond/mdl2lus2osek/current/nxtOSEK/ecrobot/libecrobot.a(udp.oram)
 .bss.currentFeatures
                0x0000000000206740        0x4 /user/5/raymond/mdl2lus2osek/current/nxtOSEK/ecrobot/libecrobot.a(udp.oram)
 .bss.currentConfig
                0x0000000000206744        0x1 /user/5/raymond/mdl2lus2osek/current/nxtOSEK/ecrobot/libecrobot.a(udp.oram)
 *fill*         0x0000000000206745        0x3 00
 .bss.twi_mask  0x0000000000206748        0x4 /user/5/raymond/mdl2lus2osek/current/nxtOSEK/ecrobot/libecrobot.a(twi.oram)
 .bss.twi_ptr   0x000000000020674c        0x4 /user/5/raymond/mdl2lus2osek/current/nxtOSEK/ecrobot/libecrobot.a(twi.oram)
 .bss.twi_pending
                0x0000000000206750        0x4 /user/5/raymond/mdl2lus2osek/current/nxtOSEK/ecrobot/libecrobot.a(twi.oram)
 .bss.twi_state
                0x0000000000206754        0x4 /user/5/raymond/mdl2lus2osek/current/nxtOSEK/ecrobot/libecrobot.a(twi.oram)
 .bss.page      0x0000000000206758        0x1 /user/5/raymond/mdl2lus2osek/current/nxtOSEK/ecrobot/libecrobot.a(nxt_spi.oram)
                0x0000000000206758                page
 .bss.dirty     0x0000000000206759        0x1 /user/5/raymond/mdl2lus2osek/current/nxtOSEK/ecrobot/libecrobot.a(nxt_spi.oram)
                0x0000000000206759                dirty
 *fill*         0x000000000020675a        0x2 00
 .bss.display   0x000000000020675c        0x4 /user/5/raymond/mdl2lus2osek/current/nxtOSEK/ecrobot/libecrobot.a(nxt_spi.oram)
                0x000000000020675c                display
 .bss.interrupts_this_period
                0x0000000000206760        0x4 /user/5/raymond/mdl2lus2osek/current/nxtOSEK/ecrobot/libecrobot.a(nxt_motors.oram)
 .bss.nxt_motor_initialised
                0x0000000000206764        0x4 /user/5/raymond/mdl2lus2osek/current/nxtOSEK/ecrobot/libecrobot.a(nxt_motors.oram)
 .bss.motor     0x0000000000206768       0x30 /user/5/raymond/mdl2lus2osek/current/nxtOSEK/ecrobot/libecrobot.a(nxt_motors.oram)
 .bss.display_tick
                0x0000000000206798        0x4 /user/5/raymond/mdl2lus2osek/current/nxtOSEK/ecrobot/libecrobot.a(display.oram)
                0x0000000000206798                display_tick
 .bss.display_array
                0x000000000020679c      0x388 /user/5/raymond/mdl2lus2osek/current/nxtOSEK/ecrobot/libecrobot.a(display.oram)
 .bss.i2c_int_count
                0x0000000000206b24        0x4 /user/5/raymond/mdl2lus2osek/current/nxtOSEK/ecrobot/libecrobot.a(i2c.oram)
 .bss.i2c_port  0x0000000000206b28      0x170 /user/5/raymond/mdl2lus2osek/current/nxtOSEK/ecrobot/libecrobot.a(i2c.oram)
 .bss.sound_mode
                0x0000000000206c98        0x1 /user/5/raymond/mdl2lus2osek/current/nxtOSEK/ecrobot/libecrobot.a(sound.oram)
                0x0000000000206c98                sound_mode
 *fill*         0x0000000000206c99        0x3 00
 .bss.in_buf_idx
                0x0000000000206c9c        0x4 /user/5/raymond/mdl2lus2osek/current/nxtOSEK/ecrobot/libecrobot.a(bt.oram)
 .bss.buf_ptr   0x0000000000206ca0        0x4 /user/5/raymond/mdl2lus2osek/current/nxtOSEK/ecrobot/libecrobot.a(bt.oram)
 .bss.out_buf_ptr
                0x0000000000206ca4        0x1 /user/5/raymond/mdl2lus2osek/current/nxtOSEK/ecrobot/libecrobot.a(bt.oram)
 .bss.in_buf_in_ptr
                0x0000000000206ca5        0x1 /user/5/raymond/mdl2lus2osek/current/nxtOSEK/ecrobot/libecrobot.a(bt.oram)
 .bss.in_buf    0x0000000000206ca6      0x100 /user/5/raymond/mdl2lus2osek/current/nxtOSEK/ecrobot/libecrobot.a(bt.oram)
 *fill*         0x0000000000206da6        0x2 00
 .bss.link_state
                0x0000000000206da8        0x4 /user/5/raymond/mdl2lus2osek/current/nxtOSEK/ecrobot/libecrobot.a(nxt_avr.oram)
 .bss.update_count
                0x0000000000206dac        0x4 /user/5/raymond/mdl2lus2osek/current/nxtOSEK/ecrobot/libecrobot.a(nxt_avr.oram)
 .bss.nxt_avr_stats
                0x0000000000206db0       0x14 /user/5/raymond/mdl2lus2osek/current/nxtOSEK/ecrobot/libecrobot.a(nxt_avr.oram)
 .bss.debounce_cnt
                0x0000000000206dc4        0x2 /user/5/raymond/mdl2lus2osek/current/nxtOSEK/ecrobot/libecrobot.a(nxt_avr.oram)
 .bss.debounce_state
                0x0000000000206dc6        0x2 /user/5/raymond/mdl2lus2osek/current/nxtOSEK/ecrobot/libecrobot.a(nxt_avr.oram)
 .bss.button_state
                0x0000000000206dc8        0x2 /user/5/raymond/mdl2lus2osek/current/nxtOSEK/ecrobot/libecrobot.a(nxt_avr.oram)
 .bss.prev_buttons
                0x0000000000206dca        0x2 /user/5/raymond/mdl2lus2osek/current/nxtOSEK/ecrobot/libecrobot.a(nxt_avr.oram)
 .bss.from_buf  0x0000000000206dcc        0x4 /user/5/raymond/mdl2lus2osek/current/nxtOSEK/ecrobot/libecrobot.a(nxt_avr.oram)
 .bss.io_from_avr
                0x0000000000206dd0        0x4 /user/5/raymond/mdl2lus2osek/current/nxtOSEK/ecrobot/libecrobot.a(nxt_avr.oram)
 .bss.data_from_avr
                0x0000000000206dd4       0x1a /user/5/raymond/mdl2lus2osek/current/nxtOSEK/ecrobot/libecrobot.a(nxt_avr.oram)
 .bss.data_to_avr
                0x0000000000206dee        0x9 /user/5/raymond/mdl2lus2osek/current/nxtOSEK/ecrobot/libecrobot.a(nxt_avr.oram)
 .bss.io_to_avr
                0x0000000000206df7        0x8 /user/5/raymond/mdl2lus2osek/current/nxtOSEK/ecrobot/libecrobot.a(nxt_avr.oram)
 *fill*         0x0000000000206dff        0x1 00
 .bss.display   0x0000000000206e00        0x4 /user/5/raymond/mdl2lus2osek/current/nxtOSEK/ecrobot/libecrobot.a(nxt_lcd.oram)
                0x0000000000206e10                . = ALIGN (0x10)
 *fill*         0x0000000000206e04        0xc 00
                0x0000000000206e10                __bss_end__ = .
 COMMON         0x0000000000206e10        0x2 ./build/interrupt.o
                0x0000000000206e10                runisr
                0x0000000000206e11                sus_all_cnt
 *fill*         0x0000000000206e12        0x2 00
 COMMON         0x0000000000206e14       0x10 ./build/osctl.o
                0x0000000000206e14                callevel
                0x0000000000206e15                _errorhook_svcid
                0x0000000000206e16                appmode
                0x0000000000206e18                _errorhook_par1
                0x0000000000206e1c                _errorhook_par3
                0x0000000000206e20                _errorhook_par2
 COMMON         0x0000000000206e24        0x3 ./build/task.o
                0x0000000000206e24                runtsk
                0x0000000000206e25                schedtsk
                0x0000000000206e26                nextpri
 *fill*         0x0000000000206e27        0x1 00
 COMMON         0x0000000000206e28       0x58 ./build/kernel_cfg.o
                0x0000000000206e28                tcb_waievt
                0x0000000000206e2c                rescb_prevpri
                0x0000000000206e30                almcb_prev
                0x0000000000206e34                tcb_lastres
                0x0000000000206e38                almcb_almval
                0x0000000000206e40                tcxb_pc
                0x0000000000206e48                tcb_next
                0x0000000000206e4c                tcb_curpri
                0x0000000000206e50                tcb_tstat
                0x0000000000206e54                isrcb_lastres
                0x0000000000206e58                cntcb_almque
                0x0000000000206e5c                rescb_prevres
                0x0000000000206e60                tcb_actcnt
                0x0000000000206e64                tcb_curevt
                0x0000000000206e68                almcb_cycle
                0x0000000000206e70                tcxb_sp
                0x0000000000206e78                almcb_next
                0x0000000000206e7c                cntcb_curval
 COMMON         0x0000000000206e80       0x10 ./build/controleur_glue.o
                0x0000000000206e80                noirD
                0x0000000000206e84                blancD
                0x0000000000206e88                blancG
                0x0000000000206e8c                noirG
 COMMON         0x0000000000206e90       0x44 /user/5/raymond/mdl2lus2osek/current/nxtOSEK/ecrobot/libecrobot.a(uart.oram)
                0x0000000000206e90                uart
 COMMON         0x0000000000206ed4        0x4 /user/5/raymond/mdl2lus2osek/current/nxtOSEK/ecrobot/libecrobot.a(data_abort.oram)
                0x0000000000206ed4                data_abort_pc
 COMMON         0x0000000000206ed8        0x8 /user/5/raymond/mdl2lus2osek/current/nxtOSEK/ecrobot/libecrobot.a(display.oram)
                0x0000000000206ed8                display_x
                0x0000000000206edc                display_y
 COMMON         0x0000000000206ee0      0x31c /user/5/raymond/mdl2lus2osek/current/nxtOSEK/ecrobot/libecrobot.a(sound.oram)
                0x0000000000206ee0                sample
                0x0000000000205f30                __bss_start__ = ADDR (.bss)
                0x00000000002071fc                __bss_end__ = (ADDR (.bss) + SIZEOF (.bss))
                0x00000000002071fc                PROVIDE (end, .)

.heap_area      0x00000000002071fc     0x897c
                0x000000000020fb78                . = (. + (0x20fb78 - end))
 *fill*         0x00000000002071fc     0x897c 00

.stack          0x000000000020fb78      0x488
                0x000000000020fbf8                . = (. + 0x80)
 *fill*         0x000000000020fb78       0x80 00
                0x000000000020fc00                . = ALIGN (0x10)
 *fill*         0x000000000020fbf8        0x8 00
                0x000000000020fc00                __irq_stack__ = .
                0x000000000020fc00                __system_stack_bottom__ = .
                0x0000000000210000                . = (. + 0x400)
 *fill*         0x000000000020fc00      0x400 00
                0x0000000000210000                . = ALIGN (0x10)
                0x0000000000210000                __system_stack__ = .
                0x0000000000210000                __system_stack_top__ = .
                0x000000000020fb78                __stack_start__ = ADDR (.stack)
                0x0000000000210000                __stack_end__ = (ADDR (.stack) + SIZEOF (.stack))
OUTPUT(Robot_rxe.elf elf32-littlearm)

.comment        0x0000000000000000      0x18b
 .comment       0x0000000000000000       0x11 ./build/alarm.o
                                         0x12 (size before relaxing)
 .comment       0x0000000000000000       0x12 ./build/event.o
 .comment       0x0000000000000000       0x12 ./build/interrupt.o
 .comment       0x0000000000000000       0x12 ./build/osctl.o
 .comment       0x0000000000000000       0x12 ./build/resource.o
 .comment       0x0000000000000000       0x12 ./build/task.o
 .comment       0x0000000000000000       0x12 ./build/task_manage.o
 .comment       0x0000000000000000       0x12 ./build/cpu_config.o
 .comment       0x0000000000000000       0x12 ./build/sys_config.o
 .comment       0x0000000000000000       0x12 ./build/kernel_cfg.o
 .comment       0x0000000000000000       0x12 ./build/syscalls.o
 .comment       0x0000000000000000       0x12 ./build/ecrobot_bluetooth.o
 .comment       0x0000000000000000       0x12 ./build/ecrobot_base.o
 .comment       0x0000000000000000       0x12 ./build/ecrobot.o
 .comment       0x0000000000000000       0x12 ./build/Planificateur.o
 .comment       0x0000000000000000       0x12 ./build/Regulateur.o
 .comment       0x0000000000000000       0x12 ./build/controleur_glue.o
 .comment       0x0000000000000000       0x12 ./build/hw_sys_timer.oram
 .comment       0x0000000000000011       0x12 /user/5/raymond/mdl2lus2osek/current/nxtOSEK/ecrobot/libecrobot.a(ecrobot_interface.o)
 .comment       0x0000000000000023       0x12 /user/5/raymond/mdl2lus2osek/current/nxtOSEK/ecrobot/libecrobot.a(osek_hook.o)
 .comment       0x0000000000000035       0x12 /user/5/raymond/mdl2lus2osek/current/nxtOSEK/ecrobot/libecrobot.a(uart.oram)
 .comment       0x0000000000000047       0x12 /user/5/raymond/mdl2lus2osek/current/nxtOSEK/ecrobot/libecrobot.a(systick.oram)
 .comment       0x0000000000000059       0x12 /user/5/raymond/mdl2lus2osek/current/nxtOSEK/ecrobot/libecrobot.a(byte_fifo.oram)
 .comment       0x000000000000006b       0x12 /user/5/raymond/mdl2lus2osek/current/nxtOSEK/ecrobot/libecrobot.a(aic.oram)
 .comment       0x000000000000007d       0x12 /user/5/raymond/mdl2lus2osek/current/nxtOSEK/ecrobot/libecrobot.a(udp.oram)
 .comment       0x000000000000008f       0x12 /user/5/raymond/mdl2lus2osek/current/nxtOSEK/ecrobot/libecrobot.a(twi.oram)
 .comment       0x00000000000000a1       0x12 /user/5/raymond/mdl2lus2osek/current/nxtOSEK/ecrobot/libecrobot.a(nxt_spi.oram)
 .comment       0x00000000000000b3       0x12 /user/5/raymond/mdl2lus2osek/current/nxtOSEK/ecrobot/libecrobot.a(nxt_motors.oram)
 .comment       0x00000000000000c5       0x12 /user/5/raymond/mdl2lus2osek/current/nxtOSEK/ecrobot/libecrobot.a(data_abort.oram)
 .comment       0x00000000000000d7       0x12 /user/5/raymond/mdl2lus2osek/current/nxtOSEK/ecrobot/libecrobot.a(display.oram)
 .comment       0x00000000000000e9       0x12 /user/5/raymond/mdl2lus2osek/current/nxtOSEK/ecrobot/libecrobot.a(i2c.oram)
 .comment       0x00000000000000fb       0x12 /user/5/raymond/mdl2lus2osek/current/nxtOSEK/ecrobot/libecrobot.a(sound.oram)
 .comment       0x000000000000010d       0x12 /user/5/raymond/mdl2lus2osek/current/nxtOSEK/ecrobot/libecrobot.a(bt.oram)
 .comment       0x000000000000011f       0x12 /user/5/raymond/mdl2lus2osek/current/nxtOSEK/ecrobot/libecrobot.a(nxt_avr.oram)
 .comment       0x0000000000000131       0x12 /user/5/raymond/mdl2lus2osek/current/nxtOSEK/ecrobot/libecrobot.a(sensors.oram)
 .comment       0x0000000000000143       0x12 /user/5/raymond/mdl2lus2osek/current/nxtOSEK/ecrobot/libecrobot.a(nxt_lcd.oram)
 .comment       0x0000000000000155       0x12 /user/5/raymond/mdl2lus2osek/current/nxtOSEK/ecrobot/libecrobot.a(flash_loader.oram)
 .comment       0x0000000000000167       0x12 /user/5/raymond/mdl2lus2osek/current/nxtOSEK/ecrobot/libecrobot.a(ecrobot_usb.o)
 .comment       0x0000000000000179       0x12 /user/5/raymond/mdl2lus2osek/current/nxtOSEK/ecrobot/libecrobot.a(flashprog.oram)
 .comment       0x0000000000000000       0x12 /user/5/.base/raymond/home/mdl2lus2osek/gnu-arm/4.4.2.nxt.x86_64.2013/bin/../lib/gcc/arm-elf/4.4.2/thumb/interwork/libgcc.a(_muldi3.o)
 .comment       0x0000000000000000       0x12 /user/5/.base/raymond/home/mdl2lus2osek/gnu-arm/4.4.2.nxt.x86_64.2013/bin/../lib/gcc/arm-elf/4.4.2/thumb/interwork/libgcc.a(_divdi3.o)
 .comment       0x0000000000000000       0x12 /user/5/.base/raymond/home/mdl2lus2osek/gnu-arm/4.4.2.nxt.x86_64.2013/bin/../lib/gcc/arm-elf/4.4.2/../../../../arm-elf/lib/thumb/interwork/libc.a(lib_a-memcpy.o)
 .comment       0x0000000000000000       0x12 /user/5/.base/raymond/home/mdl2lus2osek/gnu-arm/4.4.2.nxt.x86_64.2013/bin/../lib/gcc/arm-elf/4.4.2/../../../../arm-elf/lib/thumb/interwork/libc.a(lib_a-memset.o)
 .comment       0x0000000000000000       0x12 /user/5/.base/raymond/home/mdl2lus2osek/gnu-arm/4.4.2.nxt.x86_64.2013/bin/../lib/gcc/arm-elf/4.4.2/../../../../arm-elf/lib/thumb/interwork/libc.a(lib_a-strcmp.o)
 .comment       0x0000000000000000       0x12 /user/5/.base/raymond/home/mdl2lus2osek/gnu-arm/4.4.2.nxt.x86_64.2013/bin/../lib/gcc/arm-elf/4.4.2/../../../../arm-elf/lib/thumb/interwork/libc.a(lib_a-strcpy.o)
 .comment       0x0000000000000000       0x12 /user/5/.base/raymond/home/mdl2lus2osek/gnu-arm/4.4.2.nxt.x86_64.2013/bin/../lib/gcc/arm-elf/4.4.2/../../../../arm-elf/lib/thumb/interwork/libc.a(lib_a-strlen.o)
 .comment       0x0000000000000000       0x12 /user/5/.base/raymond/home/mdl2lus2osek/gnu-arm/4.4.2.nxt.x86_64.2013/bin/../lib/gcc/arm-elf/4.4.2/../../../../arm-elf/lib/thumb/interwork/libc.a(lib_a-strncpy.o)

.ARM.attributes
                0x0000000000000000       0x10
 .ARM.attributes
                0x0000000000000000       0x10 ./build/alarm.o
 .ARM.attributes
                0x0000000000000010       0x10 ./build/event.o
 .ARM.attributes
                0x0000000000000020       0x10 ./build/interrupt.o
 .ARM.attributes
                0x0000000000000030       0x10 ./build/osctl.o
 .ARM.attributes
                0x0000000000000040       0x10 ./build/resource.o
 .ARM.attributes
                0x0000000000000050       0x10 ./build/task.o
 .ARM.attributes
                0x0000000000000060       0x10 ./build/task_manage.o
 .ARM.attributes
                0x0000000000000070       0x10 ./build/cpu_config.o
 .ARM.attributes
                0x0000000000000080       0x10 ./build/sys_config.o
 .ARM.attributes
                0x0000000000000090       0x10 ./build/kernel_cfg.o
 .ARM.attributes
                0x00000000000000a0       0x10 ./build/syscalls.o
 .ARM.attributes
                0x00000000000000b0       0x10 ./build/ecrobot_bluetooth.o
 .ARM.attributes
                0x00000000000000c0       0x10 ./build/ecrobot_base.o
 .ARM.attributes
                0x00000000000000d0       0x10 ./build/ecrobot.o
 .ARM.attributes
                0x00000000000000e0       0x10 ./build/Planificateur.o
 .ARM.attributes
                0x00000000000000f0       0x10 ./build/Regulateur.o
 .ARM.attributes
                0x0000000000000100       0x10 ./build/controleur_glue.o
 .ARM.attributes
                0x0000000000000110       0x10 ./build/hw_sys_timer.oram
 .ARM.attributes
                0x0000000000000120       0x10 ./build/vectors.o
 .ARM.attributes
                0x0000000000000130       0x10 ./build/debug.o
 .ARM.attributes
                0x0000000000000140       0x10 ./build/sys_support.o
 .ARM.attributes
                0x0000000000000150       0x10 ./build/nxt_binary_header.o
 .ARM.attributes
                0x0000000000000160       0x10 ./build/nxt_entry_point.o
 .ARM.attributes
                0x0000000000000170       0x10 ./build/ecrobot_init.o
 .ARM.attributes
                0x0000000000000180       0x10 ./build/cpu_support.o
 .ARM.attributes
                0x0000000000000190       0x10 ./build/irq.oram
 .ARM.attributes
                0x00000000000001a0       0x10 /user/5/.base/raymond/home/mdl2lus2osek/gnu-arm/4.4.2.nxt.x86_64.2013/bin/../lib/gcc/arm-elf/4.4.2/thumb/interwork/libgcc.a(_udivsi3.o)
 .ARM.attributes
                0x00000000000001b0       0x10 /user/5/.base/raymond/home/mdl2lus2osek/gnu-arm/4.4.2.nxt.x86_64.2013/bin/../lib/gcc/arm-elf/4.4.2/thumb/interwork/libgcc.a(_divsi3.o)
 .ARM.attributes
                0x00000000000001c0       0x10 /user/5/.base/raymond/home/mdl2lus2osek/gnu-arm/4.4.2.nxt.x86_64.2013/bin/../lib/gcc/arm-elf/4.4.2/thumb/interwork/libgcc.a(_umodsi3.o)
 .ARM.attributes
                0x00000000000001d0       0x10 /user/5/.base/raymond/home/mdl2lus2osek/gnu-arm/4.4.2.nxt.x86_64.2013/bin/../lib/gcc/arm-elf/4.4.2/thumb/interwork/libgcc.a(_modsi3.o)
 .ARM.attributes
                0x00000000000001e0       0x10 /user/5/.base/raymond/home/mdl2lus2osek/gnu-arm/4.4.2.nxt.x86_64.2013/bin/../lib/gcc/arm-elf/4.4.2/thumb/interwork/libgcc.a(_dvmd_tls.o)
 .ARM.attributes
                0x00000000000001f0       0x10 /user/5/.base/raymond/home/mdl2lus2osek/gnu-arm/4.4.2.nxt.x86_64.2013/bin/../lib/gcc/arm-elf/4.4.2/thumb/interwork/libgcc.a(_arm_addsubdf3.o)
 .ARM.attributes
                0x0000000000000200       0x10 /user/5/.base/raymond/home/mdl2lus2osek/gnu-arm/4.4.2.nxt.x86_64.2013/bin/../lib/gcc/arm-elf/4.4.2/thumb/interwork/libgcc.a(_arm_muldivdf3.o)
 .ARM.attributes
                0x0000000000000210       0x10 /user/5/.base/raymond/home/mdl2lus2osek/gnu-arm/4.4.2.nxt.x86_64.2013/bin/../lib/gcc/arm-elf/4.4.2/thumb/interwork/libgcc.a(_arm_cmpdf2.o)
 .ARM.attributes
                0x0000000000000220       0x10 /user/5/.base/raymond/home/mdl2lus2osek/gnu-arm/4.4.2.nxt.x86_64.2013/bin/../lib/gcc/arm-elf/4.4.2/thumb/interwork/libgcc.a(_arm_fixdfsi.o)
 .ARM.attributes
                0x0000000000000230       0x10 /user/5/.base/raymond/home/mdl2lus2osek/gnu-arm/4.4.2.nxt.x86_64.2013/bin/../lib/gcc/arm-elf/4.4.2/thumb/interwork/libgcc.a(_muldi3.o)
 .ARM.attributes
                0x0000000000000240       0x10 /user/5/.base/raymond/home/mdl2lus2osek/gnu-arm/4.4.2.nxt.x86_64.2013/bin/../lib/gcc/arm-elf/4.4.2/thumb/interwork/libgcc.a(_divdi3.o)
 .ARM.attributes
                0x0000000000000250       0x10 /user/5/.base/raymond/home/mdl2lus2osek/gnu-arm/4.4.2.nxt.x86_64.2013/bin/../lib/gcc/arm-elf/4.4.2/thumb/interwork/libgcc.a(_clzsi2.o)
 .ARM.attributes
                0x0000000000000260       0x10 /user/5/.base/raymond/home/mdl2lus2osek/gnu-arm/4.4.2.nxt.x86_64.2013/bin/../lib/gcc/arm-elf/4.4.2/../../../../arm-elf/lib/thumb/interwork/libc.a(lib_a-memcpy.o)
 .ARM.attributes
                0x0000000000000270       0x10 /user/5/.base/raymond/home/mdl2lus2osek/gnu-arm/4.4.2.nxt.x86_64.2013/bin/../lib/gcc/arm-elf/4.4.2/../../../../arm-elf/lib/thumb/interwork/libc.a(lib_a-memset.o)
 .ARM.attributes
                0x0000000000000280       0x10 /user/5/.base/raymond/home/mdl2lus2osek/gnu-arm/4.4.2.nxt.x86_64.2013/bin/../lib/gcc/arm-elf/4.4.2/../../../../arm-elf/lib/thumb/interwork/libc.a(lib_a-strcmp.o)
 .ARM.attributes
                0x0000000000000290       0x10 /user/5/.base/raymond/home/mdl2lus2osek/gnu-arm/4.4.2.nxt.x86_64.2013/bin/../lib/gcc/arm-elf/4.4.2/../../../../arm-elf/lib/thumb/interwork/libc.a(lib_a-strcpy.o)
 .ARM.attributes
                0x00000000000002a0       0x10 /user/5/.base/raymond/home/mdl2lus2osek/gnu-arm/4.4.2.nxt.x86_64.2013/bin/../lib/gcc/arm-elf/4.4.2/../../../../arm-elf/lib/thumb/interwork/libc.a(lib_a-strlen.o)
 .ARM.attributes
                0x00000000000002b0       0x10 /user/5/.base/raymond/home/mdl2lus2osek/gnu-arm/4.4.2.nxt.x86_64.2013/bin/../lib/gcc/arm-elf/4.4.2/../../../../arm-elf/lib/thumb/interwork/libc.a(lib_a-strncpy.o)
 .ARM.attributes
                0x00000000000002c0       0x10 ./build/vectors.o

.debug_frame    0x0000000000000000       0xa0
 .debug_frame   0x0000000000000000       0x28 /user/5/.base/raymond/home/mdl2lus2osek/gnu-arm/4.4.2.nxt.x86_64.2013/bin/../lib/gcc/arm-elf/4.4.2/thumb/interwork/libgcc.a(_udivsi3.o)
 .debug_frame   0x0000000000000028       0x28 /user/5/.base/raymond/home/mdl2lus2osek/gnu-arm/4.4.2.nxt.x86_64.2013/bin/../lib/gcc/arm-elf/4.4.2/thumb/interwork/libgcc.a(_divsi3.o)
 .debug_frame   0x0000000000000050       0x28 /user/5/.base/raymond/home/mdl2lus2osek/gnu-arm/4.4.2.nxt.x86_64.2013/bin/../lib/gcc/arm-elf/4.4.2/thumb/interwork/libgcc.a(_umodsi3.o)
 .debug_frame   0x0000000000000078       0x28 /user/5/.base/raymond/home/mdl2lus2osek/gnu-arm/4.4.2.nxt.x86_64.2013/bin/../lib/gcc/arm-elf/4.4.2/thumb/interwork/libgcc.a(_modsi3.o)

.debug_line     0x0000000000000000     0x10dc
 .debug_line    0x0000000000000000       0x9b /user/5/.base/raymond/home/mdl2lus2osek/gnu-arm/4.4.2.nxt.x86_64.2013/bin/../lib/gcc/arm-elf/4.4.2/thumb/interwork/libgcc.a(_udivsi3.o)
 .debug_line    0x000000000000009b       0xa7 /user/5/.base/raymond/home/mdl2lus2osek/gnu-arm/4.4.2.nxt.x86_64.2013/bin/../lib/gcc/arm-elf/4.4.2/thumb/interwork/libgcc.a(_divsi3.o)
 .debug_line    0x0000000000000142       0x93 /user/5/.base/raymond/home/mdl2lus2osek/gnu-arm/4.4.2.nxt.x86_64.2013/bin/../lib/gcc/arm-elf/4.4.2/thumb/interwork/libgcc.a(_umodsi3.o)
 .debug_line    0x00000000000001d5       0x9c /user/5/.base/raymond/home/mdl2lus2osek/gnu-arm/4.4.2.nxt.x86_64.2013/bin/../lib/gcc/arm-elf/4.4.2/thumb/interwork/libgcc.a(_modsi3.o)
 .debug_line    0x0000000000000271       0x85 /user/5/.base/raymond/home/mdl2lus2osek/gnu-arm/4.4.2.nxt.x86_64.2013/bin/../lib/gcc/arm-elf/4.4.2/thumb/interwork/libgcc.a(_dvmd_tls.o)
 .debug_line    0x00000000000002f6      0x18d /user/5/.base/raymond/home/mdl2lus2osek/gnu-arm/4.4.2.nxt.x86_64.2013/bin/../lib/gcc/arm-elf/4.4.2/thumb/interwork/libgcc.a(_arm_addsubdf3.o)
 .debug_line    0x0000000000000483      0x1a2 /user/5/.base/raymond/home/mdl2lus2osek/gnu-arm/4.4.2.nxt.x86_64.2013/bin/../lib/gcc/arm-elf/4.4.2/thumb/interwork/libgcc.a(_arm_muldivdf3.o)
 .debug_line    0x0000000000000625       0xcf /user/5/.base/raymond/home/mdl2lus2osek/gnu-arm/4.4.2.nxt.x86_64.2013/bin/../lib/gcc/arm-elf/4.4.2/thumb/interwork/libgcc.a(_arm_cmpdf2.o)
 .debug_line    0x00000000000006f4       0x9a /user/5/.base/raymond/home/mdl2lus2osek/gnu-arm/4.4.2.nxt.x86_64.2013/bin/../lib/gcc/arm-elf/4.4.2/thumb/interwork/libgcc.a(_arm_fixdfsi.o)
 .debug_line    0x000000000000078e       0x90 /user/5/.base/raymond/home/mdl2lus2osek/gnu-arm/4.4.2.nxt.x86_64.2013/bin/../lib/gcc/arm-elf/4.4.2/thumb/interwork/libgcc.a(_muldi3.o)
 .debug_line    0x000000000000081e       0xf1 /user/5/.base/raymond/home/mdl2lus2osek/gnu-arm/4.4.2.nxt.x86_64.2013/bin/../lib/gcc/arm-elf/4.4.2/thumb/interwork/libgcc.a(_divdi3.o)
 .debug_line    0x000000000000090f       0x92 /user/5/.base/raymond/home/mdl2lus2osek/gnu-arm/4.4.2.nxt.x86_64.2013/bin/../lib/gcc/arm-elf/4.4.2/thumb/interwork/libgcc.a(_clzsi2.o)
 .debug_line    0x00000000000009a1      0x180 /user/5/.base/raymond/home/mdl2lus2osek/gnu-arm/4.4.2.nxt.x86_64.2013/bin/../lib/gcc/arm-elf/4.4.2/../../../../arm-elf/lib/thumb/interwork/libc.a(lib_a-memcpy.o)
 .debug_line    0x0000000000000b21      0x17b /user/5/.base/raymond/home/mdl2lus2osek/gnu-arm/4.4.2.nxt.x86_64.2013/bin/../lib/gcc/arm-elf/4.4.2/../../../../arm-elf/lib/thumb/interwork/libc.a(lib_a-memset.o)
 .debug_line    0x0000000000000c9c       0xd5 /user/5/.base/raymond/home/mdl2lus2osek/gnu-arm/4.4.2.nxt.x86_64.2013/bin/../lib/gcc/arm-elf/4.4.2/../../../../arm-elf/lib/thumb/interwork/libc.a(lib_a-strcmp.o)
 .debug_line    0x0000000000000d71       0xd5 /user/5/.base/raymond/home/mdl2lus2osek/gnu-arm/4.4.2.nxt.x86_64.2013/bin/../lib/gcc/arm-elf/4.4.2/../../../../arm-elf/lib/thumb/interwork/libc.a(lib_a-strcpy.o)
 .debug_line    0x0000000000000e46      0x141 /user/5/.base/raymond/home/mdl2lus2osek/gnu-arm/4.4.2.nxt.x86_64.2013/bin/../lib/gcc/arm-elf/4.4.2/../../../../arm-elf/lib/thumb/interwork/libc.a(lib_a-strlen.o)
 .debug_line    0x0000000000000f87      0x155 /user/5/.base/raymond/home/mdl2lus2osek/gnu-arm/4.4.2.nxt.x86_64.2013/bin/../lib/gcc/arm-elf/4.4.2/../../../../arm-elf/lib/thumb/interwork/libc.a(lib_a-strncpy.o)

.debug_info     0x0000000000000000     0x1641
 .debug_info    0x0000000000000000       0xd1 /user/5/.base/raymond/home/mdl2lus2osek/gnu-arm/4.4.2.nxt.x86_64.2013/bin/../lib/gcc/arm-elf/4.4.2/thumb/interwork/libgcc.a(_udivsi3.o)
 .debug_info    0x00000000000000d1       0xd1 /user/5/.base/raymond/home/mdl2lus2osek/gnu-arm/4.4.2.nxt.x86_64.2013/bin/../lib/gcc/arm-elf/4.4.2/thumb/interwork/libgcc.a(_divsi3.o)
 .debug_info    0x00000000000001a2       0xd1 /user/5/.base/raymond/home/mdl2lus2osek/gnu-arm/4.4.2.nxt.x86_64.2013/bin/../lib/gcc/arm-elf/4.4.2/thumb/interwork/libgcc.a(_umodsi3.o)
 .debug_info    0x0000000000000273       0xd1 /user/5/.base/raymond/home/mdl2lus2osek/gnu-arm/4.4.2.nxt.x86_64.2013/bin/../lib/gcc/arm-elf/4.4.2/thumb/interwork/libgcc.a(_modsi3.o)
 .debug_info    0x0000000000000344       0xd1 /user/5/.base/raymond/home/mdl2lus2osek/gnu-arm/4.4.2.nxt.x86_64.2013/bin/../lib/gcc/arm-elf/4.4.2/thumb/interwork/libgcc.a(_dvmd_tls.o)
 .debug_info    0x0000000000000415       0xd0 /user/5/.base/raymond/home/mdl2lus2osek/gnu-arm/4.4.2.nxt.x86_64.2013/bin/../lib/gcc/arm-elf/4.4.2/thumb/interwork/libgcc.a(_arm_addsubdf3.o)
 .debug_info    0x00000000000004e5       0xd0 /user/5/.base/raymond/home/mdl2lus2osek/gnu-arm/4.4.2.nxt.x86_64.2013/bin/../lib/gcc/arm-elf/4.4.2/thumb/interwork/libgcc.a(_arm_muldivdf3.o)
 .debug_info    0x00000000000005b5       0xd0 /user/5/.base/raymond/home/mdl2lus2osek/gnu-arm/4.4.2.nxt.x86_64.2013/bin/../lib/gcc/arm-elf/4.4.2/thumb/interwork/libgcc.a(_arm_cmpdf2.o)
 .debug_info    0x0000000000000685       0xd0 /user/5/.base/raymond/home/mdl2lus2osek/gnu-arm/4.4.2.nxt.x86_64.2013/bin/../lib/gcc/arm-elf/4.4.2/thumb/interwork/libgcc.a(_arm_fixdfsi.o)
 .debug_info    0x0000000000000755      0x20e /user/5/.base/raymond/home/mdl2lus2osek/gnu-arm/4.4.2.nxt.x86_64.2013/bin/../lib/gcc/arm-elf/4.4.2/thumb/interwork/libgcc.a(_muldi3.o)
 .debug_info    0x0000000000000963      0x669 /user/5/.base/raymond/home/mdl2lus2osek/gnu-arm/4.4.2.nxt.x86_64.2013/bin/../lib/gcc/arm-elf/4.4.2/thumb/interwork/libgcc.a(_divdi3.o)
 .debug_info    0x0000000000000fcc       0xd1 /user/5/.base/raymond/home/mdl2lus2osek/gnu-arm/4.4.2.nxt.x86_64.2013/bin/../lib/gcc/arm-elf/4.4.2/thumb/interwork/libgcc.a(_clzsi2.o)
 .debug_info    0x000000000000109d      0x13e /user/5/.base/raymond/home/mdl2lus2osek/gnu-arm/4.4.2.nxt.x86_64.2013/bin/../lib/gcc/arm-elf/4.4.2/../../../../arm-elf/lib/thumb/interwork/libc.a(lib_a-memcpy.o)
 .debug_info    0x00000000000011db      0x111 /user/5/.base/raymond/home/mdl2lus2osek/gnu-arm/4.4.2.nxt.x86_64.2013/bin/../lib/gcc/arm-elf/4.4.2/../../../../arm-elf/lib/thumb/interwork/libc.a(lib_a-memset.o)
 .debug_info    0x00000000000012ec       0xaf /user/5/.base/raymond/home/mdl2lus2osek/gnu-arm/4.4.2.nxt.x86_64.2013/bin/../lib/gcc/arm-elf/4.4.2/../../../../arm-elf/lib/thumb/interwork/libc.a(lib_a-strcmp.o)
 .debug_info    0x000000000000139b       0xb7 /user/5/.base/raymond/home/mdl2lus2osek/gnu-arm/4.4.2.nxt.x86_64.2013/bin/../lib/gcc/arm-elf/4.4.2/../../../../arm-elf/lib/thumb/interwork/libc.a(lib_a-strcpy.o)
 .debug_info    0x0000000000001452       0xcb /user/5/.base/raymond/home/mdl2lus2osek/gnu-arm/4.4.2.nxt.x86_64.2013/bin/../lib/gcc/arm-elf/4.4.2/../../../../arm-elf/lib/thumb/interwork/libc.a(lib_a-strlen.o)
 .debug_info    0x000000000000151d      0x124 /user/5/.base/raymond/home/mdl2lus2osek/gnu-arm/4.4.2.nxt.x86_64.2013/bin/../lib/gcc/arm-elf/4.4.2/../../../../arm-elf/lib/thumb/interwork/libc.a(lib_a-strncpy.o)

.debug_abbrev   0x0000000000000000      0x688
 .debug_abbrev  0x0000000000000000       0x14 /user/5/.base/raymond/home/mdl2lus2osek/gnu-arm/4.4.2.nxt.x86_64.2013/bin/../lib/gcc/arm-elf/4.4.2/thumb/interwork/libgcc.a(_udivsi3.o)
 .debug_abbrev  0x0000000000000014       0x14 /user/5/.base/raymond/home/mdl2lus2osek/gnu-arm/4.4.2.nxt.x86_64.2013/bin/../lib/gcc/arm-elf/4.4.2/thumb/interwork/libgcc.a(_divsi3.o)
 .debug_abbrev  0x0000000000000028       0x14 /user/5/.base/raymond/home/mdl2lus2osek/gnu-arm/4.4.2.nxt.x86_64.2013/bin/../lib/gcc/arm-elf/4.4.2/thumb/interwork/libgcc.a(_umodsi3.o)
 .debug_abbrev  0x000000000000003c       0x14 /user/5/.base/raymond/home/mdl2lus2osek/gnu-arm/4.4.2.nxt.x86_64.2013/bin/../lib/gcc/arm-elf/4.4.2/thumb/interwork/libgcc.a(_modsi3.o)
 .debug_abbrev  0x0000000000000050       0x14 /user/5/.base/raymond/home/mdl2lus2osek/gnu-arm/4.4.2.nxt.x86_64.2013/bin/../lib/gcc/arm-elf/4.4.2/thumb/interwork/libgcc.a(_dvmd_tls.o)
 .debug_abbrev  0x0000000000000064       0x14 /user/5/.base/raymond/home/mdl2lus2osek/gnu-arm/4.4.2.nxt.x86_64.2013/bin/../lib/gcc/arm-elf/4.4.2/thumb/interwork/libgcc.a(_arm_addsubdf3.o)
 .debug_abbrev  0x0000000000000078       0x14 /user/5/.base/raymond/home/mdl2lus2osek/gnu-arm/4.4.2.nxt.x86_64.2013/bin/../lib/gcc/arm-elf/4.4.2/thumb/interwork/libgcc.a(_arm_muldivdf3.o)
 .debug_abbrev  0x000000000000008c       0x14 /user/5/.base/raymond/home/mdl2lus2osek/gnu-arm/4.4.2.nxt.x86_64.2013/bin/../lib/gcc/arm-elf/4.4.2/thumb/interwork/libgcc.a(_arm_cmpdf2.o)
 .debug_abbrev  0x00000000000000a0       0x14 /user/5/.base/raymond/home/mdl2lus2osek/gnu-arm/4.4.2.nxt.x86_64.2013/bin/../lib/gcc/arm-elf/4.4.2/thumb/interwork/libgcc.a(_arm_fixdfsi.o)
 .debug_abbrev  0x00000000000000b4       0xf5 /user/5/.base/raymond/home/mdl2lus2osek/gnu-arm/4.4.2.nxt.x86_64.2013/bin/../lib/gcc/arm-elf/4.4.2/thumb/interwork/libgcc.a(_muldi3.o)
 .debug_abbrev  0x00000000000001a9      0x169 /user/5/.base/raymond/home/mdl2lus2osek/gnu-arm/4.4.2.nxt.x86_64.2013/bin/../lib/gcc/arm-elf/4.4.2/thumb/interwork/libgcc.a(_divdi3.o)
 .debug_abbrev  0x0000000000000312       0x14 /user/5/.base/raymond/home/mdl2lus2osek/gnu-arm/4.4.2.nxt.x86_64.2013/bin/../lib/gcc/arm-elf/4.4.2/thumb/interwork/libgcc.a(_clzsi2.o)
 .debug_abbrev  0x0000000000000326       0xa0 /user/5/.base/raymond/home/mdl2lus2osek/gnu-arm/4.4.2.nxt.x86_64.2013/bin/../lib/gcc/arm-elf/4.4.2/../../../../arm-elf/lib/thumb/interwork/libc.a(lib_a-memcpy.o)
 .debug_abbrev  0x00000000000003c6       0xa1 /user/5/.base/raymond/home/mdl2lus2osek/gnu-arm/4.4.2.nxt.x86_64.2013/bin/../lib/gcc/arm-elf/4.4.2/../../../../arm-elf/lib/thumb/interwork/libc.a(lib_a-memset.o)
 .debug_abbrev  0x0000000000000467       0x76 /user/5/.base/raymond/home/mdl2lus2osek/gnu-arm/4.4.2.nxt.x86_64.2013/bin/../lib/gcc/arm-elf/4.4.2/../../../../arm-elf/lib/thumb/interwork/libc.a(lib_a-strcmp.o)
 .debug_abbrev  0x00000000000004dd       0x76 /user/5/.base/raymond/home/mdl2lus2osek/gnu-arm/4.4.2.nxt.x86_64.2013/bin/../lib/gcc/arm-elf/4.4.2/../../../../arm-elf/lib/thumb/interwork/libc.a(lib_a-strcpy.o)
 .debug_abbrev  0x0000000000000553       0x92 /user/5/.base/raymond/home/mdl2lus2osek/gnu-arm/4.4.2.nxt.x86_64.2013/bin/../lib/gcc/arm-elf/4.4.2/../../../../arm-elf/lib/thumb/interwork/libc.a(lib_a-strlen.o)
 .debug_abbrev  0x00000000000005e5       0xa3 /user/5/.base/raymond/home/mdl2lus2osek/gnu-arm/4.4.2.nxt.x86_64.2013/bin/../lib/gcc/arm-elf/4.4.2/../../../../arm-elf/lib/thumb/interwork/libc.a(lib_a-strncpy.o)

.debug_aranges  0x0000000000000000      0x240
 .debug_aranges
                0x0000000000000000       0x20 /user/5/.base/raymond/home/mdl2lus2osek/gnu-arm/4.4.2.nxt.x86_64.2013/bin/../lib/gcc/arm-elf/4.4.2/thumb/interwork/libgcc.a(_udivsi3.o)
 .debug_aranges
                0x0000000000000020       0x20 /user/5/.base/raymond/home/mdl2lus2osek/gnu-arm/4.4.2.nxt.x86_64.2013/bin/../lib/gcc/arm-elf/4.4.2/thumb/interwork/libgcc.a(_divsi3.o)
 .debug_aranges
                0x0000000000000040       0x20 /user/5/.base/raymond/home/mdl2lus2osek/gnu-arm/4.4.2.nxt.x86_64.2013/bin/../lib/gcc/arm-elf/4.4.2/thumb/interwork/libgcc.a(_umodsi3.o)
 .debug_aranges
                0x0000000000000060       0x20 /user/5/.base/raymond/home/mdl2lus2osek/gnu-arm/4.4.2.nxt.x86_64.2013/bin/../lib/gcc/arm-elf/4.4.2/thumb/interwork/libgcc.a(_modsi3.o)
 .debug_aranges
                0x0000000000000080       0x20 /user/5/.base/raymond/home/mdl2lus2osek/gnu-arm/4.4.2.nxt.x86_64.2013/bin/../lib/gcc/arm-elf/4.4.2/thumb/interwork/libgcc.a(_dvmd_tls.o)
 .debug_aranges
                0x00000000000000a0       0x20 /user/5/.base/raymond/home/mdl2lus2osek/gnu-arm/4.4.2.nxt.x86_64.2013/bin/../lib/gcc/arm-elf/4.4.2/thumb/interwork/libgcc.a(_arm_addsubdf3.o)
 .debug_aranges
                0x00000000000000c0       0x20 /user/5/.base/raymond/home/mdl2lus2osek/gnu-arm/4.4.2.nxt.x86_64.2013/bin/../lib/gcc/arm-elf/4.4.2/thumb/interwork/libgcc.a(_arm_muldivdf3.o)
 .debug_aranges
                0x00000000000000e0       0x20 /user/5/.base/raymond/home/mdl2lus2osek/gnu-arm/4.4.2.nxt.x86_64.2013/bin/../lib/gcc/arm-elf/4.4.2/thumb/interwork/libgcc.a(_arm_cmpdf2.o)
 .debug_aranges